SESSION MODE gear=0 mode=NORMAL_PHOTO vout=0 fpsTarget=30
CAMRUN BEGIN ts=1789974666720 gear=0 analyze=640x480 show=960x960 rotation=90 settleMs=45000 warmupFrames=10 window=30 detModel=models/y5fu_320x_head_fp32.ms recModel=models/rpv3_mdict_160_r3.ms analyzeTargetW=640 fpsTarget=30
STREAM START show=960x960 analyze=640x480 rot=90 mode=NORMAL_PHOTO vout=0 fpsTarget=30
STAGE n=0 conv=9.9827 infer=204.5248 count=0 wh=480x640 rgbaSum=99596937 stages=-
STAGE n=0 conv=3.5911 infer=27.1517 count=0 wh=480x640 rgbaSum=116717508 stages=-
GEAR SWITCH -> 8 (视频+推理(全 NPU)：60fps 供给下测产能) settle restarts
STAGE n=0 conv=2.5813 infer=63.3597 count=0 wh=480x640 rgbaSum=117021416 stages=-
SESSION MODE gear=8 mode=NORMAL_VIDEO vout=1 fpsTarget=60
STREAM START show=960x960 analyze=640x480 rot=90 mode=NORMAL_VIDEO vout=1 fpsTarget=60
STAGE n=0 conv=2.1678 infer=12.1808 count=0 wh=480x640 rgbaSum=133890249 stages=-
STAGE n=30 conv=3.4031 infer=16.4263 count=0 wh=480x640 rgbaSum=134909378 stages=-
STAGE n=60 conv=3.1128 infer=10.1402 count=0 wh=480x640 rgbaSum=71231203 stages=-
STAGE n=90 conv=2.7237 infer=10.3394 count=0 wh=480x640 rgbaSum=155622130 stages=-
STAGE n=120 conv=3.4138 infer=17.2155 count=0 wh=480x640 rgbaSum=132569213 stages=-
STAGE n=150 conv=2.8619 infer=12.8531 count=0 wh=480x640 rgbaSum=134913687 stages=-
STAGE n=180 conv=2.6919 infer=11.3887 count=0 wh=480x640 rgbaSum=134195876 stages=-
STAGE n=210 conv=2.6588 infer=11.7731 count=0 wh=480x640 rgbaSum=134327262 stages=-
STAGE n=240 conv=3.4392 infer=9.6947 count=0 wh=480x640 rgbaSum=133941981 stages=-
STAGE n=270 conv=3.1047 infer=11.0944 count=0 wh=480x640 rgbaSum=133776048 stages=-
STAGE n=300 conv=3.6700 infer=12.3070 count=0 wh=480x640 rgbaSum=133621753 stages=-
STAGE n=330 conv=3.0080 infer=10.4850 count=0 wh=480x640 rgbaSum=133617931 stages=-
STAGE n=360 conv=4.0769 infer=10.5241 count=0 wh=480x640 rgbaSum=133523054 stages=-
STAGE n=390 conv=4.4811 infer=11.7806 count=0 wh=480x640 rgbaSum=133551397 stages=-
STAGE n=420 conv=5.9344 infer=21.8397 count=0 wh=480x640 rgbaSum=133591428 stages=-
STAGE n=450 conv=5.2767 infer=13.7344 count=0 wh=480x640 rgbaSum=133902961 stages=-
STAGE n=480 conv=3.5908 infer=11.5739 count=0 wh=480x640 rgbaSum=133989110 stages=-
STAGE n=510 conv=4.4064 infer=13.6166 count=0 wh=480x640 rgbaSum=133980763 stages=-
STAGE n=540 conv=4.2942 infer=12.8058 count=0 wh=480x640 rgbaSum=134026305 stages=-
STAGE n=570 conv=3.2028 infer=12.3380 count=0 wh=480x640 rgbaSum=133905029 stages=-
STAGE n=600 conv=2.6080 infer=11.2358 count=0 wh=480x640 rgbaSum=133959286 stages=-
STAGE n=630 conv=2.9705 infer=11.3648 count=0 wh=480x640 rgbaSum=133903558 stages=-
STAGE n=660 conv=3.3191 infer=11.7287 count=0 wh=480x640 rgbaSum=134057021 stages=-
STAGE n=690 conv=2.6237 infer=11.9050 count=0 wh=480x640 rgbaSum=133917966 stages=-
STAGE n=720 conv=2.8803 infer=17.9902 count=0 wh=480x640 rgbaSum=133878674 stages=-
STAGE n=750 conv=3.2986 infer=13.3373 count=0 wh=480x640 rgbaSum=133936726 stages=-
STAGE n=780 conv=2.5472 infer=14.9886 count=0 wh=480x640 rgbaSum=133808754 stages=-
STAGE n=810 conv=3.1248 infer=12.3156 count=0 wh=480x640 rgbaSum=133867227 stages=-
STAGE n=840 conv=3.0813 infer=11.7311 count=0 wh=480x640 rgbaSum=133850991 stages=-
STAGE n=870 conv=2.7689 infer=14.8072 count=0 wh=480x640 rgbaSum=133837760 stages=-
STAGE n=900 conv=2.5733 infer=12.0817 count=0 wh=480x640 rgbaSum=133844769 stages=-
STAGE n=930 conv=2.6472 infer=18.7902 count=0 wh=480x640 rgbaSum=133800297 stages=-
STAGE n=960 conv=3.7675 infer=13.5987 count=0 wh=480x640 rgbaSum=133688803 stages=-
STAGE n=990 conv=4.0189 infer=12.2281 count=0 wh=480x640 rgbaSum=133897913 stages=-
STAGE n=1020 conv=2.9525 infer=20.5397 count=0 wh=480x640 rgbaSum=133894978 stages=-
STAGE n=1050 conv=3.4028 infer=12.7598 count=0 wh=480x640 rgbaSum=134164468 stages=-
STAGE n=1080 conv=2.9314 infer=20.1850 count=0 wh=480x640 rgbaSum=134413437 stages=-
STAGE n=1110 conv=6.8252 infer=16.0675 count=0 wh=480x640 rgbaSum=134067755 stages=-
STAGE n=1140 conv=5.5159 infer=12.7625 count=0 wh=480x640 rgbaSum=134201954 stages=-
STAGE n=1170 conv=4.2509 infer=14.0338 count=0 wh=480x640 rgbaSum=134121970 stages=-
STAGE n=1200 conv=10.1294 infer=17.0430 count=0 wh=480x640 rgbaSum=134168043 stages=-
STAGE n=1230 conv=3.8653 infer=15.0358 count=0 wh=480x640 rgbaSum=134025469 stages=-
STAGE n=1260 conv=4.5558 infer=14.0042 count=0 wh=480x640 rgbaSum=127173227 stages=-
STAGE n=1290 conv=6.3983 infer=13.4638 count=0 wh=480x640 rgbaSum=123559024 stages=-
STAGE n=1320 conv=4.0138 infer=13.1287 count=0 wh=480x640 rgbaSum=122683361 stages=-
STAGE n=1350 conv=2.5013 infer=11.7038 count=0 wh=480x640 rgbaSum=122280238 stages=-
STAGE n=1380 conv=3.0528 infer=12.5762 count=0 wh=480x640 rgbaSum=122130232 stages=-
STAGE n=1410 conv=3.8672 infer=15.4995 count=0 wh=480x640 rgbaSum=122393584 stages=-
STAGE n=1440 conv=3.1712 infer=12.2759 count=0 wh=480x640 rgbaSum=123669861 stages=-
STAGE n=1470 conv=2.7539 infer=20.9742 count=0 wh=480x640 rgbaSum=123977385 stages=-
STAGE n=1500 conv=2.7636 infer=20.2878 count=0 wh=480x640 rgbaSum=122535114 stages=-
STAGE n=1530 conv=2.4414 infer=15.8944 count=0 wh=480x640 rgbaSum=122442997 stages=-
STAGE n=1560 conv=2.6489 infer=14.9852 count=0 wh=480x640 rgbaSum=122319565 stages=-
STAGE n=1590 conv=3.0384 infer=11.9503 count=0 wh=480x640 rgbaSum=122408011 stages=-
STAGE n=1620 conv=2.5316 infer=11.9045 count=0 wh=480x640 rgbaSum=122450223 stages=-
STAGE n=1650 conv=3.1572 infer=12.3887 count=0 wh=480x640 rgbaSum=122295957 stages=-
STAGE n=1680 conv=4.0045 infer=13.3831 count=0 wh=480x640 rgbaSum=122549255 stages=-
STAGE n=1710 conv=2.8238 infer=17.5578 count=0 wh=480x640 rgbaSum=122510831 stages=-
STAGE n=1740 conv=3.1103 infer=14.5011 count=0 wh=480x640 rgbaSum=123899741 stages=-
STAGE n=1770 conv=3.1817 infer=12.3564 count=0 wh=480x640 rgbaSum=123797881 stages=-
STAGE n=1800 conv=3.6416 infer=14.8602 count=0 wh=480x640 rgbaSum=123926266 stages=-
STAGE n=1830 conv=3.2942 infer=13.1247 count=0 wh=480x640 rgbaSum=123785489 stages=-
STAGE n=1860 conv=4.0019 infer=20.2038 count=0 wh=480x640 rgbaSum=123674324 stages=-
STAGE n=1890 conv=4.2778 infer=16.0617 count=0 wh=480x640 rgbaSum=122435314 stages=-
STAGE n=1920 conv=3.7197 infer=13.4380 count=0 wh=480x640 rgbaSum=122541919 stages=-
STAGE n=1950 conv=6.0408 infer=13.4319 count=0 wh=480x640 rgbaSum=122452521 stages=-
SETTLE done after 45 s gear=8
STAGE n=0 conv=3.2914 infer=13.4388 count=0 wh=480x640 rgbaSum=122567054 stages=-
STAGE n=30 conv=4.0964 infer=13.4000 count=0 wh=480x640 rgbaSum=122592299 stages=-
STAGE n=60 conv=4.4317 infer=13.4577 count=0 wh=480x640 rgbaSum=122552160 stages=-
RATE win=1 arrive=39.68 done=40.18 dropped_in_win=0 cum_arrived=80 cum_done=81 cum_dropped=0 gear=8 hit_n=0 empty_n=30 rt_hit_p50=-1.00 rt_empty_p50=21.00 prep_hit_p50=-1.00 prep_empty_p50=1.00 thermal=4 battC=43.0
STAGE n=90 conv=2.9548 infer=20.9138 count=0 wh=480x640 rgbaSum=122443733 stages=-
STAGE n=120 conv=4.5456 infer=17.7180 count=0 wh=480x640 rgbaSum=124106975 stages=-
STAGE n=150 conv=8.6684 infer=13.7622 count=0 wh=480x640 rgbaSum=122566888 stages=-
RATE win=2 arrive=40.16 done=39.66 dropped_in_win=0 cum_arrived=161 cum_done=161 cum_dropped=0 gear=8 hit_n=0 empty_n=30 rt_hit_p50=-1.00 rt_empty_p50=22.00 prep_hit_p50=-1.00 prep_empty_p50=1.00 thermal=4 battC=43.0
STAGE n=180 conv=5.3555 infer=15.2270 count=0 wh=480x640 rgbaSum=122463690 stages=-
STAGE n=210 conv=11.2070 infer=13.6139 count=0 wh=480x640 rgbaSum=123834118 stages=-
RATE win=3 arrive=36.86 done=36.86 dropped_in_win=0 cum_arrived=236 cum_done=236 cum_dropped=0 gear=8 hit_n=0 empty_n=30 rt_hit_p50=-1.00 rt_empty_p50=25.00 prep_hit_p50=-1.00 prep_empty_p50=1.00 thermal=4 battC=43.0
STAGE n=240 conv=3.2980 infer=13.8586 count=0 wh=480x640 rgbaSum=124006604 stages=-
STAGE n=270 conv=4.4806 infer=21.0852 count=0 wh=480x640 rgbaSum=123820393 stages=-
STAGE n=300 conv=4.5741 infer=14.0834 count=0 wh=480x640 rgbaSum=122683725 stages=-
RATE win=4 arrive=40.10 done=40.10 dropped_in_win=0 cum_arrived=317 cum_done=317 cum_dropped=0 gear=8 hit_n=0 empty_n=30 rt_hit_p50=-1.00 rt_empty_p50=18.00 prep_hit_p50=-1.00 prep_empty_p50=1.00 thermal=4 battC=43.0
STAGE n=330 conv=4.5905 infer=19.6488 count=0 wh=480x640 rgbaSum=122686885 stages=-
STAGE n=360 conv=3.4552 infer=11.8859 count=0 wh=480x640 rgbaSum=122680429 stages=-
STAGE n=390 conv=3.4314 infer=17.2537 count=0 wh=480x640 rgbaSum=122509500 stages=-
RATE win=5 arrive=47.48 done=47.48 dropped_in_win=0 cum_arrived=413 cum_done=413 cum_dropped=0 gear=8 hit_n=0 empty_n=30 rt_hit_p50=-1.00 rt_empty_p50=18.00 prep_hit_p50=-1.00 prep_empty_p50=1.00 thermal=4 battC=43.0
STAGE n=420 conv=2.3502 infer=11.9545 count=0 wh=480x640 rgbaSum=122645501 stages=-
STAGE n=450 conv=3.2869 infer=11.8386 count=0 wh=480x640 rgbaSum=122870635 stages=-
STAGE n=480 conv=2.9895 infer=11.2831 count=0 wh=480x640 rgbaSum=122803622 stages=-
RATE win=6 arrive=46.98 done=46.98 dropped_in_win=0 cum_arrived=508 cum_done=508 cum_dropped=0 gear=8 hit_n=0 empty_n=30 rt_hit_p50=-1.00 rt_empty_p50=17.00 prep_hit_p50=-1.00 prep_empty_p50=1.00 thermal=4 battC=43.0
STAGE n=510 conv=3.6825 infer=12.2673 count=0 wh=480x640 rgbaSum=122650726 stages=-
STAGE n=540 conv=4.7800 infer=13.5597 count=0 wh=480x640 rgbaSum=122743079 stages=-
STAGE n=570 conv=3.5112 infer=12.4719 count=0 wh=480x640 rgbaSum=122614130 stages=-
RATE win=7 arrive=44.42 done=44.42 dropped_in_win=0 cum_arrived=598 cum_done=598 cum_dropped=0 gear=8 hit_n=0 empty_n=30 rt_hit_p50=-1.00 rt_empty_p50=20.00 prep_hit_p50=-1.00 prep_empty_p50=1.00 thermal=4 battC=43.0
STAGE n=600 conv=3.8208 infer=15.9770 count=0 wh=480x640 rgbaSum=122779276 stages=-
STAGE n=630 conv=3.9083 infer=12.8420 count=0 wh=480x640 rgbaSum=122999524 stages=-
STAGE n=660 conv=3.5894 infer=12.9503 count=0 wh=480x640 rgbaSum=122776375 stages=-
RATE win=8 arrive=39.84 done=39.84 dropped_in_win=0 cum_arrived=678 cum_done=678 cum_dropped=0 gear=8 hit_n=0 empty_n=30 rt_hit_p50=-1.00 rt_empty_p50=20.00 prep_hit_p50=-1.00 prep_empty_p50=1.00 thermal=4 battC=43.0
STAGE n=690 conv=3.5764 infer=16.3464 count=0 wh=480x640 rgbaSum=122547754 stages=-
STAGE n=720 conv=5.7300 infer=19.3053 count=0 wh=480x640 rgbaSum=122377719 stages=-
STAGE n=750 conv=4.4720 infer=13.4594 count=0 wh=480x640 rgbaSum=122331002 stages=-
RATE win=9 arrive=36.63 done=36.63 dropped_in_win=0 cum_arrived=752 cum_done=752 cum_dropped=0 gear=8 hit_n=0 empty_n=30 rt_hit_p50=-1.00 rt_empty_p50=22.00 prep_hit_p50=-1.00 prep_empty_p50=1.00 thermal=4 battC=43.0
STAGE n=780 conv=13.8734 infer=19.4591 count=0 wh=480x640 rgbaSum=123841146 stages=-
STAGE n=810 conv=4.1730 infer=17.2995 count=0 wh=480x640 rgbaSum=123922769 stages=-
RATE win=10 arrive=37.26 done=37.26 dropped_in_win=0 cum_arrived=827 cum_done=827 cum_dropped=0 gear=8 hit_n=0 empty_n=30 rt_hit_p50=-1.00 rt_empty_p50=21.00 prep_hit_p50=-1.00 prep_empty_p50=1.00 thermal=4 battC=43.0
STAGE n=840 conv=3.6680 infer=14.1597 count=0 wh=480x640 rgbaSum=123737219 stages=-
STAGE n=870 conv=4.5298 infer=15.6055 count=0 wh=480x640 rgbaSum=122954215 stages=-
STAGE n=900 conv=4.0469 infer=20.8828 count=0 wh=480x640 rgbaSum=122892153 stages=-
RATE win=11 arrive=36.36 done=36.36 dropped_in_win=0 cum_arrived=901 cum_done=901 cum_dropped=0 gear=8 hit_n=0 empty_n=30 rt_hit_p50=-1.00 rt_empty_p50=22.00 prep_hit_p50=-1.00 prep_empty_p50=1.00 thermal=4 battC=43.0
STAGE n=930 conv=5.5636 infer=14.0992 count=0 wh=480x640 rgbaSum=124255781 stages=-
STAGE n=960 conv=4.6087 infer=16.1525 count=0 wh=480x640 rgbaSum=124139712 stages=-
RATE win=12 arrive=39.46 done=39.96 dropped_in_win=0 cum_arrived=980 cum_done=981 cum_dropped=0 gear=8 hit_n=0 empty_n=30 rt_hit_p50=-1.00 rt_empty_p50=20.00 prep_hit_p50=-1.00 prep_empty_p50=1.00 thermal=4 battC=43.0
STAGE n=990 conv=5.4342 infer=12.4059 count=0 wh=480x640 rgbaSum=124037712 stages=-
STAGE n=1020 conv=5.5031 infer=13.9855 count=0 wh=480x640 rgbaSum=123973876 stages=-
STAGE n=1050 conv=4.7898 infer=15.2572 count=0 wh=480x640 rgbaSum=124184404 stages=-
RATE win=13 arrive=40.46 done=40.46 dropped_in_win=0 cum_arrived=1061 cum_done=1062 cum_dropped=0 gear=8 hit_n=0 empty_n=30 rt_hit_p50=-1.00 rt_empty_p50=21.00 prep_hit_p50=-1.00 prep_empty_p50=1.00 thermal=4 battC=43.0
STAGE n=1080 conv=5.0934 infer=13.3417 count=0 wh=480x640 rgbaSum=124086127 stages=-
STAGE n=1110 conv=4.2372 infer=12.6548 count=0 wh=480x640 rgbaSum=123980795 stages=-
RATE win=14 arrive=37.98 done=37.48 dropped_in_win=0 cum_arrived=1137 cum_done=1137 cum_dropped=0 gear=8 hit_n=0 empty_n=30 rt_hit_p50=-1.00 rt_empty_p50=19.00 prep_hit_p50=-1.00 prep_empty_p50=1.00 thermal=4 battC=43.0
STAGE n=1140 conv=3.9917 infer=15.2095 count=0 wh=480x640 rgbaSum=124151877 stages=-
STAGE n=1170 conv=4.9297 infer=12.7147 count=0 wh=480x640 rgbaSum=123981760 stages=-
STAGE n=1200 conv=4.8739 infer=12.6994 count=0 wh=480x640 rgbaSum=124093179 stages=-
RATE win=15 arrive=40.80 done=41.29 dropped_in_win=0 cum_arrived=1219 cum_done=1220 cum_dropped=0 gear=8 hit_n=0 empty_n=30 rt_hit_p50=-1.00 rt_empty_p50=20.00 prep_hit_p50=-1.00 prep_empty_p50=1.00 thermal=4 battC=43.0
STAGE n=1230 conv=4.6422 infer=13.1566 count=0 wh=480x640 rgbaSum=122807522 stages=-
STAGE n=1260 conv=5.0584 infer=15.9903 count=0 wh=480x640 rgbaSum=122690753 stages=-
STAGE n=1290 conv=4.8777 infer=15.2533 count=0 wh=480x640 rgbaSum=122657073 stages=-
RATE win=16 arrive=42.35 done=41.85 dropped_in_win=0 cum_arrived=1304 cum_done=1304 cum_dropped=0 gear=8 hit_n=0 empty_n=30 rt_hit_p50=-1.00 rt_empty_p50=19.00 prep_hit_p50=-1.00 prep_empty_p50=1.00 thermal=4 battC=43.0
STAGE n=1320 conv=2.9778 infer=13.5344 count=0 wh=480x640 rgbaSum=122562641 stages=-
STAGE n=1350 conv=3.3745 infer=12.9547 count=0 wh=480x640 rgbaSum=122740450 stages=-
STAGE n=1380 conv=5.1145 infer=11.6152 count=0 wh=480x640 rgbaSum=123432164 stages=-
RATE win=17 arrive=38.97 done=38.97 dropped_in_win=0 cum_arrived=1383 cum_done=1383 cum_dropped=0 gear=8 hit_n=0 empty_n=30 rt_hit_p50=-1.00 rt_empty_p50=22.00 prep_hit_p50=-1.00 prep_empty_p50=1.00 thermal=4 battC=43.0
STAGE n=1410 conv=3.4112 infer=10.7361 count=0 wh=480x640 rgbaSum=123308430 stages=-
STAGE n=1440 conv=2.9689 infer=11.6747 count=0 wh=480x640 rgbaSum=123345105 stages=-
RATE win=18 arrive=39.74 done=39.74 dropped_in_win=0 cum_arrived=1463 cum_done=1463 cum_dropped=0 gear=8 hit_n=0 empty_n=30 rt_hit_p50=-1.00 rt_empty_p50=20.00 prep_hit_p50=-1.00 prep_empty_p50=1.00 thermal=4 battC=43.0
STAGE n=1470 conv=5.6366 infer=16.7752 count=0 wh=480x640 rgbaSum=122921382 stages=-
STAGE n=1500 conv=3.3581 infer=12.0261 count=0 wh=480x640 rgbaSum=122802195 stages=-
STAGE n=1530 conv=4.4075 infer=12.9784 count=0 wh=480x640 rgbaSum=122934260 stages=-
RATE win=19 arrive=38.40 done=38.40 dropped_in_win=0 cum_arrived=1540 cum_done=1540 cum_dropped=0 gear=8 hit_n=0 empty_n=30 rt_hit_p50=-1.00 rt_empty_p50=23.00 prep_hit_p50=-1.00 prep_empty_p50=1.00 thermal=4 battC=43.0
STAGE n=1560 conv=4.7320 infer=15.1500 count=0 wh=480x640 rgbaSum=124133653 stages=-
STAGE n=1590 conv=5.1422 infer=14.0950 count=0 wh=480x640 rgbaSum=123377755 stages=-
STAGE n=1620 conv=5.5942 infer=19.9286 count=0 wh=480x640 rgbaSum=123255223 stages=-
RATE win=20 arrive=40.98 done=40.98 dropped_in_win=0 cum_arrived=1622 cum_done=1622 cum_dropped=0 gear=8 hit_n=0 empty_n=30 rt_hit_p50=-1.00 rt_empty_p50=21.00 prep_hit_p50=-1.00 prep_empty_p50=1.00 thermal=4 battC=43.0
STAGE n=1650 conv=4.7080 infer=12.3309 count=0 wh=480x640 rgbaSum=123240671 stages=-
STAGE n=1680 conv=4.2875 infer=14.3300 count=0 wh=480x640 rgbaSum=123200556 stages=-
RATE win=21 arrive=39.47 done=39.47 dropped_in_win=0 cum_arrived=1702 cum_done=1702 cum_dropped=0 gear=8 hit_n=0 empty_n=30 rt_hit_p50=-1.00 rt_empty_p50=20.00 prep_hit_p50=-1.00 prep_empty_p50=1.00 thermal=4 battC=43.0
STAGE n=1710 conv=3.5228 infer=11.5147 count=0 wh=480x640 rgbaSum=123395848 stages=-
STAGE n=1740 conv=5.6913 infer=15.6894 count=0 wh=480x640 rgbaSum=122959621 stages=-
STAGE n=1770 conv=6.5712 infer=18.3297 count=0 wh=480x640 rgbaSum=123321995 stages=-
RATE win=22 arrive=40.74 done=41.23 dropped_in_win=0 cum_arrived=1784 cum_done=1785 cum_dropped=0 gear=8 hit_n=0 empty_n=30 rt_hit_p50=-1.00 rt_empty_p50=19.00 prep_hit_p50=-1.00 prep_empty_p50=1.00 thermal=4 battC=43.0
STAGE n=1800 conv=4.8313 infer=12.2869 count=0 wh=480x640 rgbaSum=123326160 stages=-
STAGE n=1830 conv=4.0225 infer=11.3683 count=0 wh=480x640 rgbaSum=123260360 stages=-
RATE win=23 arrive=37.74 done=37.24 dropped_in_win=0 cum_arrived=1860 cum_done=1860 cum_dropped=0 gear=8 hit_n=0 empty_n=30 rt_hit_p50=-1.00 rt_empty_p50=20.00 prep_hit_p50=-1.00 prep_empty_p50=2.00 thermal=4 battC=43.0
STAGE n=1860 conv=10.3323 infer=13.8898 count=0 wh=480x640 rgbaSum=123072038 stages=-
STAGE n=1890 conv=4.6956 infer=17.5941 count=0 wh=480x640 rgbaSum=123046936 stages=-
STAGE n=1920 conv=3.7148 infer=13.1592 count=0 wh=480x640 rgbaSum=123187014 stages=-
RATE win=24 arrive=39.23 done=39.23 dropped_in_win=0 cum_arrived=1939 cum_done=1939 cum_dropped=0 gear=8 hit_n=0 empty_n=30 rt_hit_p50=-1.00 rt_empty_p50=22.00 prep_hit_p50=-1.00 prep_empty_p50=1.00 thermal=4 battC=43.0
STAGE n=1950 conv=3.3914 infer=11.5791 count=0 wh=480x640 rgbaSum=123277709 stages=-
STAGE n=1980 conv=4.0405 infer=11.8269 count=0 wh=480x640 rgbaSum=123240837 stages=-
STAGE n=2010 conv=3.4927 infer=19.9358 count=0 wh=480x640 rgbaSum=123214666 stages=-
RATE win=25 arrive=39.66 done=40.16 dropped_in_win=0 cum_arrived=2019 cum_done=2020 cum_dropped=0 gear=8 hit_n=0 empty_n=30 rt_hit_p50=-1.00 rt_empty_p50=20.00 prep_hit_p50=-1.00 prep_empty_p50=1.00 thermal=4 battC=43.0
STAGE n=2040 conv=3.3319 infer=18.1748 count=0 wh=480x640 rgbaSum=123240079 stages=-
STAGE n=2070 conv=9.9859 infer=13.7747 count=0 wh=480x640 rgbaSum=123172463 stages=-
RATE win=26 arrive=39.01 done=38.52 dropped_in_win=0 cum_arrived=2098 cum_done=2098 cum_dropped=0 gear=8 hit_n=0 empty_n=30 rt_hit_p50=-1.00 rt_empty_p50=20.00 prep_hit_p50=-1.00 prep_empty_p50=2.00 thermal=4 battC=43.0
STAGE n=2100 conv=2.9441 infer=11.4186 count=0 wh=480x640 rgbaSum=123230681 stages=-
STAGE n=2130 conv=5.5733 infer=13.4339 count=0 wh=480x640 rgbaSum=123266294 stages=-
STAGE n=2160 conv=5.2022 infer=21.6608 count=0 wh=480x640 rgbaSum=123123234 stages=-
RATE win=27 arrive=40.88 done=41.38 dropped_in_win=0 cum_arrived=2180 cum_done=2181 cum_dropped=0 gear=8 hit_n=0 empty_n=30 rt_hit_p50=-1.00 rt_empty_p50=20.00 prep_hit_p50=-1.00 prep_empty_p50=1.00 thermal=4 battC=43.0
STAGE n=2190 conv=4.6877 infer=12.7295 count=0 wh=480x640 rgbaSum=123086604 stages=-
STAGE n=2220 conv=3.8922 infer=12.9014 count=0 wh=480x640 rgbaSum=122971060 stages=-
STAGE n=2250 conv=2.9077 infer=13.8338 count=0 wh=480x640 rgbaSum=122925286 stages=-
RATE win=28 arrive=40.46 done=39.96 dropped_in_win=0 cum_arrived=2261 cum_done=2261 cum_dropped=0 gear=8 hit_n=0 empty_n=30 rt_hit_p50=-1.00 rt_empty_p50=19.00 prep_hit_p50=-1.00 prep_empty_p50=1.00 thermal=4 battC=43.0
STAGE n=2280 conv=6.1705 infer=12.8494 count=0 wh=480x640 rgbaSum=122940631 stages=-
STAGE n=2310 conv=3.6375 infer=11.8928 count=0 wh=480x640 rgbaSum=123052773 stages=-
RATE win=29 arrive=37.68 done=37.68 dropped_in_win=0 cum_arrived=2337 cum_done=2337 cum_dropped=0 gear=8 hit_n=0 empty_n=30 rt_hit_p50=-1.00 rt_empty_p50=19.00 prep_hit_p50=-1.00 prep_empty_p50=1.00 thermal=4 battC=43.0
STAGE n=2340 conv=3.6433 infer=13.2042 count=0 wh=480x640 rgbaSum=123057216 stages=-
STAGE n=2370 conv=3.9723 infer=14.2953 count=0 wh=480x640 rgbaSum=123135873 stages=-
STAGE n=2400 conv=4.5788 infer=11.5036 count=0 wh=480x640 rgbaSum=122922514 stages=-
RATE win=30 arrive=39.86 done=39.86 dropped_in_win=0 cum_arrived=2417 cum_done=2417 cum_dropped=0 gear=8 hit_n=0 empty_n=30 rt_hit_p50=-1.00 rt_empty_p50=21.00 prep_hit_p50=-1.00 prep_empty_p50=1.00 thermal=4 battC=43.0
STAGE n=2430 conv=4.4197 infer=13.0278 count=0 wh=480x640 rgbaSum=123225905 stages=-
STAGE n=2460 conv=7.9272 infer=11.3706 count=0 wh=480x640 rgbaSum=123031750 stages=-
STAGE n=2490 conv=10.0859 infer=13.9927 count=0 wh=480x640 rgbaSum=122722933 stages=-
RATE win=31 arrive=39.30 done=39.30 dropped_in_win=0 cum_arrived=2496 cum_done=2496 cum_dropped=0 gear=8 hit_n=0 empty_n=30 rt_hit_p50=-1.00 rt_empty_p50=22.00 prep_hit_p50=-1.00 prep_empty_p50=1.00 thermal=4 battC=43.0
STAGE n=2520 conv=3.4506 infer=12.9994 count=0 wh=480x640 rgbaSum=122998001 stages=-
STAGE n=2550 conv=8.2161 infer=12.6636 count=0 wh=480x640 rgbaSum=122954737 stages=-
RATE win=32 arrive=39.38 done=39.38 dropped_in_win=0 cum_arrived=2575 cum_done=2575 cum_dropped=0 gear=8 hit_n=0 empty_n=30 rt_hit_p50=-1.00 rt_empty_p50=20.00 prep_hit_p50=-1.00 prep_empty_p50=1.00 thermal=4 battC=43.0
STAGE n=2580 conv=4.4628 infer=12.3577 count=0 wh=480x640 rgbaSum=122791232 stages=-
STAGE n=2610 conv=3.9166 infer=11.4358 count=0 wh=480x640 rgbaSum=122589233 stages=-
STAGE n=2640 conv=4.3834 infer=17.0705 count=0 wh=480x640 rgbaSum=125129773 stages=-
RATE win=33 arrive=38.29 done=38.79 dropped_in_win=0 cum_arrived=2652 cum_done=2653 cum_dropped=0 gear=8 hit_n=0 empty_n=30 rt_hit_p50=-1.00 rt_empty_p50=23.00 prep_hit_p50=-1.00 prep_empty_p50=2.00 thermal=4 battC=43.0
STAGE n=2670 conv=2.6730 infer=12.3875 count=0 wh=480x640 rgbaSum=125358883 stages=-
STAGE n=2700 conv=4.6123 infer=13.0011 count=0 wh=480x640 rgbaSum=121508113 stages=-
STAGE n=2730 conv=3.0845 infer=13.9250 count=0 wh=480x640 rgbaSum=122575956 stages=-
RATE win=34 arrive=41.19 done=41.19 dropped_in_win=0 cum_arrived=2735 cum_done=2736 cum_dropped=0 gear=8 hit_n=0 empty_n=30 rt_hit_p50=-1.00 rt_empty_p50=21.00 prep_hit_p50=-1.00 prep_empty_p50=1.00 thermal=4 battC=43.0
STAGE n=2760 conv=5.5661 infer=13.1741 count=0 wh=480x640 rgbaSum=122661760 stages=-
STAGE n=2790 conv=4.0867 infer=12.2591 count=0 wh=480x640 rgbaSum=122511318 stages=-
RATE win=35 arrive=39.92 done=39.42 dropped_in_win=0 cum_arrived=2815 cum_done=2815 cum_dropped=0 gear=8 hit_n=0 empty_n=30 rt_hit_p50=-1.00 rt_empty_p50=21.00 prep_hit_p50=-1.00 prep_empty_p50=1.00 thermal=4 battC=43.0
STAGE n=2820 conv=2.8905 infer=11.0502 count=0 wh=480x640 rgbaSum=127253124 stages=-
STAGE n=2850 conv=3.6147 infer=12.6416 count=0 wh=480x640 rgbaSum=147801252 stages=-
STAGE n=2880 conv=3.2931 infer=20.0183 count=0 wh=480x640 rgbaSum=141421879 stages=-
RATE win=36 arrive=39.76 done=39.76 dropped_in_win=0 cum_arrived=2895 cum_done=2895 cum_dropped=0 gear=8 hit_n=0 empty_n=30 rt_hit_p50=-1.00 rt_empty_p50=21.00 prep_hit_p50=-1.00 prep_empty_p50=1.00 thermal=4 battC=43.0
STAGE n=2910 conv=5.0122 infer=14.9269 count=0 wh=480x640 rgbaSum=141726728 stages=-
STAGE n=2940 conv=5.4419 infer=12.2977 count=0 wh=480x640 rgbaSum=142880349 stages=-
STAGE n=2970 conv=6.9961 infer=13.4538 count=0 wh=480x640 rgbaSum=142534324 stages=-
RATE win=37 arrive=38.92 done=39.42 dropped_in_win=0 cum_arrived=2973 cum_done=2974 cum_dropped=0 gear=8 hit_n=0 empty_n=30 rt_hit_p50=-1.00 rt_empty_p50=20.00 prep_hit_p50=-1.00 prep_empty_p50=1.00 thermal=4 battC=43.0
STAGE n=3000 conv=4.4100 infer=12.2805 count=0 wh=480x640 rgbaSum=142193796 stages=-
STAGE n=3030 conv=3.8114 infer=12.1616 count=0 wh=480x640 rgbaSum=142156754 stages=-
RATE win=38 arrive=38.37 done=38.37 dropped_in_win=0 cum_arrived=3050 cum_done=3051 cum_dropped=0 gear=8 hit_n=0 empty_n=30 rt_hit_p50=-1.00 rt_empty_p50=20.00 prep_hit_p50=-1.00 prep_empty_p50=1.00 thermal=4 battC=43.0
STAGE n=3060 conv=4.5858 infer=12.0377 count=0 wh=480x640 rgbaSum=142438798 stages=-
STAGE n=3090 conv=3.7703 infer=12.4056 count=0 wh=480x640 rgbaSum=142316721 stages=-
STAGE n=3120 conv=4.5675 infer=12.5914 count=0 wh=480x640 rgbaSum=142541836 stages=-
RATE win=39 arrive=41.77 done=41.27 dropped_in_win=0 cum_arrived=3134 cum_done=3134 cum_dropped=0 gear=8 hit_n=0 empty_n=30 rt_hit_p50=-1.00 rt_empty_p50=19.00 prep_hit_p50=-1.00 prep_empty_p50=1.00 thermal=4 battC=43.0
STAGE n=3150 conv=6.0695 infer=12.9550 count=0 wh=480x640 rgbaSum=142475445 stages=-
STAGE n=3180 conv=3.2506 infer=11.2155 count=0 wh=480x640 rgbaSum=140435100 stages=-
STAGE n=3210 conv=3.2355 infer=16.4488 count=0 wh=480x640 rgbaSum=142865389 stages=-
RATE win=40 arrive=41.90 done=41.90 dropped_in_win=0 cum_arrived=3218 cum_done=3218 cum_dropped=0 gear=8 hit_n=0 empty_n=30 rt_hit_p50=-1.00 rt_empty_p50=20.00 prep_hit_p50=-1.00 prep_empty_p50=1.00 thermal=4 battC=43.0
STAGE n=3240 conv=7.2023 infer=15.0612 count=0 wh=480x640 rgbaSum=143436892 stages=-
STAGE n=3270 conv=3.6789 infer=13.9794 count=0 wh=480x640 rgbaSum=143874116 stages=-
STAGE n=3300 conv=3.5438 infer=21.9898 count=0 wh=480x640 rgbaSum=144054596 stages=-
RATE win=41 arrive=42.74 done=42.74 dropped_in_win=0 cum_arrived=3304 cum_done=3304 cum_dropped=0 gear=8 hit_n=0 empty_n=30 rt_hit_p50=-1.00 rt_empty_p50=20.00 prep_hit_p50=-1.00 prep_empty_p50=1.00 thermal=4 battC=43.0
STAGE n=3330 conv=2.8328 infer=10.4958 count=0 wh=480x640 rgbaSum=150419396 stages=-
STAGE n=3360 conv=4.2864 infer=12.0119 count=0 wh=480x640 rgbaSum=152482386 stages=-
RATE win=42 arrive=41.46 done=41.46 dropped_in_win=0 cum_arrived=3387 cum_done=3387 cum_dropped=0 gear=8 hit_n=0 empty_n=30 rt_hit_p50=-1.00 rt_empty_p50=19.00 prep_hit_p50=-1.00 prep_empty_p50=1.00 thermal=4 battC=43.0
STAGE n=3390 conv=4.1792 infer=11.9525 count=0 wh=480x640 rgbaSum=153470276 stages=-
STAGE n=3420 conv=4.5353 infer=12.1758 count=0 wh=480x640 rgbaSum=153379845 stages=-
STAGE n=3450 conv=3.6469 infer=11.4111 count=0 wh=480x640 rgbaSum=152328177 stages=-
RATE win=43 arrive=41.92 done=42.42 dropped_in_win=0 cum_arrived=3471 cum_done=3472 cum_dropped=0 gear=8 hit_n=0 empty_n=30 rt_hit_p50=-1.00 rt_empty_p50=18.00 prep_hit_p50=-1.00 prep_empty_p50=1.00 thermal=4 battC=43.0
STAGE n=3480 conv=4.4725 infer=12.2663 count=0 wh=480x640 rgbaSum=151788358 stages=-
STAGE n=3510 conv=8.2122 infer=14.3255 count=0 wh=480x640 rgbaSum=151079841 stages=-
STAGE n=3540 conv=4.1222 infer=11.4792 count=0 wh=480x640 rgbaSum=150309502 stages=-
RATE win=44 arrive=41.98 done=41.98 dropped_in_win=0 cum_arrived=3555 cum_done=3556 cum_dropped=0 gear=8 hit_n=0 empty_n=30 rt_hit_p50=-1.00 rt_empty_p50=19.00 prep_hit_p50=-1.00 prep_empty_p50=1.00 thermal=4 battC=43.0
STAGE n=3570 conv=3.8806 infer=12.5194 count=0 wh=480x640 rgbaSum=153167140 stages=-
STAGE n=3600 conv=5.1439 infer=14.8061 count=0 wh=480x640 rgbaSum=162309165 stages=-
STAGE n=3630 conv=3.2388 infer=10.7156 count=0 wh=480x640 rgbaSum=129677144 stages=-
RATE win=45 arrive=42.76 done=42.76 dropped_in_win=0 cum_arrived=3641 cum_done=3642 cum_dropped=0 gear=8 hit_n=0 empty_n=30 rt_hit_p50=-1.00 rt_empty_p50=19.00 prep_hit_p50=-1.00 prep_empty_p50=1.00 thermal=4 battC=43.0
STAGE n=3660 conv=4.3170 infer=22.8145 count=0 wh=480x640 rgbaSum=150043714 stages=-
STAGE n=3690 conv=5.3091 infer=17.2586 count=0 wh=480x640 rgbaSum=156993813 stages=-
STAGE n=3720 conv=4.6419 infer=12.0150 count=0 wh=480x640 rgbaSum=159059513 stages=-
RATE win=46 arrive=41.48 done=41.48 dropped_in_win=0 cum_arrived=3724 cum_done=3725 cum_dropped=0 gear=8 hit_n=2 empty_n=30 rt_hit_p50=44.00 rt_empty_p50=20.00 prep_hit_p50=17.00 prep_empty_p50=1.00 thermal=4 battC=43.0
STAGE n=3750 conv=3.5256 infer=13.8759 count=0 wh=480x640 rgbaSum=158997358 stages=-
STAGE n=3780 conv=4.1112 infer=13.5177 count=0 wh=480x640 rgbaSum=158353095 stages=-
RATE win=47 arrive=41.81 done=41.31 dropped_in_win=0 cum_arrived=3808 cum_done=3808 cum_dropped=0 gear=8 hit_n=2 empty_n=30 rt_hit_p50=44.00 rt_empty_p50=20.00 prep_hit_p50=17.00 prep_empty_p50=1.00 thermal=4 battC=43.0
STAGE n=3810 conv=5.0263 infer=13.6252 count=0 wh=480x640 rgbaSum=159047831 stages=-
STAGE n=3840 conv=4.9983 infer=12.7458 count=0 wh=480x640 rgbaSum=158985510 stages=-
STAGE n=3870 conv=4.5970 infer=14.4045 count=0 wh=480x640 rgbaSum=158359435 stages=-
RATE win=48 arrive=42.55 done=42.55 dropped_in_win=0 cum_arrived=3894 cum_done=3894 cum_dropped=0 gear=8 hit_n=2 empty_n=30 rt_hit_p50=44.00 rt_empty_p50=20.00 prep_hit_p50=17.00 prep_empty_p50=1.00 thermal=4 battC=43.0
STAGE n=3900 conv=2.8378 infer=12.3586 count=0 wh=480x640 rgbaSum=158904385 stages=-
STAGE n=3930 conv=4.3489 infer=13.7484 count=0 wh=480x640 rgbaSum=158889041 stages=-
STAGE n=3960 conv=3.6833 infer=12.6536 count=0 wh=480x640 rgbaSum=158672376 stages=-
RATE win=49 arrive=40.71 done=41.21 dropped_in_win=0 cum_arrived=3976 cum_done=3977 cum_dropped=0 gear=8 hit_n=2 empty_n=30 rt_hit_p50=44.00 rt_empty_p50=18.00 prep_hit_p50=17.00 prep_empty_p50=1.00 thermal=4 battC=43.0
STAGE n=3990 conv=4.1830 infer=13.2709 count=0 wh=480x640 rgbaSum=158790963 stages=-
STAGE n=4020 conv=4.9217 infer=18.6367 count=0 wh=480x640 rgbaSum=158890426 stages=-
STAGE n=4050 conv=4.9519 infer=12.6733 count=0 wh=480x640 rgbaSum=159008310 stages=-
RATE win=50 arrive=41.69 done=41.19 dropped_in_win=0 cum_arrived=4060 cum_done=4060 cum_dropped=0 gear=8 hit_n=2 empty_n=30 rt_hit_p50=44.00 rt_empty_p50=20.00 prep_hit_p50=17.00 prep_empty_p50=1.00 thermal=4 battC=43.0
STAGE n=4080 conv=7.4900 infer=13.6841 count=0 wh=480x640 rgbaSum=159044511 stages=-
STAGE n=4110 conv=4.2333 infer=12.0341 count=0 wh=480x640 rgbaSum=159030718 stages=-
STAGE n=4140 conv=4.6017 infer=13.2202 count=0 wh=480x640 rgbaSum=158982571 stages=-
RATE win=51 arrive=41.58 done=41.58 dropped_in_win=0 cum_arrived=4144 cum_done=4144 cum_dropped=0 gear=8 hit_n=2 empty_n=30 rt_hit_p50=44.00 rt_empty_p50=19.00 prep_hit_p50=17.00 prep_empty_p50=1.00 thermal=4 battC=43.0
STAGE n=4170 conv=3.5473 infer=12.4339 count=0 wh=480x640 rgbaSum=158889214 stages=-
STAGE n=4200 conv=4.0464 infer=16.2297 count=0 wh=480x640 rgbaSum=159072957 stages=-
RATE win=52 arrive=40.74 done=41.23 dropped_in_win=0 cum_arrived=4226 cum_done=4227 cum_dropped=0 gear=8 hit_n=2 empty_n=30 rt_hit_p50=44.00 rt_empty_p50=19.00 prep_hit_p50=17.00 prep_empty_p50=2.00 thermal=4 battC=43.0
STAGE n=4230 conv=4.2097 infer=14.0381 count=0 wh=480x640 rgbaSum=158788068 stages=-
STAGE n=4260 conv=3.7286 infer=12.9402 count=0 wh=480x640 rgbaSum=158803974 stages=-
STAGE n=4290 conv=5.5598 infer=11.4577 count=0 wh=480x640 rgbaSum=159107217 stages=-
RATE win=53 arrive=42.42 done=41.92 dropped_in_win=0 cum_arrived=4311 cum_done=4311 cum_dropped=0 gear=8 hit_n=2 empty_n=30 rt_hit_p50=44.00 rt_empty_p50=18.00 prep_hit_p50=17.00 prep_empty_p50=1.00 thermal=4 battC=43.0
STAGE n=4320 conv=5.1995 infer=12.6480 count=0 wh=480x640 rgbaSum=158862128 stages=-
STAGE n=4350 conv=4.0652 infer=12.4395 count=0 wh=480x640 rgbaSum=158970225 stages=-
