CAMRUN BEGIN ts=1789951127985 gear=0 analyze=640x480 show=960x960 rotation=90 settleMs=45000 warmupFrames=10 window=30 detModel=models/y5fu_320x_head_fp32.ms recModel=models/rpv3_mdict_160_r3.ms analyzeTargetW=640 fpsTarget=30
STREAM START show=960x960 analyze=640x480 rot=90
STAGE n=0 conv=3.1683 infer=295.9162 count=0 wh=480x640 rgbaSum=122228839 stages=-
STAGE n=0 conv=2.1027 infer=29.3405 count=0 wh=480x640 rgbaSum=144232735 stages=-
STAGE n=30 conv=2.7191 infer=30.9319 count=0 wh=480x640 rgbaSum=142288518 stages=-
STAGE n=60 conv=2.0130 infer=31.0188 count=0 wh=480x640 rgbaSum=141100244 stages=-
STAGE n=90 conv=11.8577 infer=40.1297 count=0 wh=480x640 rgbaSum=142221120 stages=-
STAGE n=120 conv=4.3195 infer=23.7438 count=1 wh=480x640 rgbaSum=112576456 stages=20.1802|1.4789|18.1278|0.0205|0.0594|3.4292|0.0228|0.2956|17.8322
STAGE n=150 conv=5.3275 infer=64.4183 count=1 wh=480x640 rgbaSum=113524537 stages=60.6617|1.8234|57.8442|0.0355|0.1067|3.5594|0.0319|0.3353|57.5089
STAGE n=180 conv=6.4933 infer=36.0684 count=1 wh=480x640 rgbaSum=113252293 stages=28.4375|2.0730|23.2013|0.0987|0.3067|7.1700|0.0844|0.4895|22.7117
STAGE n=210 conv=10.3952 infer=39.9956 count=1 wh=480x640 rgbaSum=113406021 stages=33.5187|3.4020|26.9620|0.0938|0.3905|5.8789|0.0819|0.6775|26.2845
STAGE n=240 conv=8.3894 infer=37.2391 count=1 wh=480x640 rgbaSum=113765788 stages=32.7345|2.2875|29.9094|0.0188|0.1187|4.2894|0.0322|0.3567|29.5527
STAGE n=270 conv=10.0577 infer=38.6100 count=1 wh=480x640 rgbaSum=114133117 stages=33.8025|6.1086|25.4291|0.0863|0.4077|4.2100|0.0848|0.8223|24.6067
STAGE n=300 conv=3.6516 infer=23.6355 count=1 wh=480x640 rgbaSum=113766858 stages=19.5173|1.5220|15.4680|0.0758|0.3614|3.6156|0.0823|0.2956|15.1723
STAGE n=330 conv=5.2872 infer=33.5208 count=1 wh=480x640 rgbaSum=113902983 stages=29.9184|1.8423|27.1317|0.0281|0.1478|3.3798|0.0298|0.3534|26.7783
STAGE n=360 conv=3.1975 infer=40.6898 count=1 wh=480x640 rgbaSum=113679728 stages=36.3097|1.8578|32.2327|0.0656|0.3538|3.8683|0.0845|0.3366|31.8961
SETTLE done after 45 s gear=0
STAGE n=0 conv=7.7028 infer=41.6019 count=1 wh=480x640 rgbaSum=113910068 stages=37.7248|3.3412|33.4423|0.0261|0.1370|3.6433|0.0361|0.4466|32.9958
STAGE n=30 conv=8.1495 infer=47.4759 count=1 wh=480x640 rgbaSum=110212885 stages=42.8719|2.3348|37.9170|0.0742|0.6659|3.7881|0.0980|0.5323|37.3847
RATE win=1 arrive=19.79 done=19.30 dropped_in_win=0 cum_arrived=40 cum_done=39 cum_dropped=0 gear=0 hit_n=30 empty_n=0 rt_hit_p50=44.00 rt_empty_p50=-1.00 prep_hit_p50=1.00 prep_empty_p50=-1.00 thermal=1 battC=36.0
STAGE n=60 conv=3.6923 infer=48.8630 count=1 wh=480x640 rgbaSum=116039279 stages=42.8827|2.3447|37.2420|0.0953|0.6667|5.2145|0.0369|0.5784|36.6636
RATE win=2 arrive=18.44 done=18.44 dropped_in_win=0 cum_arrived=77 cum_done=76 cum_dropped=0 gear=0 hit_n=30 empty_n=0 rt_hit_p50=47.00 rt_empty_p50=-1.00 prep_hit_p50=1.00 prep_empty_p50=-1.00 thermal=1 battC=36.0
STAGE n=90 conv=11.2345 infer=44.4044 count=1 wh=480x640 rgbaSum=116017819 stages=40.3386|7.8423|31.7531|0.0359|0.2178|3.6577|0.0902|0.8061|30.9470
RATE win=3 arrive=20.49 done=20.99 dropped_in_win=0 cum_arrived=118 cum_done=118 cum_dropped=0 gear=0 hit_n=30 empty_n=0 rt_hit_p50=42.00 rt_empty_p50=-1.00 prep_hit_p50=1.00 prep_empty_p50=-1.00 thermal=2 battC=36.0
STAGE n=120 conv=7.2998 infer=28.1808 count=1 wh=480x640 rgbaSum=116786396 stages=24.6455|1.9884|22.0850|0.0214|0.1033|3.3430|0.0275|0.4094|21.6756
STAGE n=150 conv=3.0627 infer=46.1502 count=1 wh=480x640 rgbaSum=123430414 stages=41.6427|1.6655|37.7145|0.0664|0.5400|3.8219|0.0938|0.3364|37.3781
RATE win=4 arrive=20.62 done=20.13 dropped_in_win=0 cum_arrived=160 cum_done=159 cum_dropped=0 gear=0 hit_n=30 empty_n=7 rt_hit_p50=44.00 rt_empty_p50=43.00 prep_hit_p50=1.00 prep_empty_p50=1.00 thermal=2 battC=36.0
STAGE n=180 conv=10.3430 infer=42.6327 count=0 wh=480x640 rgbaSum=120684447 stages=-
RATE win=5 arrive=21.18 done=21.18 dropped_in_win=0 cum_arrived=203 cum_done=202 cum_dropped=0 gear=0 hit_n=30 empty_n=30 rt_hit_p50=44.00 rt_empty_p50=37.00 prep_hit_p50=1.00 prep_empty_p50=1.00 thermal=2 battC=37.0
STAGE n=210 conv=7.1522 infer=47.4580 count=0 wh=480x640 rgbaSum=119062634 stages=-
STAGE n=240 conv=2.7369 infer=22.4700 count=0 wh=480x640 rgbaSum=120433139 stages=-
RATE win=6 arrive=22.37 done=22.37 dropped_in_win=0 cum_arrived=248 cum_done=247 cum_dropped=0 gear=0 hit_n=30 empty_n=30 rt_hit_p50=44.00 rt_empty_p50=41.00 prep_hit_p50=1.00 prep_empty_p50=1.00 thermal=2 battC=37.0
STAGE n=270 conv=2.3650 infer=52.9538 count=1 wh=480x640 rgbaSum=124240438 stages=49.4114|3.1050|45.5273|0.0248|0.1103|3.3528|0.0245|0.3373|45.1900
RATE win=7 arrive=20.02 done=20.02 dropped_in_win=0 cum_arrived=289 cum_done=288 cum_dropped=0 gear=0 hit_n=30 empty_n=30 rt_hit_p50=51.00 rt_empty_p50=39.00 prep_hit_p50=1.00 prep_empty_p50=1.00 thermal=2 battC=37.0
STAGE n=300 conv=6.9109 infer=34.5133 count=1 wh=480x640 rgbaSum=123596439 stages=28.5886|1.9028|25.9608|0.0256|0.1769|5.5956|0.0961|0.3542|25.6066
RATE win=8 arrive=19.88 done=19.88 dropped_in_win=0 cum_arrived=329 cum_done=328 cum_dropped=0 gear=0 hit_n=30 empty_n=30 rt_hit_p50=47.00 rt_empty_p50=39.00 prep_hit_p50=1.00 prep_empty_p50=1.00 thermal=2 battC=37.0
STAGE n=330 conv=14.4561 infer=52.5731 count=1 wh=480x640 rgbaSum=114308961 stages=47.0609|3.0000|39.4728|0.1936|0.8939|4.3731|0.1295|0.8556|38.6172
STAGE n=360 conv=2.0052 infer=25.4319 count=1 wh=480x640 rgbaSum=116725945 stages=18.1636|1.7242|14.1667|0.0755|0.4767|6.7086|0.0420|0.2952|13.8716
RATE win=9 arrive=17.15 done=17.15 dropped_in_win=0 cum_arrived=364 cum_done=363 cum_dropped=0 gear=0 hit_n=30 empty_n=30 rt_hit_p50=55.00 rt_empty_p50=39.00 prep_hit_p50=1.00 prep_empty_p50=1.00 thermal=2 battC=37.0
STAGE n=390 conv=12.6200 infer=44.5981 count=1 wh=480x640 rgbaSum=120499918 stages=40.1702|6.6597|32.7425|0.0292|0.1416|4.1309|0.0452|0.6756|32.0669
RATE win=10 arrive=19.76 done=19.76 dropped_in_win=0 cum_arrived=404 cum_done=403 cum_dropped=0 gear=0 hit_n=30 empty_n=30 rt_hit_p50=44.00 rt_empty_p50=39.00 prep_hit_p50=1.00 prep_empty_p50=1.00 thermal=2 battC=37.0
STAGE n=420 conv=16.2741 infer=28.8669 count=1 wh=480x640 rgbaSum=118550319 stages=24.7455|3.6127|20.1462|0.0427|0.1534|3.7958|0.0495|0.3556|19.7906
RATE win=11 arrive=17.46 done=17.46 dropped_in_win=0 cum_arrived=439 cum_done=438 cum_dropped=0 gear=0 hit_n=30 empty_n=30 rt_hit_p50=47.00 rt_empty_p50=39.00 prep_hit_p50=1.00 prep_empty_p50=1.00 thermal=2 battC=37.0
STAGE n=450 conv=7.3619 infer=28.9620 count=1 wh=480x640 rgbaSum=117658739 stages=25.3283|1.8291|22.8875|0.0386|0.1491|3.4066|0.0333|0.3352|22.5523
RATE win=12 arrive=16.68 done=16.68 dropped_in_win=0 cum_arrived=473 cum_done=472 cum_dropped=0 gear=0 hit_n=30 empty_n=30 rt_hit_p50=55.00 rt_empty_p50=39.00 prep_hit_p50=1.00 prep_empty_p50=1.00 thermal=2 battC=37.0
STAGE n=480 conv=3.3862 infer=33.5028 count=1 wh=480x640 rgbaSum=117432125 stages=29.7216|2.1228|26.5275|0.0345|0.1430|3.4880|0.0859|0.5906|25.9369
RATE win=13 arrive=18.30 done=18.30 dropped_in_win=0 cum_arrived=510 cum_done=509 cum_dropped=0 gear=0 hit_n=30 empty_n=30 rt_hit_p50=52.00 rt_empty_p50=39.00 prep_hit_p50=1.00 prep_empty_p50=1.00 thermal=2 battC=37.0
STAGE n=510 conv=5.7450 infer=45.3188 count=1 wh=480x640 rgbaSum=116643162 stages=40.8420|3.4422|35.2105|0.0742|0.2822|4.0114|0.1019|0.6702|34.5403
STAGE n=540 conv=3.6620 infer=24.2641 count=1 wh=480x640 rgbaSum=115159434 stages=20.4567|2.3139|17.5425|0.0197|0.3030|3.4058|0.0330|0.3820|17.1605
RATE win=14 arrive=17.93 done=17.93 dropped_in_win=0 cum_arrived=546 cum_done=545 cum_dropped=0 gear=0 hit_n=30 empty_n=30 rt_hit_p50=52.00 rt_empty_p50=39.00 prep_hit_p50=1.00 prep_empty_p50=1.00 thermal=2 battC=37.0
STAGE n=570 conv=3.7453 infer=22.0023 count=1 wh=480x640 rgbaSum=114724768 stages=18.4116|2.0581|15.7719|0.0205|0.1900|3.2933|0.0350|0.4055|15.3664
RATE win=15 arrive=20.92 done=20.92 dropped_in_win=0 cum_arrived=588 cum_done=587 cum_dropped=0 gear=0 hit_n=30 empty_n=30 rt_hit_p50=41.00 rt_empty_p50=39.00 prep_hit_p50=1.00 prep_empty_p50=1.00 thermal=2 battC=37.0
STAGE n=600 conv=6.9405 infer=45.3302 count=1 wh=480x640 rgbaSum=114710807 stages=39.7170|2.4558|34.0875|0.0953|1.4000|4.0034|0.1353|0.4911|33.5964
RATE win=16 arrive=17.78 done=17.78 dropped_in_win=0 cum_arrived=624 cum_done=623 cum_dropped=0 gear=0 hit_n=30 empty_n=30 rt_hit_p50=45.00 rt_empty_p50=39.00 prep_hit_p50=1.00 prep_empty_p50=1.00 thermal=2 battC=37.0
STAGE n=630 conv=11.2597 infer=55.0916 count=1 wh=480x640 rgbaSum=114602204 stages=44.7923|2.1541|39.8997|0.0892|1.2208|8.8898|0.1245|0.4416|39.4581
STAGE n=660 conv=8.0131 infer=47.2344 count=1 wh=480x640 rgbaSum=114885713 stages=43.3237|1.8489|40.8898|0.0219|0.2820|3.4895|0.0961|0.4892|40.4006
RATE win=17 arrive=18.68 done=18.68 dropped_in_win=0 cum_arrived=662 cum_done=661 cum_dropped=0 gear=0 hit_n=30 empty_n=30 rt_hit_p50=47.00 rt_empty_p50=39.00 prep_hit_p50=1.00 prep_empty_p50=1.00 thermal=2 battC=37.0
STAGE n=690 conv=8.1364 infer=72.8427 count=1 wh=480x640 rgbaSum=114636705 stages=63.0241|4.3455|55.4572|0.0889|0.8764|8.6770|0.1611|0.7959|54.6613
RATE win=18 arrive=17.99 done=17.99 dropped_in_win=0 cum_arrived=698 cum_done=697 cum_dropped=0 gear=0 hit_n=30 empty_n=30 rt_hit_p50=50.00 rt_empty_p50=39.00 prep_hit_p50=1.00 prep_empty_p50=1.00 thermal=2 battC=37.0
STAGE n=720 conv=9.7614 infer=27.6056 count=1 wh=480x640 rgbaSum=114661044 stages=23.5373|3.3545|19.3252|0.0289|0.3456|3.3867|0.1652|0.5373|18.7878
RATE win=19 arrive=18.51 done=18.51 dropped_in_win=0 cum_arrived=736 cum_done=735 cum_dropped=0 gear=0 hit_n=30 empty_n=30 rt_hit_p50=49.00 rt_empty_p50=39.00 prep_hit_p50=1.00 prep_empty_p50=1.00 thermal=2 battC=37.0
STAGE n=750 conv=3.6219 infer=22.2169 count=1 wh=480x640 rgbaSum=114890018 stages=17.9433|1.6192|15.7205|0.0230|0.3381|3.8419|0.0384|0.2950|15.4255
RATE win=20 arrive=17.76 done=17.76 dropped_in_win=0 cum_arrived=773 cum_done=772 cum_dropped=0 gear=0 hit_n=30 empty_n=30 rt_hit_p50=51.00 rt_empty_p50=39.00 prep_hit_p50=1.00 prep_empty_p50=1.00 thermal=2 battC=37.0
STAGE n=780 conv=12.3014 infer=47.7291 count=1 wh=480x640 rgbaSum=114870437 stages=39.7016|1.9566|35.2553|0.0786|1.2825|6.5675|0.1059|0.4434|34.8119
RATE win=21 arrive=17.48 done=17.48 dropped_in_win=0 cum_arrived=808 cum_done=807 cum_dropped=0 gear=0 hit_n=30 empty_n=30 rt_hit_p50=56.00 rt_empty_p50=39.00 prep_hit_p50=1.00 prep_empty_p50=1.00 thermal=2 battC=37.0
STAGE n=810 conv=5.2409 infer=50.2725 count=1 wh=480x640 rgbaSum=114826085 stages=46.4655|2.1478|43.7881|0.0189|0.1761|3.5241|0.0422|0.4447|43.3434
RATE win=22 arrive=15.92 done=16.42 dropped_in_win=0 cum_arrived=840 cum_done=840 cum_dropped=0 gear=0 hit_n=30 empty_n=30 rt_hit_p50=53.00 rt_empty_p50=39.00 prep_hit_p50=1.00 prep_empty_p50=1.00 thermal=2 battC=37.0
STAGE n=840 conv=10.2619 infer=25.5947 count=1 wh=480x640 rgbaSum=114770979 stages=21.7366|3.9258|16.9748|0.0248|0.2516|3.4664|0.0392|0.3350|16.6398
STAGE n=870 conv=7.5594 infer=40.7856 count=1 wh=480x640 rgbaSum=114899187 stages=35.3606|2.9506|29.6641|0.0766|0.7603|4.4622|0.1205|0.6941|28.9700
RATE win=23 arrive=19.29 done=18.79 dropped_in_win=0 cum_arrived=879 cum_done=878 cum_dropped=0 gear=0 hit_n=30 empty_n=30 rt_hit_p50=49.00 rt_empty_p50=39.00 prep_hit_p50=1.00 prep_empty_p50=1.00 thermal=2 battC=37.0
STAGE n=900 conv=7.8917 infer=30.5620 count=1 wh=480x640 rgbaSum=114975243 stages=26.5705|3.7400|22.1503|0.0216|0.3473|3.5122|0.0431|0.3850|21.7653
RATE win=24 arrive=15.85 done=15.85 dropped_in_win=0 cum_arrived=911 cum_done=910 cum_dropped=0 gear=0 hit_n=30 empty_n=30 rt_hit_p50=50.00 rt_empty_p50=39.00 prep_hit_p50=1.00 prep_empty_p50=1.00 thermal=2 battC=37.0
STAGE n=930 conv=12.1322 infer=40.2284 count=1 wh=480x640 rgbaSum=114927613 stages=33.9447|7.1252|23.6305|0.0886|1.5772|4.4203|0.1467|2.1814|21.4491
RATE win=25 arrive=18.30 done=18.30 dropped_in_win=0 cum_arrived=948 cum_done=947 cum_dropped=0 gear=0 hit_n=30 empty_n=30 rt_hit_p50=50.00 rt_empty_p50=39.00 prep_hit_p50=1.00 prep_empty_p50=1.00 thermal=2 battC=37.0
STAGE n=960 conv=7.1211 infer=27.5300 count=1 wh=480x640 rgbaSum=114834665 stages=21.3020|2.2533|18.4367|0.0225|0.3034|5.8200|0.0422|0.4425|17.9942
RATE win=26 arrive=16.78 done=16.78 dropped_in_win=0 cum_arrived=982 cum_done=981 cum_dropped=0 gear=0 hit_n=30 empty_n=30 rt_hit_p50=50.00 rt_empty_p50=39.00 prep_hit_p50=1.00 prep_empty_p50=1.00 thermal=2 battC=38.0
STAGE n=990 conv=4.7848 infer=44.3597 count=1 wh=480x640 rgbaSum=114734236 stages=40.3698|6.3848|33.4534|0.0198|0.2450|3.5512|0.0356|2.1216|31.3319
RATE win=27 arrive=17.20 done=17.20 dropped_in_win=0 cum_arrived=1017 cum_done=1016 cum_dropped=0 gear=0 hit_n=30 empty_n=30 rt_hit_p50=55.00 rt_empty_p50=39.00 prep_hit_p50=1.00 prep_empty_p50=1.00 thermal=2 battC=38.0
STAGE n=1020 conv=7.3156 infer=45.9400 count=1 wh=480x640 rgbaSum=114663153 stages=42.3494|2.0231|39.8000|0.0198|0.1805|3.3328|0.0278|0.4091|39.3909
STAGE n=1050 conv=8.7406 infer=37.1297 count=1 wh=480x640 rgbaSum=115004957 stages=33.0514|5.4528|26.7547|0.0305|0.2941|3.6450|0.0433|0.5323|26.2223
RATE win=28 arrive=19.22 done=19.22 dropped_in_win=0 cum_arrived=1056 cum_done=1055 cum_dropped=0 gear=0 hit_n=30 empty_n=30 rt_hit_p50=47.00 rt_empty_p50=39.00 prep_hit_p50=1.00 prep_empty_p50=1.00 thermal=2 battC=38.0
STAGE n=1080 conv=2.2427 infer=51.9970 count=1 wh=480x640 rgbaSum=114906787 stages=48.0741|1.7375|45.8427|0.0183|0.1725|3.5431|0.1317|0.2972|45.5455
RATE win=29 arrive=18.74 done=18.74 dropped_in_win=0 cum_arrived=1094 cum_done=1093 cum_dropped=0 gear=0 hit_n=30 empty_n=30 rt_hit_p50=48.00 rt_empty_p50=39.00 prep_hit_p50=1.00 prep_empty_p50=1.00 thermal=2 battC=38.0
STAGE n=1110 conv=5.1114 infer=33.4302 count=1 wh=480x640 rgbaSum=115343724 stages=29.0030|1.9187|26.4286|0.0252|0.3464|3.6597|0.3355|0.3714|26.0572
RATE win=30 arrive=17.85 done=17.85 dropped_in_win=0 cum_arrived=1130 cum_done=1129 cum_dropped=0 gear=0 hit_n=30 empty_n=30 rt_hit_p50=53.00 rt_empty_p50=39.00 prep_hit_p50=1.00 prep_empty_p50=1.00 thermal=2 battC=38.0
STAGE n=1140 conv=14.4998 infer=41.2792 count=1 wh=480x640 rgbaSum=115400447 stages=36.6891|5.8405|29.2367|0.0367|0.2906|3.8958|0.2763|0.6677|28.5691
RATE win=31 arrive=16.87 done=16.87 dropped_in_win=0 cum_arrived=1165 cum_done=1164 cum_dropped=0 gear=0 hit_n=30 empty_n=30 rt_hit_p50=57.00 rt_empty_p50=39.00 prep_hit_p50=1.00 prep_empty_p50=1.00 thermal=2 battC=38.0
STAGE n=1170 conv=2.6041 infer=54.5192 count=1 wh=480x640 rgbaSum=115539550 stages=49.4858|2.5497|44.4342|0.0756|0.7756|4.0369|0.1225|0.3863|44.0480
STAGE n=1200 conv=2.1366 infer=23.1166 count=1 wh=480x640 rgbaSum=115529185 stages=19.1036|2.2617|16.2336|0.0206|0.2673|3.6566|0.0320|0.2967|15.9369
RATE win=32 arrive=19.17 done=19.17 dropped_in_win=0 cum_arrived=1204 cum_done=1203 cum_dropped=0 gear=0 hit_n=30 empty_n=30 rt_hit_p50=45.00 rt_empty_p50=39.00 prep_hit_p50=1.00 prep_empty_p50=1.00 thermal=2 battC=38.0
STAGE n=1230 conv=2.8952 infer=27.9178 count=1 wh=480x640 rgbaSum=115544002 stages=24.0283|1.5561|21.8937|0.0223|0.2844|3.5105|0.0381|0.2970|21.5967
RATE win=33 arrive=14.47 done=14.47 dropped_in_win=0 cum_arrived=1233 cum_done=1232 cum_dropped=0 gear=0 hit_n=30 empty_n=30 rt_hit_p50=60.00 rt_empty_p50=39.00 prep_hit_p50=1.00 prep_empty_p50=1.00 thermal=2 battC=38.0
STAGE n=1260 conv=9.4108 infer=37.8056 count=1 wh=480x640 rgbaSum=115347770 stages=32.1825|2.3772|28.9928|0.0508|0.2698|5.2709|0.0369|0.4419|28.5509
RATE win=34 arrive=16.25 done=16.25 dropped_in_win=0 cum_arrived=1266 cum_done=1265 cum_dropped=0 gear=0 hit_n=30 empty_n=30 rt_hit_p50=53.00 rt_empty_p50=39.00 prep_hit_p50=1.00 prep_empty_p50=1.00 thermal=2 battC=38.0
STAGE n=1290 conv=10.2041 infer=61.0422 count=1 wh=480x640 rgbaSum=115406013 stages=54.8112|5.9280|45.3347|0.0972|1.5041|4.4720|0.1291|2.4689|42.8658
RATE win=35 arrive=16.55 done=16.55 dropped_in_win=0 cum_arrived=1300 cum_done=1299 cum_dropped=0 gear=0 hit_n=30 empty_n=30 rt_hit_p50=50.00 rt_empty_p50=39.00 prep_hit_p50=1.00 prep_empty_p50=1.00 thermal=2 battC=38.0
STAGE n=1320 conv=2.6075 infer=55.5169 count=1 wh=480x640 rgbaSum=115333825 stages=51.3747|1.8950|48.8555|0.0252|0.1878|3.7436|0.1050|0.3789|48.4766
RATE win=36 arrive=18.50 done=18.50 dropped_in_win=0 cum_arrived=1338 cum_done=1337 cum_dropped=0 gear=0 hit_n=30 empty_n=30 rt_hit_p50=50.00 rt_empty_p50=39.00 prep_hit_p50=1.00 prep_empty_p50=1.00 thermal=2 battC=38.0
STAGE n=1350 conv=9.0325 infer=65.8292 count=1 wh=480x640 rgbaSum=115552481 stages=61.8202|3.8166|57.4475|0.0195|0.2805|3.5719|0.0450|0.4742|56.9733
RATE win=37 arrive=15.12 done=15.12 dropped_in_win=0 cum_arrived=1369 cum_done=1368 cum_dropped=0 gear=0 hit_n=30 empty_n=30 rt_hit_p50=59.00 rt_empty_p50=39.00 prep_hit_p50=1.00 prep_empty_p50=1.00 thermal=2 battC=38.0
STAGE n=1380 conv=16.8392 infer=43.4530 count=1 wh=480x640 rgbaSum=115279934 stages=39.6098|5.8878|33.0864|0.0214|0.3030|3.4162|0.0366|1.6936|31.3928
RATE win=38 arrive=15.41 done=15.41 dropped_in_win=0 cum_arrived=1402 cum_done=1401 cum_dropped=0 gear=0 hit_n=30 empty_n=30 rt_hit_p50=58.00 rt_empty_p50=39.00 prep_hit_p50=1.00 prep_empty_p50=1.00 thermal=2 battC=38.0
STAGE n=1410 conv=11.6722 infer=137.2622 count=1 wh=480x640 rgbaSum=115469787 stages=132.2067|6.0214|122.3500|0.1316|0.8952|3.9483|0.1314|1.9189|120.4311
RATE win=39 arrive=17.49 done=17.49 dropped_in_win=0 cum_arrived=1437 cum_done=1436 cum_dropped=0 gear=0 hit_n=30 empty_n=30 rt_hit_p50=47.00 rt_empty_p50=39.00 prep_hit_p50=1.00 prep_empty_p50=1.00 thermal=2 battC=38.0
STAGE n=1440 conv=2.3844 infer=40.7073 count=1 wh=480x640 rgbaSum=114926105 stages=35.6075|1.6409|31.5659|0.2384|1.0720|3.8520|0.1136|0.3614|31.2045
STAGE n=1470 conv=7.4491 infer=24.1436 count=1 wh=480x640 rgbaSum=114899010 stages=20.5652|1.6233|18.3311|0.0220|0.2011|3.2903|0.0295|0.2955|18.0356
RATE win=40 arrive=19.32 done=19.32 dropped_in_win=0 cum_arrived=1476 cum_done=1475 cum_dropped=0 gear=0 hit_n=30 empty_n=30 rt_hit_p50=43.00 rt_empty_p50=39.00 prep_hit_p50=1.00 prep_empty_p50=1.00 thermal=2 battC=38.0
STAGE n=1500 conv=12.7267 infer=58.1048 count=0 wh=480x640 rgbaSum=132034482 stages=-
RATE win=41 arrive=22.26 done=22.26 dropped_in_win=0 cum_arrived=1521 cum_done=1520 cum_dropped=0 gear=0 hit_n=30 empty_n=30 rt_hit_p50=41.00 rt_empty_p50=44.00 prep_hit_p50=1.00 prep_empty_p50=1.00 thermal=2 battC=38.0
STAGE n=1530 conv=9.0805 infer=58.4013 count=0 wh=480x640 rgbaSum=129774024 stages=-
STAGE n=1560 conv=7.9200 infer=28.8578 count=0 wh=480x640 rgbaSum=130048753 stages=-
RATE win=42 arrive=22.50 done=22.50 dropped_in_win=0 cum_arrived=1566 cum_done=1565 cum_dropped=0 gear=0 hit_n=30 empty_n=30 rt_hit_p50=41.00 rt_empty_p50=35.00 prep_hit_p50=1.00 prep_empty_p50=1.00 thermal=2 battC=38.0
STAGE n=1590 conv=7.8861 infer=42.8806 count=0 wh=480x640 rgbaSum=129891027 stages=-
RATE win=43 arrive=22.90 done=23.39 dropped_in_win=0 cum_arrived=1612 cum_done=1612 cum_dropped=0 gear=0 hit_n=30 empty_n=30 rt_hit_p50=41.00 rt_empty_p50=37.00 prep_hit_p50=1.00 prep_empty_p50=1.00 thermal=2 battC=38.0
STAGE n=1620 conv=2.1831 infer=20.8770 count=0 wh=480x640 rgbaSum=129936753 stages=-
STAGE n=1650 conv=13.9377 infer=54.9250 count=0 wh=480x640 rgbaSum=129829879 stages=-
RATE win=44 arrive=21.96 done=21.46 dropped_in_win=0 cum_arrived=1656 cum_done=1655 cum_dropped=0 gear=0 hit_n=30 empty_n=30 rt_hit_p50=41.00 rt_empty_p50=40.00 prep_hit_p50=1.00 prep_empty_p50=1.00 thermal=2 battC=38.0
STAGE n=1680 conv=2.3423 infer=22.8864 count=0 wh=480x640 rgbaSum=130023732 stages=-
RATE win=45 arrive=22.99 done=22.99 dropped_in_win=0 cum_arrived=1702 cum_done=1701 cum_dropped=0 gear=0 hit_n=30 empty_n=30 rt_hit_p50=41.00 rt_empty_p50=43.00 prep_hit_p50=1.00 prep_empty_p50=1.00 thermal=2 battC=38.0
STAGE n=1710 conv=10.4259 infer=19.6939 count=0 wh=480x640 rgbaSum=129838732 stages=-
STAGE n=1740 conv=9.3736 infer=33.2467 count=0 wh=480x640 rgbaSum=129752133 stages=-
RATE win=46 arrive=20.95 done=20.95 dropped_in_win=0 cum_arrived=1744 cum_done=1743 cum_dropped=0 gear=0 hit_n=30 empty_n=30 rt_hit_p50=41.00 rt_empty_p50=39.00 prep_hit_p50=1.00 prep_empty_p50=1.00 thermal=2 battC=38.0
STAGE n=1770 conv=2.4169 infer=62.3864 count=0 wh=480x640 rgbaSum=113089609 stages=-
RATE win=47 arrive=19.25 done=19.74 dropped_in_win=0 cum_arrived=1783 cum_done=1783 cum_dropped=0 gear=0 hit_n=30 empty_n=30 rt_hit_p50=41.00 rt_empty_p50=46.00 prep_hit_p50=1.00 prep_empty_p50=1.00 thermal=2 battC=38.0
STAGE n=1800 conv=7.9630 infer=30.8248 count=0 wh=480x640 rgbaSum=112397938 stages=-
