09-21 09:09:38.349 61887 61887 I A0D001/com.shusen.lprdemo/LprMatrix: MATRIX NNRT-DEVICES ["NPU_ohos.boot.hardware.kirin8020_v2_0","HIAI_F"]
09-21 09:09:38.725 61887 61887 I A0D001/com.shusen.lprdemo/LprMatrix: MATRIX y5fu_320x_head_fp32.ms nnrt LANDED=NNRT:NPU_ohos.boot.hardware.kirin8020_v2_0 engine=ms req=nnrt fallback= in=[1,320,320,3]/NHWC p50=5.1386ms mean=5.1549ms p50Io=5.9909ms L2=1043.4696 L2asFp16=48950.6240 maxAbs=18.0000 dtype=43 verdict=PASS
09-21 09:09:39.321 61887 61887 I A0D001/com.shusen.lprdemo/LprMatrix: MATRIX y5fu_320x_head_fp32.ms gpu LANDED=CPU engine=ms req=gpu fallback=GPU:fp16 in=[1,320,320,3]/NHWC p50=7.2400ms mean=7.3320ms p50Io=7.8364ms L2=1042.6634 L2asFp16=0.0000 maxAbs=18.0232 dtype=43 verdict=PASS
09-21 09:09:39.945 61887 61887 I A0D001/com.shusen.lprdemo/LprMatrix: MATRIX y5fu_320x_head_fp32.ms kirin LANDED=CPU engine=ms req=kirin fallback=KIRIN_NPU in=[1,320,320,3]/NHWC p50=7.4081ms mean=8.2631ms p50Io=8.9763ms L2=1042.6634 L2asFp16=0.0000 maxAbs=18.0232 dtype=43 verdict=PASS
09-21 09:09:40.069 61887 61887 I A0D001/com.shusen.lprdemo/LprNativeUI: GAP SWEEP BEGIN models=3 backends=cpu_t4,cpu_t1 tiers=5
09-21 09:09:40.542 61887 61887 I A0D001/com.shusen.lprdemo/LprMatrix: MATRIX y5fu_320x_head_fp32.ms cpu LANDED=CPU engine=ms req=cpu fallback= in=[1,320,320,3]/NHWC p50=8.6877ms mean=8.9740ms p50Io=7.9355ms L2=1042.6634 L2asFp16=0.0000 maxAbs=18.0232 dtype=43 verdict=PASS
09-21 09:09:40.843 61887 61887 I A0D001/com.shusen.lprdemo/LprMatrix: MATRIX rpv3_mdict_160_r3.ms nnrt LANDED=NNRT:NPU_ohos.boot.hardware.kirin8020_v2_0 engine=ms req=nnrt fallback= in=[1,48,160,3]/NHWC p50=3.9277ms mean=4.0252ms p50Io=4.1284ms L2=2.9997 L2asFp16=5042.7128 maxAbs=0.7773 dtype=43 verdict=PASS
09-21 09:09:41.382 61887 61887 I A0D001/com.shusen.lprdemo/LprMatrix: MATRIX y5fu_320x_head_fp32.ms LANDED=CPU:t4 gapMs=0.0000 polluteKB=0 spinMs=0.0000 p50=7.2578ms mean=7.2483ms p50Io=7.8769ms min=7.0111ms max=7.5619ms L2=1042.6634
09-21 09:09:41.987 61887 61887 I A0D001/com.shusen.lprdemo/LprMatrix: MATRIX rpv3_mdict_160_r3.ms gpu LANDED=CPU engine=ms req=gpu fallback=GPU:fp16 in=[1,48,160,3]/NHWC p50=9.0367ms mean=9.0905ms p50Io=9.0372ms L2=2.9921 L2asFp16=0.0000 maxAbs=0.7703 dtype=43 verdict=PASS
09-21 09:09:42.992 61887 61887 I A0D001/com.shusen.lprdemo/LprMatrix: MATRIX y5fu_320x_head_fp32.ms LANDED=CPU:t4 gapMs=8.0000 polluteKB=0 spinMs=0.0000 p50=16.1391ms mean=15.0829ms p50Io=7.9970ms min=8.0936ms max=18.1523ms L2=1042.6634
09-21 09:09:43.609 61887 61887 I A0D001/com.shusen.lprdemo/LprMatrix: MATRIX rpv3_mdict_160_r3.ms kirin LANDED=CPU engine=ms req=kirin fallback=KIRIN_NPU in=[1,48,160,3]/NHWC p50=9.3186ms mean=9.5937ms p50Io=9.0497ms L2=2.9921 L2asFp16=0.0000 maxAbs=0.7703 dtype=43 verdict=PASS
09-21 09:09:45.858 61887 61887 I A0D001/com.shusen.lprdemo/LprMatrix: MATRIX y5fu_320x_head_fp32.ms LANDED=CPU:t4 gapMs=33.0000 polluteKB=0 spinMs=0.0000 p50=31.5589ms mean=31.5847ms p50Io=8.0870ms min=12.1075ms max=46.9806ms L2=1042.6634
09-21 09:09:46.471 61887 61887 I A0D001/com.shusen.lprdemo/LprMatrix: MATRIX rpv3_mdict_160_r3.ms cpu LANDED=CPU engine=ms req=cpu fallback= in=[1,48,160,3]/NHWC p50=9.0877ms mean=9.2662ms p50Io=9.0328ms L2=2.9921 L2asFp16=0.0000 maxAbs=0.7703 dtype=43 verdict=PASS
09-21 09:09:48.575 61887 61887 I A0D001/com.shusen.lprdemo/LprMatrix: MATRIX y5fu_320x_head_fp32.ms LANDED=CPU:t4 gapMs=0.0000 polluteKB=0 spinMs=33.0000 p50=28.0637ms mean=27.3805ms p50Io=7.8848ms min=12.2327ms max=36.3739ms L2=1042.6634
09-21 09:09:48.672 61887 61887 I A0D001/com.shusen.lprdemo/LprMatrix: MATRIX litemodel_cls_96x_r1_fp32.ms nnrt LANDED=NNRT:NPU_ohos.boot.hardware.kirin8020_v2_0 engine=ms req=nnrt fallback= in=[1,96,96,3]/NHWC p50=1.1023ms mean=1.1198ms p50Io=1.1669ms L2=0.9980 L2asFp16=1.8740 maxAbs=0.9980 dtype=43 verdict=PASS
09-21 09:09:49.238 61887 61887 I A0D001/com.shusen.lprdemo/LprMatrix: MATRIX y5fu_320x_head_fp32.ms LANDED=CPU:t4 gapMs=0.0000 polluteKB=1200 spinMs=0.0000 p50=7.4959ms mean=7.7779ms p50Io=7.9141ms min=7.2138ms max=10.6559ms L2=1042.6634
09-21 09:09:49.296 61887 61887 I A0D001/com.shusen.lprdemo/LprMatrix: MATRIX litemodel_cls_96x_r1_fp32.ms gpu LANDED=CPU engine=ms req=gpu fallback=GPU:fp16 in=[1,96,96,3]/NHWC p50=0.8350ms mean=0.8501ms p50Io=0.8427ms L2=0.9999 L2asFp16=56576.0000 maxAbs=0.9999 dtype=43 verdict=PASS
09-21 09:09:49.460 61887 61887 I A0D001/com.shusen.lprdemo/LprMatrix: MATRIX litemodel_cls_96x_r1_fp32.ms kirin LANDED=CPU engine=ms req=kirin fallback=KIRIN_NPU in=[1,96,96,3]/NHWC p50=1.0012ms mean=0.9989ms p50Io=0.8341ms L2=0.9999 L2asFp16=56576.0000 maxAbs=0.9999 dtype=43 verdict=PASS
09-21 09:09:50.114 61887 61887 I A0D001/com.shusen.lprdemo/LprMatrix: MATRIX rpv3_mdict_160_r3.ms LANDED=CPU:t4 gapMs=0.0000 polluteKB=0 spinMs=0.0000 p50=9.0898ms mean=9.1258ms p50Io=9.1264ms min=8.8613ms max=9.4102ms L2=2.9921
09-21 09:09:50.170 61887 61887 I A0D001/com.shusen.lprdemo/LprMatrix: MATRIX litemodel_cls_96x_r1_fp32.ms cpu LANDED=CPU engine=ms req=cpu fallback= in=[1,96,96,3]/NHWC p50=0.8383ms mean=0.8455ms p50Io=0.7338ms L2=0.9999 L2asFp16=56576.0000 maxAbs=0.9999 dtype=43 verdict=PASS
09-21 09:09:51.243 61887 61887 I A0D001/com.shusen.lprdemo/LprMatrix: MATRIX rpv3_mdict_160_r3.ms LANDED=CPU:t4 gapMs=8.0000 polluteKB=0 spinMs=0.0000 p50=18.3028ms mean=16.6779ms p50Io=9.0134ms min=9.3311ms max=24.6661ms L2=2.9921
09-21 09:09:51.298 61887 61887 I A0D001/com.shusen.lprdemo/LprMatrix: MATRIX litemodel_cls_96x_r1.ms nnrt LANDED=CPU engine=ms req=nnrt fallback=NNRT:NPU_ohos.boot.hardware.kirin8020_v2_0 in=[1,96,96,3]/NHWC p50=0.7359ms mean=0.7566ms p50Io=0.7314ms L2=0.9999 L2asFp16=56640.0000 maxAbs=0.9999 dtype=43 verdict=PASS
09-21 09:09:53.641 61887 61887 I A0D001/com.shusen.lprdemo/LprMatrix: MATRIX rpv3_mdict_160_r3.ms LANDED=CPU:t4 gapMs=33.0000 polluteKB=0 spinMs=0.0000 p50=37.4022ms mean=33.8754ms p50Io=9.0544ms min=13.6228ms max=45.8739ms L2=2.9921
09-21 09:09:53.698 61887 61887 I A0D001/com.shusen.lprdemo/LprMatrix: MATRIX litemodel_cls_96x_r1.ms gpu LANDED=CPU engine=ms req=gpu fallback=GPU:fp16 in=[1,96,96,3]/NHWC p50=0.8002ms mean=0.8072ms p50Io=0.7731ms L2=0.9999 L2asFp16=56640.0000 maxAbs=0.9999 dtype=43 verdict=PASS
09-21 09:09:53.699 61887 61887 I A0D001/com.shusen.lprdemo/LprMatrix: MATRIX END
09-21 09:09:55.997 61887 61887 I A0D001/com.shusen.lprdemo/LprMatrix: MATRIX rpv3_mdict_160_r3.ms LANDED=CPU:t4 gapMs=0.0000 polluteKB=0 spinMs=33.0000 p50=33.0411ms mean=32.1640ms p50Io=9.2375ms min=12.7120ms max=39.9436ms L2=2.9921
09-21 09:09:56.690 61887 61887 I A0D001/com.shusen.lprdemo/LprMatrix: MATRIX rpv3_mdict_160_r3.ms LANDED=CPU:t4 gapMs=0.0000 polluteKB=1200 spinMs=0.0000 p50=9.0978ms mean=9.3823ms p50Io=9.0302ms min=8.7620ms max=14.4886ms L2=2.9921
09-21 09:09:57.651 61887 61887 I A0D001/com.shusen.lprdemo/LprMatrix: MATRIX y5fu_320x_head_fp32.ms cpu_t1 LANDED=CPU:t1 engine=ms req=cpu_t1 fallback= in=[1,320,320,3]/NHWC p50=12.4272ms mean=12.4590ms p50Io=12.7078ms L2=1042.6634 L2asFp16=0.0000 maxAbs=18.0232 dtype=43 verdict=PASS
09-21 09:09:57.754 61887 61887 I A0D001/com.shusen.lprdemo/LprMatrix: MATRIX litemodel_cls_96x_r1_fp32.ms LANDED=CPU:t4 gapMs=0.0000 polluteKB=0 spinMs=0.0000 p50=1.4447ms mean=1.5036ms p50Io=0.6116ms min=0.5983ms max=3.0137ms L2=0.9999
09-21 09:09:58.534 61887 61887 I A0D001/com.shusen.lprdemo/LprMatrix: MATRIX y5fu_320x_head_fp32.ms cpu_t2 LANDED=CPU:t2 engine=ms req=cpu_t2 fallback= in=[1,320,320,3]/NHWC p50=11.5787ms mean=11.5696ms p50Io=12.0891ms L2=1042.6634 L2asFp16=0.0000 maxAbs=18.0232 dtype=43 verdict=PASS
09-21 09:09:59.034 61887 61887 I A0D001/com.shusen.lprdemo/LprMatrix: MATRIX litemodel_cls_96x_r1_fp32.ms LANDED=CPU:t4 gapMs=8.0000 polluteKB=0 spinMs=0.0000 p50=5.2456ms mean=4.8408ms p50Io=2.9134ms min=1.4620ms max=9.2506ms L2=0.9999
09-21 09:09:59.567 61887 61887 I A0D001/com.shusen.lprdemo/LprMatrix: MATRIX y5fu_320x_head_fp32.ms cpu_t4 LANDED=CPU:t4 engine=ms req=cpu_t4 fallback= in=[1,320,320,3]/NHWC p50=7.2503ms mean=7.2723ms p50Io=7.9542ms L2=1042.6634 L2asFp16=0.0000 maxAbs=18.0232 dtype=43 verdict=PASS
09-21 09:10:00.874 61887 61887 I A0D001/com.shusen.lprdemo/LprMatrix: MATRIX litemodel_cls_96x_r1_fp32.ms LANDED=CPU:t4 gapMs=33.0000 polluteKB=0 spinMs=0.0000 p50=5.8003ms mean=6.3617ms p50Io=2.5859ms min=2.3959ms max=40.0886ms L2=0.9999
09-21 09:10:02.168 61887 61887 I A0D001/com.shusen.lprdemo/LprMatrix: MATRIX litemodel_cls_96x_r1_fp32.ms LANDED=CPU:t4 gapMs=0.0000 polluteKB=0 spinMs=33.0000 p50=5.3302ms mean=5.2878ms p50Io=2.5130ms min=1.9723ms max=11.7128ms L2=0.9999
09-21 09:10:02.854 61887 61887 I A0D001/com.shusen.lprdemo/LprMatrix: MATRIX y5fu_320x_head_fp32.ms cpu_t6 LANDED=CPU:t6 engine=ms req=cpu_t6 fallback= in=[1,320,320,3]/NHWC p50=9.9148ms mean=9.8986ms p50Io=10.4375ms L2=1042.6634 L2asFp16=0.0000 maxAbs=18.0232 dtype=43 verdict=PASS
09-21 09:10:02.992 61887 61887 I A0D001/com.shusen.lprdemo/LprMatrix: MATRIX litemodel_cls_96x_r1_fp32.ms LANDED=CPU:t4 gapMs=0.0000 polluteKB=1200 spinMs=0.0000 p50=2.3030ms mean=2.5205ms p50Io=0.9509ms min=1.0942ms max=5.0028ms L2=0.9999
09-21 09:10:03.736 61887 61887 I A0D001/com.shusen.lprdemo/LprMatrix: MATRIX y5fu_320x_head_fp32.ms cpu_t8 LANDED=CPU:t8 engine=ms req=cpu_t8 fallback= in=[1,320,320,3]/NHWC p50=9.5817ms mean=9.6476ms p50Io=9.4369ms L2=1042.6634 L2asFp16=0.0000 maxAbs=18.0232 dtype=43 verdict=PASS
09-21 09:10:04.648 61887 61887 I A0D001/com.shusen.lprdemo/LprMatrix: MATRIX y5fu_320x_head_fp32.ms LANDED=CPU:t1 gapMs=0.0000 polluteKB=0 spinMs=0.0000 p50=12.3705ms mean=12.4072ms p50Io=12.6728ms min=11.9955ms max=13.1512ms L2=1042.6634
09-21 09:10:05.999 61887 61887 I A0D001/com.shusen.lprdemo/LprMatrix: MATRIX y5fu_320x_head_fp32.ms LANDED=CPU:t1 gapMs=8.0000 polluteKB=0 spinMs=0.0000 p50=23.1842ms mean=21.2589ms p50Io=12.5977ms min=12.9787ms max=25.6198ms L2=1042.6634
09-21 09:10:07.050 61887 61887 I A0D001/com.shusen.lprdemo/LprMatrix: MATRIX rpv3_mdict_160_r3.ms cpu_t1 LANDED=CPU:t1 engine=ms req=cpu_t1 fallback= in=[1,48,160,3]/NHWC p50=16.1909ms mean=16.1905ms p50Io=16.0623ms L2=2.9921 L2asFp16=0.0000 maxAbs=0.7703 dtype=43 verdict=PASS
09-21 09:10:09.665 61887 61887 I A0D001/com.shusen.lprdemo/LprMatrix: MATRIX y5fu_320x_head_fp32.ms LANDED=CPU:t1 gapMs=33.0000 polluteKB=0 spinMs=0.0000 p50=39.2037ms mean=38.3156ms p50Io=12.6131ms min=18.1211ms max=47.0009ms L2=1042.6634
09-21 09:10:11.499 61887 61887 I A0D001/com.shusen.lprdemo/LprMatrix: MATRIX y5fu_320x_head_fp32.ms LANDED=CPU:t1 gapMs=0.0000 polluteKB=0 spinMs=33.0000 p50=12.6578ms mean=12.6949ms p50Io=12.6459ms min=12.4180ms max=13.3339ms L2=1042.6634
09-21 09:10:12.474 61887 61887 I A0D001/com.shusen.lprdemo/LprMatrix: MATRIX rpv3_mdict_160_r3.ms cpu_t2 LANDED=CPU:t2 engine=ms req=cpu_t2 fallback= in=[1,48,160,3]/NHWC p50=14.1127ms mean=14.2370ms p50Io=14.1953ms L2=2.9921 L2asFp16=0.0000 maxAbs=0.7703 dtype=43 verdict=PASS
09-21 09:10:13.380 61887 61887 I A0D001/com.shusen.lprdemo/LprMatrix: MATRIX y5fu_320x_head_fp32.ms LANDED=CPU:t1 gapMs=0.0000 polluteKB=1200 spinMs=0.0000 p50=12.4156ms mean=12.4113ms p50Io=12.6905ms min=12.0886ms max=12.6558ms L2=1042.6634
09-21 09:10:13.998 61887 61887 I A0D001/com.shusen.lprdemo/LprMatrix: MATRIX rpv3_mdict_160_r3.ms cpu_t4 LANDED=CPU:t4 engine=ms req=cpu_t4 fallback= in=[1,48,160,3]/NHWC p50=9.0325ms mean=9.3127ms p50Io=9.0570ms L2=2.9921 L2asFp16=0.0000 maxAbs=0.7703 dtype=43 verdict=PASS
09-21 09:10:15.151 61887 61887 I A0D001/com.shusen.lprdemo/LprMatrix: MATRIX rpv3_mdict_160_r3.ms LANDED=CPU:t1 gapMs=0.0000 polluteKB=0 spinMs=0.0000 p50=16.2270ms mean=16.1759ms p50Io=16.1784ms min=15.7697ms max=16.4014ms L2=2.9921
09-21 09:10:16.759 61887 61887 I A0D001/com.shusen.lprdemo/LprMatrix: MATRIX rpv3_mdict_160_r3.ms LANDED=CPU:t1 gapMs=8.0000 polluteKB=0 spinMs=0.0000 p50=27.2817ms mean=25.4679ms p50Io=16.2495ms min=17.6548ms max=32.9006ms L2=2.9921
09-21 09:10:17.538 61887 61887 I A0D001/com.shusen.lprdemo/LprMatrix: MATRIX rpv3_mdict_160_r3.ms cpu_t6 LANDED=CPU:t6 engine=ms req=cpu_t6 fallback= in=[1,48,160,3]/NHWC p50=11.0123ms mean=11.1855ms p50Io=11.0970ms L2=2.9921 L2asFp16=0.0000 maxAbs=0.7703 dtype=43 verdict=PASS
09-21 09:10:20.561 61887 61887 I A0D001/com.shusen.lprdemo/LprMatrix: MATRIX rpv3_mdict_160_r3.ms LANDED=CPU:t1 gapMs=33.0000 polluteKB=0 spinMs=0.0000 p50=45.3848ms mean=44.5190ms p50Io=16.2627ms min=25.2614ms max=50.3139ms L2=2.9921
09-21 09:10:22.648 61887 61887 I A0D001/com.shusen.lprdemo/LprMatrix: MATRIX rpv3_mdict_160_r3.ms LANDED=CPU:t1 gapMs=0.0000 polluteKB=0 spinMs=33.0000 p50=16.8530ms mean=16.8381ms p50Io=16.2667ms min=16.3683ms max=17.5188ms L2=2.9921
09-21 09:10:23.298 61887 61887 I A0D001/com.shusen.lprdemo/LprMatrix: MATRIX rpv3_mdict_160_r3.ms cpu_t8 LANDED=CPU:t8 engine=ms req=cpu_t8 fallback= in=[1,48,160,3]/NHWC p50=9.6895ms mean=9.6882ms p50Io=9.7575ms L2=2.9921 L2asFp16=0.0000 maxAbs=0.7703 dtype=43 verdict=PASS
09-21 09:10:24.472 61887 61887 I A0D001/com.shusen.lprdemo/LprMatrix: MATRIX rpv3_mdict_160_r3.ms LANDED=CPU:t1 gapMs=0.0000 polluteKB=1200 spinMs=0.0000 p50=16.2197ms mean=16.1999ms p50Io=16.1589ms min=15.7683ms max=16.6039ms L2=2.9921
09-21 09:10:24.533 61887 61887 I A0D001/com.shusen.lprdemo/LprMatrix: MATRIX litemodel_cls_96x_r1_fp32.ms cpu_t1 LANDED=CPU:t1 engine=ms req=cpu_t1 fallback= in=[1,96,96,3]/NHWC p50=0.5475ms mean=0.5981ms p50Io=0.4841ms L2=0.9999 L2asFp16=56576.0000 maxAbs=0.9999 dtype=43 verdict=PASS
09-21 09:10:24.564 61887 61887 I A0D001/com.shusen.lprdemo/LprMatrix: MATRIX litemodel_cls_96x_r1_fp32.ms LANDED=CPU:t1 gapMs=0.0000 polluteKB=0 spinMs=0.0000 p50=0.4564ms mean=0.4625ms p50Io=0.4609ms min=0.4403ms max=0.5041ms L2=0.9999
09-21 09:10:25.108 61887 61887 I A0D001/com.shusen.lprdemo/LprMatrix: MATRIX litemodel_cls_96x_r1_fp32.ms LANDED=CPU:t1 gapMs=8.0000 polluteKB=0 spinMs=0.0000 p50=7.4798ms mean=6.1995ms p50Io=3.6200ms min=0.5162ms max=9.7481ms L2=0.9999
09-21 09:10:25.205 61887 61887 I A0D001/com.shusen.lprdemo/LprMatrix: MATRIX litemodel_cls_96x_r1_fp32.ms cpu_t2 LANDED=CPU:t2 engine=ms req=cpu_t2 fallback= in=[1,96,96,3]/NHWC p50=2.2214ms mean=1.6801ms p50Io=0.6942ms L2=0.9999 L2asFp16=56576.0000 maxAbs=0.9999 dtype=43 verdict=PASS
09-21 09:10:26.548 61887 61887 I A0D001/com.shusen.lprdemo/LprMatrix: MATRIX litemodel_cls_96x_r1_fp32.ms LANDED=CPU:t1 gapMs=33.0000 polluteKB=0 spinMs=0.0000 p50=9.4645ms mean=7.6787ms p50Io=3.5995ms min=3.6375ms max=10.8800ms L2=0.9999
09-21 09:10:26.602 61887 61887 I A0D001/com.shusen.lprdemo/LprMatrix: MATRIX litemodel_cls_96x_r1_fp32.ms cpu_t4 LANDED=CPU:t4 engine=ms req=cpu_t4 fallback= in=[1,96,96,3]/NHWC p50=0.8669ms mean=0.8900ms p50Io=0.6359ms L2=0.9999 L2asFp16=56576.0000 maxAbs=0.9999 dtype=43 verdict=PASS
09-21 09:10:27.650 61887 61887 I A0D001/com.shusen.lprdemo/LprMatrix: MATRIX litemodel_cls_96x_r1_fp32.ms LANDED=CPU:t1 gapMs=0.0000 polluteKB=0 spinMs=33.0000 p50=0.5714ms mean=0.7393ms p50Io=0.4778ms min=0.5492ms max=4.2902ms L2=0.9999
09-21 09:10:27.695 61887 61887 I A0D001/com.shusen.lprdemo/LprMatrix: MATRIX litemodel_cls_96x_r1_fp32.ms LANDED=CPU:t1 gapMs=0.0000 polluteKB=1200 spinMs=0.0000 p50=0.4631ms mean=0.4624ms p50Io=0.4411ms min=0.4372ms max=0.5548ms L2=0.9999
09-21 09:10:27.696 61887 61887 I A0D001/com.shusen.lprdemo/LprNativeUI: GAP SWEEP END
09-21 09:10:27.766 61887 61887 I A0D001/com.shusen.lprdemo/LprMatrix: MATRIX litemodel_cls_96x_r1_fp32.ms cpu_t6 LANDED=CPU:t6 engine=ms req=cpu_t6 fallback= in=[1,96,96,3]/NHWC p50=0.6648ms mean=1.1403ms p50Io=0.5659ms L2=0.9999 L2asFp16=56576.0000 maxAbs=0.9999 dtype=43 verdict=PASS
09-21 09:10:27.871 61887 61887 I A0D001/com.shusen.lprdemo/LprMatrix: MATRIX litemodel_cls_96x_r1_fp32.ms cpu_t8 LANDED=CPU:t8 engine=ms req=cpu_t8 fallback= in=[1,96,96,3]/NHWC p50=0.7892ms mean=0.8380ms p50Io=0.7145ms L2=0.9999 L2asFp16=56576.0000 maxAbs=0.9999 dtype=43 verdict=PASS
