RQ4 BEGIN minutes=20 rounds=80 intervalMs=15000 frame=assets/samples/hlpr-test.jpg ts=1789993657420
RQ4 r=0 t=0 thermal=2 battC=35.0 soc=100 chg=3 load=2 totalMs=28.0566 code=苏ED5172 backends=det,cpu,CPU,,1076.7692,nan,1|rec,nnrt,NNRT:NPU_ohos.boot.hardware.kirin8020_v2_0,,4.0489,3692.1536,1|cls,cpu,CPU,,0.0000,0.0000,0
RQ4P r=0 p0=苏ED5172,0.7273,0.7366,0,1751|747|1879|855,78|123,green|0.9756,苏|E|D|5|1|7|2,0.7227|0.7969|0.5762|0.9941|0.7832|0.7168|0.5664,19.8525|4.3033|14.8202|0.0414|1.6158|6.3053|0.0842|0.3381|14.4820,2773473
RQ4 r=1 t=15 thermal=2 battC=35.0 soc=100 chg=3 load=2 totalMs=68.3370 code=苏ED5172 backends=det,cpu,CPU,,1076.7692,nan,1|rec,nnrt,NNRT:NPU_ohos.boot.hardware.kirin8020_v2_0,,4.0489,3692.1536,1|cls,cpu,CPU,,0.0000,0.0000,0
RQ4P r=1 p0=苏ED5172,0.7273,0.7366,0,1751|747|1879|855,78|123,green|0.9756,苏|E|D|5|1|7|2,0.7227|0.7969|0.5762|0.9941|0.7832|0.7168|0.5664,51.8956|9.8484|41.0988|0.0258|2.2441|14.0711|0.0884|1.4445|39.6542,2773473
RQ4 r=2 t=30 thermal=2 battC=35.0 soc=100 chg=3 load=2 totalMs=92.2616 code=苏ED5172 backends=det,cpu,CPU,,1076.7692,nan,1|rec,nnrt,NNRT:NPU_ohos.boot.hardware.kirin8020_v2_0,,4.0489,3692.1536,1|cls,cpu,CPU,,0.0000,0.0000,0
RQ4P r=2 p0=苏ED5172,0.7273,0.7366,0,1751|747|1879|855,78|123,green|0.9756,苏|E|D|5|1|7|2,0.7227|0.7969|0.5762|0.9941|0.7832|0.7168|0.5664,59.5359|9.9611|46.3392|0.0786|7.8514|24.4592|0.3564|1.4891|44.8502,2773473
RQ4 r=3 t=45 thermal=2 battC=35.0 soc=100 chg=3 load=2 totalMs=90.8398 code=苏ED5172 backends=det,cpu,CPU,,1076.7692,nan,1|rec,nnrt,NNRT:NPU_ohos.boot.hardware.kirin8020_v2_0,,4.0489,3692.1536,1|cls,cpu,CPU,,0.0000,0.0000,0
RQ4P r=3 p0=苏ED5172,0.7273,0.7366,0,1751|747|1879|855,78|123,green|0.9756,苏|E|D|5|1|7|2,0.7227|0.7969|0.5762|0.9941|0.7832|0.7168|0.5664,60.2497|9.8456|47.0967|0.0842|7.7656|22.5016|0.2731|1.4433|45.6534,2773473
RQ4 r=4 t=60 thermal=2 battC=35.0 soc=100 chg=3 load=2 totalMs=93.5750 code=苏ED5172 backends=det,cpu,CPU,,1076.7692,nan,1|rec,nnrt,NNRT:NPU_ohos.boot.hardware.kirin8020_v2_0,,4.0489,3692.1536,1|cls,cpu,CPU,,0.0000,0.0000,0
RQ4P r=4 p0=苏ED5172,0.7273,0.7366,0,1751|747|1879|855,78|123,green|0.9756,苏|E|D|5|1|7|2,0.7227|0.7969|0.5762|0.9941|0.7832|0.7168|0.5664,63.5739|9.8578|50.5078|0.0794|7.9883|21.8680|0.1094|1.4380|49.0698,2773473
RQ4 r=5 t=75 thermal=2 battC=35.0 soc=100 chg=3 load=2 totalMs=49.0663 code=苏ED5172 backends=det,cpu,CPU,,1076.7692,nan,1|rec,nnrt,NNRT:NPU_ohos.boot.hardware.kirin8020_v2_0,,4.0489,3692.1536,1|cls,cpu,CPU,,0.0000,0.0000,0
RQ4P r=5 p0=苏ED5172,0.7273,0.7366,0,1751|747|1879|855,78|123,green|0.9756,苏|E|D|5|1|7|2,0.7227|0.7969|0.5762|0.9941|0.7832|0.7168|0.5664,33.3080|3.2652|29.1909|0.0227|1.8592|13.7873|0.0947|0.3772|28.8137,2773473
RQ4 r=6 t=90 thermal=2 battC=35.0 soc=100 chg=3 load=2 totalMs=65.1183 code=苏ED5172 backends=det,cpu,CPU,,1076.7692,nan,1|rec,nnrt,NNRT:NPU_ohos.boot.hardware.kirin8020_v2_0,,4.0489,3692.1536,1|cls,cpu,CPU,,0.0000,0.0000,0
RQ4P r=6 p0=苏ED5172,0.7273,0.7366,0,1751|747|1879|855,78|123,green|0.9756,苏|E|D|5|1|7|2,0.7227|0.7969|0.5762|0.9941|0.7832|0.7168|0.5664,47.6731|9.8770|36.8367|0.0230|2.2697|15.0233|0.1130|1.4420|35.3947,2773473
RQ4 r=7 t=105 thermal=2 battC=35.0 soc=100 chg=3 load=2 totalMs=74.8963 code=苏ED5172 backends=det,cpu,CPU,,1076.7692,nan,1|rec,nnrt,NNRT:NPU_ohos.boot.hardware.kirin8020_v2_0,,4.0489,3692.1536,1|cls,cpu,CPU,,0.0000,0.0000,0
RQ4P r=7 p0=苏ED5172,0.7273,0.7366,0,1751|747|1879|855,78|123,green|0.9756,苏|E|D|5|1|7|2,0.7227|0.7969|0.5762|0.9941|0.7832|0.7168|0.5664,57.8331|10.0222|46.5405|0.0314|2.4938|14.3798|0.1386|1.4752|45.0653,2773473
RQ4 r=8 t=120 thermal=2 battC=35.0 soc=100 chg=3 load=2 totalMs=56.3058 code=苏ED5172 backends=det,cpu,CPU,,1076.7692,nan,1|rec,nnrt,NNRT:NPU_ohos.boot.hardware.kirin8020_v2_0,,4.0489,3692.1536,1|cls,cpu,CPU,,0.0000,0.0000,0
RQ4P r=8 p0=苏ED5172,0.7273,0.7366,0,1751|747|1879|855,78|123,green|0.9756,苏|E|D|5|1|7|2,0.7227|0.7969|0.5762|0.9941|0.7832|0.7168|0.5664,38.7639|9.8198|27.8670|0.0270|2.1762|15.2339|0.0967|1.5033|26.3638,2773473
RQ4 r=9 t=135 thermal=2 battC=35.0 soc=100 chg=3 load=2 totalMs=36.9377 code=苏ED5172 backends=det,cpu,CPU,,1076.7692,nan,1|rec,nnrt,NNRT:NPU_ohos.boot.hardware.kirin8020_v2_0,,4.0489,3692.1536,1|cls,cpu,CPU,,0.0000,0.0000,0
RQ4P r=9 p0=苏ED5172,0.7273,0.7366,0,1751|747|1879|855,78|123,green|0.9756,苏|E|D|5|1|7|2,0.7227|0.7969|0.5762|0.9941|0.7832|0.7168|0.5664,18.5669|2.9447|14.6305|0.0250|1.7677|16.4553|0.1231|0.2925|14.3380,2773473
RQ4 r=10 t=150 thermal=2 battC=35.0 soc=100 chg=3 load=2 totalMs=68.5209 code=苏ED5172 backends=det,cpu,CPU,,1076.7692,nan,1|rec,nnrt,NNRT:NPU_ohos.boot.hardware.kirin8020_v2_0,,4.0489,3692.1536,1|cls,cpu,CPU,,0.0000,0.0000,0
RQ4P r=10 p0=苏ED5172,0.7273,0.7366,0,1751|747|1879|855,78|123,green|0.9756,苏|E|D|5|1|7|2,0.7227|0.7969|0.5762|0.9941|0.7832|0.7168|0.5664,50.5928|10.1167|39.2642|0.0322|2.5666|15.2078|0.1153|1.4380|37.8262,2773473
RQ4 r=11 t=165 thermal=2 battC=35.0 soc=100 chg=3 load=2 totalMs=62.9706 code=苏ED5172 backends=det,cpu,CPU,,1076.7692,nan,1|rec,nnrt,NNRT:NPU_ohos.boot.hardware.kirin8020_v2_0,,4.0489,3692.1536,1|cls,cpu,CPU,,0.0000,0.0000,0
RQ4P r=11 p0=苏ED5172,0.7273,0.7366,0,1751|747|1879|855,78|123,green|0.9756,苏|E|D|5|1|7|2,0.7227|0.7969|0.5762|0.9941|0.7832|0.7168|0.5664,55.3233|9.9361|44.5184|0.0219|1.9867|5.5217|0.1034|1.4898|43.0286,2773473
RQ4 r=12 t=180 thermal=2 battC=35.0 soc=100 chg=3 load=2 totalMs=46.6061 code=苏ED5172 backends=det,cpu,CPU,,1076.7692,nan,1|rec,nnrt,NNRT:NPU_ohos.boot.hardware.kirin8020_v2_0,,4.0489,3692.1536,1|cls,cpu,CPU,,0.0000,0.0000,0
RQ4P r=12 p0=苏ED5172,0.7273,0.7366,0,1751|747|1879|855,78|123,green|0.9756,苏|E|D|5|1|7|2,0.7227|0.7969|0.5762|0.9941|0.7832|0.7168|0.5664,30.3381|10.0595|19.2952|0.0238|2.0700|14.0580|0.1042|1.5220|17.7731,2773473
RQ4 r=13 t=195 thermal=2 battC=35.0 soc=100 chg=3 load=2 totalMs=74.9264 code=苏ED5172 backends=det,cpu,CPU,,1076.7692,nan,1|rec,nnrt,NNRT:NPU_ohos.boot.hardware.kirin8020_v2_0,,4.0489,3692.1536,1|cls,cpu,CPU,,0.0000,0.0000,0
RQ4P r=13 p0=苏ED5172,0.7273,0.7366,0,1751|747|1879|855,78|123,green|0.9756,苏|E|D|5|1|7|2,0.7227|0.7969|0.5762|0.9941|0.7832|0.7168|0.5664,59.3394|9.7345|48.7041|0.0259|1.9045|13.5403|0.0953|1.4378|47.2663,2773473
RQ4 r=14 t=210 thermal=2 battC=35.0 soc=100 chg=3 load=2 totalMs=47.0212 code=苏ED5172 backends=det,cpu,CPU,,1076.7692,nan,1|rec,nnrt,NNRT:NPU_ohos.boot.hardware.kirin8020_v2_0,,4.0489,3692.1536,1|cls,cpu,CPU,,0.0000,0.0000,0
RQ4P r=14 p0=苏ED5172,0.7273,0.7366,0,1751|747|1879|855,78|123,green|0.9756,苏|E|D|5|1|7|2,0.7227|0.7969|0.5762|0.9941|0.7832|0.7168|0.5664,32.4445|3.3623|28.4062|0.0177|1.5778|12.8950|0.0881|0.5941|27.8122,2773473
RQ4 r=15 t=225 thermal=2 battC=35.0 soc=100 chg=3 load=2 totalMs=70.3512 code=苏ED5172 backends=det,cpu,CPU,,1076.7692,nan,1|rec,nnrt,NNRT:NPU_ohos.boot.hardware.kirin8020_v2_0,,4.0489,3692.1536,1|cls,cpu,CPU,,0.0000,0.0000,0
RQ4P r=15 p0=苏ED5172,0.7273,0.7366,0,1751|747|1879|855,78|123,green|0.9756,苏|E|D|5|1|7|2,0.7227|0.7969|0.5762|0.9941|0.7832|0.7168|0.5664,53.7600|9.7423|43.0713|0.0248|2.1598|14.2878|0.1063|1.4386|41.6327,2773473
RQ4 r=16 t=240 thermal=2 battC=35.0 soc=100 chg=3 load=2 totalMs=65.3892 code=苏ED5172 backends=det,cpu,CPU,,1076.7692,nan,1|rec,nnrt,NNRT:NPU_ohos.boot.hardware.kirin8020_v2_0,,4.0489,3692.1536,1|cls,cpu,CPU,,0.0000,0.0000,0
RQ4P r=16 p0=苏ED5172,0.7273,0.7366,0,1751|747|1879|855,78|123,green|0.9756,苏|E|D|5|1|7|2,0.7227|0.7969|0.5762|0.9941|0.7832|0.7168|0.5664,49.0345|9.7869|38.2509|0.0238|2.0242|14.2113|0.0842|1.4450|36.8059,2773473
RQ4 r=17 t=255 thermal=2 battC=35.0 soc=100 chg=3 load=2 totalMs=68.7738 code=苏ED5172 backends=det,cpu,CPU,,1076.7692,nan,1|rec,nnrt,NNRT:NPU_ohos.boot.hardware.kirin8020_v2_0,,4.0489,3692.1536,1|cls,cpu,CPU,,0.0000,0.0000,0
RQ4P r=17 p0=苏ED5172,0.7273,0.7366,0,1751|747|1879|855,78|123,green|0.9756,苏|E|D|5|1|7|2,0.7227|0.7969|0.5762|0.9941|0.7832|0.7168|0.5664,50.6469|10.5030|38.2797|0.0452|2.9930|14.7458|0.1531|1.4389|36.8408,2773473
RQ4 r=18 t=270 thermal=2 battC=35.0 soc=100 chg=3 load=2 totalMs=50.5341 code=苏ED5172 backends=det,cpu,CPU,,1076.7692,nan,1|rec,nnrt,NNRT:NPU_ohos.boot.hardware.kirin8020_v2_0,,4.0489,3692.1536,1|cls,cpu,CPU,,0.0000,0.0000,0
RQ4P r=18 p0=苏ED5172,0.7273,0.7366,0,1751|747|1879|855,78|123,green|0.9756,苏|E|D|5|1|7|2,0.7227|0.7969|0.5762|0.9941|0.7832|0.7168|0.5664,33.7259|9.9673|22.7920|0.0281|2.2119|14.4433|0.1011|1.4845|21.3075,2773473
RQ4 r=19 t=285 thermal=2 battC=35.0 soc=100 chg=3 load=2 totalMs=69.8936 code=苏ED5172 backends=det,cpu,CPU,,1076.7692,nan,1|rec,nnrt,NNRT:NPU_ohos.boot.hardware.kirin8020_v2_0,,4.0489,3692.1536,1|cls,cpu,CPU,,0.0000,0.0000,0
RQ4P r=19 p0=苏ED5172,0.7273,0.7366,0,1751|747|1879|855,78|123,green|0.9756,苏|E|D|5|1|7|2,0.7227|0.7969|0.5762|0.9941|0.7832|0.7168|0.5664,53.1403|9.9361|42.1953|0.0241|2.2964|14.3277|0.0939|1.4364|40.7589,2773473
RQ4 r=20 t=300 thermal=2 battC=35.0 soc=100 chg=3 load=2 totalMs=98.3097 code=苏ED5172 backends=det,cpu,CPU,,1076.7692,nan,1|rec,nnrt,NNRT:NPU_ohos.boot.hardware.kirin8020_v2_0,,4.0489,3692.1536,1|cls,cpu,CPU,,0.0000,0.0000,0
RQ4P r=20 p0=苏ED5172,0.7273,0.7366,0,1751|747|1879|855,78|123,green|0.9756,苏|E|D|5|1|7|2,0.7227|0.7969|0.5762|0.9941|0.7832|0.7168|0.5664,69.6084|9.8144|56.2523|0.0780|7.7180|20.7384|0.2039|1.4425|54.8098,2773473
RQ4 r=21 t=315 thermal=2 battC=35.0 soc=100 chg=3 load=2 totalMs=91.8097 code=苏ED5172 backends=det,cpu,CPU,,1076.7692,nan,1|rec,nnrt,NNRT:NPU_ohos.boot.hardware.kirin8020_v2_0,,4.0489,3692.1536,1|cls,cpu,CPU,,0.0000,0.0000,0
RQ4P r=21 p0=苏ED5172,0.7273,0.7366,0,1751|747|1879|855,78|123,green|0.9756,苏|E|D|5|1|7|2,0.7227|0.7969|0.5762|0.9941|0.7832|0.7168|0.5664,63.5639|9.8862|50.4295|0.0716|7.6505|20.3541|0.2027|1.4384|48.9911,2773473
RQ4 r=22 t=330 thermal=2 battC=35.0 soc=100 chg=3 load=2 totalMs=51.5877 code=苏ED5172 backends=det,cpu,CPU,,1076.7692,nan,1|rec,nnrt,NNRT:NPU_ohos.boot.hardware.kirin8020_v2_0,,4.0489,3692.1536,1|cls,cpu,CPU,,0.0000,0.0000,0
RQ4P r=22 p0=苏ED5172,0.7273,0.7366,0,1751|747|1879|855,78|123,green|0.9756,苏|E|D|5|1|7|2,0.7227|0.7969|0.5762|0.9941|0.7832|0.7168|0.5664,36.0428|9.9686|25.3475|0.0184|1.6033|13.8241|0.0817|1.4439|23.9036,2773473
RQ4 r=23 t=345 thermal=2 battC=35.0 soc=100 chg=3 load=2 totalMs=72.1283 code=苏ED5172 backends=det,cpu,CPU,,1076.7692,nan,1|rec,nnrt,NNRT:NPU_ohos.boot.hardware.kirin8020_v2_0,,4.0489,3692.1536,1|cls,cpu,CPU,,0.0000,0.0000,0
RQ4P r=23 p0=苏ED5172,0.7273,0.7366,0,1751|747|1879|855,78|123,green|0.9756,苏|E|D|5|1|7|2,0.7227|0.7969|0.5762|0.9941|0.7832|0.7168|0.5664,52.3034|9.8938|40.6139|0.0452|4.2503|15.3883|0.1447|1.4812|39.1327,2773473
RQ4 r=24 t=360 thermal=2 battC=35.0 soc=100 chg=3 load=2 totalMs=74.6744 code=苏ED5172 backends=det,cpu,CPU,,1076.7692,nan,1|rec,nnrt,NNRT:NPU_ohos.boot.hardware.kirin8020_v2_0,,4.0489,3692.1536,1|cls,cpu,CPU,,0.0000,0.0000,0
RQ4P r=24 p0=苏ED5172,0.7273,0.7366,0,1751|747|1879|855,78|123,green|0.9756,苏|E|D|5|1|7|2,0.7227|0.7969|0.5762|0.9941|0.7832|0.7168|0.5664,56.6853|9.9833|45.2850|0.0336|3.1702|14.6675|0.1120|1.4389|43.8461,2773473
RQ4 r=25 t=375 thermal=2 battC=35.0 soc=100 chg=3 load=2 totalMs=44.3769 code=苏ED5172 backends=det,cpu,CPU,,1076.7692,nan,1|rec,nnrt,NNRT:NPU_ohos.boot.hardware.kirin8020_v2_0,,4.0489,3692.1536,1|cls,cpu,CPU,,0.0000,0.0000,0
RQ4P r=25 p0=苏ED5172,0.7273,0.7366,0,1751|747|1879|855,78|123,green|0.9756,苏|E|D|5|1|7|2,0.7227|0.7969|0.5762|0.9941|0.7832|0.7168|0.5664,29.7164|2.6600|26.5670|0.0184|1.5364|13.0189|0.0902|0.4109|26.1561,2773473
RQ4 r=26 t=390 thermal=2 battC=35.0 soc=100 chg=3 load=2 totalMs=88.1113 code=苏ED5172 backends=det,cpu,CPU,,1076.7692,nan,1|rec,nnrt,NNRT:NPU_ohos.boot.hardware.kirin8020_v2_0,,4.0489,3692.1536,1|cls,cpu,CPU,,0.0000,0.0000,0
RQ4P r=26 p0=苏ED5172,0.7273,0.7366,0,1751|747|1879|855,78|123,green|0.9756,苏|E|D|5|1|7|2,0.7227|0.7969|0.5762|0.9941|0.7832|0.7168|0.5664,62.5783|9.9028|49.2742|0.0745|7.6628|17.7230|0.1116|1.5089|47.7653,2773473
RQ4 r=27 t=405 thermal=2 battC=35.0 soc=100 chg=3 load=2 totalMs=61.7345 code=苏ED5172 backends=det,cpu,CPU,,1076.7692,nan,1|rec,nnrt,NNRT:NPU_ohos.boot.hardware.kirin8020_v2_0,,4.0489,3692.1536,1|cls,cpu,CPU,,0.0000,0.0000,0
RQ4P r=27 p0=苏ED5172,0.7273,0.7366,0,1751|747|1879|855,78|123,green|0.9756,苏|E|D|5|1|7|2,0.7227|0.7969|0.5762|0.9941|0.7832|0.7168|0.5664,45.4613|9.8080|34.7977|0.0239|1.8663|14.2720|0.0983|1.4395|33.3581,2773473
RQ4 r=28 t=420 thermal=2 battC=35.0 soc=100 chg=3 load=2 totalMs=51.1780 code=苏ED5172 backends=det,cpu,CPU,,1076.7692,nan,1|rec,nnrt,NNRT:NPU_ohos.boot.hardware.kirin8020_v2_0,,4.0489,3692.1536,1|cls,cpu,CPU,,0.0000,0.0000,0
RQ4P r=28 p0=苏ED5172,0.7273,0.7366,0,1751|747|1879|855,78|123,green|0.9756,苏|E|D|5|1|7|2,0.7227|0.7969|0.5762|0.9941|0.7832|0.7168|0.5664,34.9036|4.5898|29.2856|0.0291|2.1623|13.9911|0.0994|0.5919|28.6938,2773473
RQ4 r=29 t=435 thermal=2 battC=35.0 soc=100 chg=3 load=2 totalMs=42.3522 code=苏ED5172 backends=det,cpu,CPU,,1076.7692,nan,1|rec,nnrt,NNRT:NPU_ohos.boot.hardware.kirin8020_v2_0,,4.0489,3692.1536,1|cls,cpu,CPU,,0.0000,0.0000,0
RQ4P r=29 p0=苏ED5172,0.7273,0.7366,0,1751|747|1879|855,78|123,green|0.9756,苏|E|D|5|1|7|2,0.7227|0.7969|0.5762|0.9941|0.7832|0.7168|0.5664,27.5387|2.3281|24.5203|0.0187|1.5713|13.1038|0.1216|0.3181|24.2022,2773473
RQ4 r=30 t=450 thermal=2 battC=35.0 soc=100 chg=3 load=2 totalMs=87.3634 code=苏ED5172 backends=det,cpu,CPU,,1076.7692,nan,1|rec,nnrt,NNRT:NPU_ohos.boot.hardware.kirin8020_v2_0,,4.0489,3692.1536,1|cls,cpu,CPU,,0.0000,0.0000,0
RQ4P r=30 p0=苏ED5172,0.7273,0.7366,0,1751|747|1879|855,78|123,green|0.9756,苏|E|D|5|1|7|2,0.7227|0.7969|0.5762|0.9941|0.7832|0.7168|0.5664,71.5152|9.8969|60.8709|0.0228|1.6762|14.0333|0.0897|1.4884|59.3825,2773473
RQ4 r=31 t=465 thermal=2 battC=35.0 soc=100 chg=3 load=2 totalMs=63.8995 code=苏ED5172 backends=det,cpu,CPU,,1076.7692,nan,1|rec,nnrt,NNRT:NPU_ohos.boot.hardware.kirin8020_v2_0,,4.0489,3692.1536,1|cls,cpu,CPU,,0.0000,0.0000,0
RQ4P r=31 p0=苏ED5172,0.7273,0.7366,0,1751|747|1879|855,78|123,green|0.9756,苏|E|D|5|1|7|2,0.7227|0.7969|0.5762|0.9941|0.7832|0.7168|0.5664,48.7825|9.7756|38.2319|0.0214|1.5719|13.4117|0.0836|1.4409|36.7909,2773473
RQ4 r=32 t=480 thermal=2 battC=35.0 soc=100 chg=3 load=2 totalMs=67.7450 code=苏ED5172 backends=det,cpu,CPU,,1076.7692,nan,1|rec,nnrt,NNRT:NPU_ohos.boot.hardware.kirin8020_v2_0,,4.0489,3692.1536,1|cls,cpu,CPU,,0.0000,0.0000,0
RQ4P r=32 p0=苏ED5172,0.7273,0.7366,0,1751|747|1879|855,78|123,green|0.9756,苏|E|D|5|1|7|2,0.7227|0.7969|0.5762|0.9941|0.7832|0.7168|0.5664,50.1842|9.9272|39.1594|0.0286|2.3820|15.0252|0.1173|1.4409|37.7184,2773473
RQ4 r=33 t=495 thermal=2 battC=35.0 soc=100 chg=3 load=2 totalMs=71.6888 code=苏ED5172 backends=det,cpu,CPU,,1076.7692,nan,1|rec,nnrt,NNRT:NPU_ohos.boot.hardware.kirin8020_v2_0,,4.0489,3692.1536,1|cls,cpu,CPU,,0.0000,0.0000,0
RQ4P r=33 p0=苏ED5172,0.7273,0.7366,0,1751|747|1879|855,78|123,green|0.9756,苏|E|D|5|1|7|2,0.7227|0.7969|0.5762|0.9941|0.7832|0.7168|0.5664,54.2198|9.8070|43.5309|0.0322|2.7953|14.5138|0.1128|1.4945|42.0364,2773473
RQ4 r=34 t=510 thermal=2 battC=35.0 soc=100 chg=3 load=2 totalMs=65.5377 code=苏ED5172 backends=det,cpu,CPU,,1076.7692,nan,1|rec,nnrt,NNRT:NPU_ohos.boot.hardware.kirin8020_v2_0,,4.0489,3692.1536,1|cls,cpu,CPU,,0.0000,0.0000,0
RQ4P r=34 p0=苏ED5172,0.7273,0.7366,0,1751|747|1879|855,78|123,green|0.9756,苏|E|D|5|1|7|2,0.7227|0.7969|0.5762|0.9941|0.7832|0.7168|0.5664,50.1409|9.7784|39.5308|0.0219|1.7673|13.4820|0.1114|1.4950|38.0358,2773473
RQ4 r=35 t=525 thermal=2 battC=35.0 soc=100 chg=3 load=2 totalMs=72.0823 code=苏ED5172 backends=det,cpu,CPU,,1076.7692,nan,1|rec,nnrt,NNRT:NPU_ohos.boot.hardware.kirin8020_v2_0,,4.0489,3692.1536,1|cls,cpu,CPU,,0.0000,0.0000,0
RQ4P r=35 p0=苏ED5172,0.7273,0.7366,0,1751|747|1879|855,78|123,green|0.9756,苏|E|D|5|1|7|2,0.7227|0.7969|0.5762|0.9941|0.7832|0.7168|0.5664,52.3234|10.1080|40.4402|0.0452|3.6252|15.9411|0.1528|1.4398|39.0003,2773473
RQ4 r=36 t=540 thermal=2 battC=35.0 soc=100 chg=3 load=2 totalMs=60.4923 code=苏ED5172 backends=det,cpu,CPU,,1076.7692,nan,1|rec,nnrt,NNRT:NPU_ohos.boot.hardware.kirin8020_v2_0,,4.0489,3692.1536,1|cls,cpu,CPU,,0.0000,0.0000,0
RQ4P r=36 p0=苏ED5172,0.7273,0.7366,0,1751|747|1879|855,78|123,green|0.9756,苏|E|D|5|1|7|2,0.7227|0.7969|0.5762|0.9941|0.7832|0.7168|0.5664,43.4958|10.1256|32.5572|0.0214|1.7783|15.0020|0.1086|1.4402|31.1170,2773473
RQ4 r=37 t=555 thermal=2 battC=35.0 soc=100 chg=3 load=2 totalMs=70.6220 code=苏ED5172 backends=det,cpu,CPU,,1076.7692,nan,1|rec,nnrt,NNRT:NPU_ohos.boot.hardware.kirin8020_v2_0,,4.0489,3692.1536,1|cls,cpu,CPU,,0.0000,0.0000,0
RQ4P r=37 p0=苏ED5172,0.7273,0.7366,0,1751|747|1879|855,78|123,green|0.9756,苏|E|D|5|1|7|2,0.7227|0.7969|0.5762|0.9941|0.7832|0.7168|0.5664,53.9356|10.1277|42.8761|0.0242|2.1775|14.3692|0.1044|1.4411|41.4350,2773473
RQ4 r=38 t=570 thermal=2 battC=35.0 soc=100 chg=3 load=2 totalMs=97.1331 code=苏ED5172 backends=det,cpu,CPU,,1076.7692,nan,1|rec,nnrt,NNRT:NPU_ohos.boot.hardware.kirin8020_v2_0,,4.0489,3692.1536,1|cls,cpu,CPU,,0.0000,0.0000,0
RQ4P r=38 p0=苏ED5172,0.7273,0.7366,0,1751|747|1879|855,78|123,green|0.9756,苏|E|D|5|1|7|2,0.7227|0.7969|0.5762|0.9941|0.7832|0.7168|0.5664,69.8492|9.8141|56.7489|0.0827|7.7589|19.3805|0.1097|1.4712|55.2777,2773473
RQ4 r=39 t=585 thermal=2 battC=35.0 soc=100 chg=3 load=2 totalMs=91.3111 code=苏ED5172 backends=det,cpu,CPU,,1076.7692,nan,1|rec,nnrt,NNRT:NPU_ohos.boot.hardware.kirin8020_v2_0,,4.0489,3692.1536,1|cls,cpu,CPU,,0.0000,0.0000,0
RQ4P r=39 p0=苏ED5172,0.7273,0.7366,0,1751|747|1879|855,78|123,green|0.9756,苏|E|D|5|1|7|2,0.7227|0.7969|0.5762|0.9941|0.7832|0.7168|0.5664,60.3648|9.9200|47.1580|0.0836|7.6766|22.9528|0.2748|1.4405|45.7175,2773473
RQ4 r=40 t=600 thermal=2 battC=35.0 soc=100 chg=3 load=2 totalMs=74.6589 code=苏ED5172 backends=det,cpu,CPU,,1076.7692,nan,1|rec,nnrt,NNRT:NPU_ohos.boot.hardware.kirin8020_v2_0,,4.0489,3692.1536,1|cls,cpu,CPU,,0.0000,0.0000,0
RQ4P r=40 p0=苏ED5172,0.7273,0.7366,0,1751|747|1879|855,78|123,green|0.9756,苏|E|D|5|1|7|2,0.7227|0.7969|0.5762|0.9941|0.7832|0.7168|0.5664,56.9709|10.0070|46.1006|0.0225|2.0747|15.4427|0.1348|1.5036|44.5970,2773473
RQ4 r=41 t=615 thermal=2 battC=35.0 soc=100 chg=3 load=2 totalMs=104.7142 code=苏ED5172 backends=det,cpu,CPU,,1076.7692,nan,1|rec,nnrt,NNRT:NPU_ohos.boot.hardware.kirin8020_v2_0,,4.0489,3692.1536,1|cls,cpu,CPU,,0.0000,0.0000,0
RQ4P r=41 p0=苏ED5172,0.7273,0.7366,0,1751|747|1879|855,78|123,green|0.9756,苏|E|D|5|1|7|2,0.7227|0.7969|0.5762|0.9941|0.7832|0.7168|0.5664,72.9847|9.9522|59.8525|0.0769|7.6633|23.6591|0.3641|1.5123|58.3402,2773473
RQ4 r=42 t=630 thermal=2 battC=35.0 soc=100 chg=3 load=2 totalMs=91.7856 code=苏ED5172 backends=det,cpu,CPU,,1076.7692,nan,1|rec,nnrt,NNRT:NPU_ohos.boot.hardware.kirin8020_v2_0,,4.0489,3692.1536,1|cls,cpu,CPU,,0.0000,0.0000,0
RQ4P r=42 p0=苏ED5172,0.7273,0.7366,0,1751|747|1879|855,78|123,green|0.9756,苏|E|D|5|1|7|2,0.7227|0.7969|0.5762|0.9941|0.7832|0.7168|0.5664,62.1848|9.6470|49.2434|0.0820|7.6523|21.5805|0.3258|1.4452|47.7983,2773473
RQ4 r=43 t=645 thermal=2 battC=35.0 soc=100 chg=3 load=2 totalMs=46.9619 code=苏ED5172 backends=det,cpu,CPU,,1076.7692,nan,1|rec,nnrt,NNRT:NPU_ohos.boot.hardware.kirin8020_v2_0,,4.0489,3692.1536,1|cls,cpu,CPU,,0.0000,0.0000,0
RQ4P r=43 p0=苏ED5172,0.7273,0.7366,0,1751|747|1879|855,78|123,green|0.9756,苏|E|D|5|1|7|2,0.7227|0.7969|0.5762|0.9941|0.7832|0.7168|0.5664,32.2088|2.8702|28.6178|0.0222|1.6523|12.9959|0.0889|0.4883|28.1295,2773473
RQ4 r=44 t=660 thermal=2 battC=35.0 soc=100 chg=3 load=2 totalMs=98.3325 code=苏ED5172 backends=det,cpu,CPU,,1076.7692,nan,1|rec,nnrt,NNRT:NPU_ohos.boot.hardware.kirin8020_v2_0,,4.0489,3692.1536,1|cls,cpu,CPU,,0.0000,0.0000,0
RQ4P r=44 p0=苏ED5172,0.7273,0.7366,0,1751|747|1879|855,78|123,green|0.9756,苏|E|D|5|1|7|2,0.7227|0.7969|0.5762|0.9941|0.7832|0.7168|0.5664,68.3320|9.7661|55.3364|0.0811|7.6600|22.1884|0.1145|1.4494|53.8870,2773473
RQ4 r=45 t=675 thermal=2 battC=35.0 soc=100 chg=3 load=2 totalMs=102.5630 code=苏ED5172 backends=det,cpu,CPU,,1076.7692,nan,1|rec,nnrt,NNRT:NPU_ohos.boot.hardware.kirin8020_v2_0,,4.0489,3692.1536,1|cls,cpu,CPU,,0.0000,0.0000,0
RQ4P r=45 p0=苏ED5172,0.7273,0.7366,0,1751|747|1879|855,78|123,green|0.9756,苏|E|D|5|1|7|2,0.7227|0.7969|0.5762|0.9941|0.7832|0.7168|0.5664,71.1892|10.0409|57.8447|0.0848|7.6923|23.2644|0.3644|1.4436|56.4011,2773473
RQ4 r=46 t=690 thermal=2 battC=35.0 soc=100 chg=3 load=2 totalMs=74.4286 code=苏ED5172 backends=det,cpu,CPU,,1076.7692,nan,1|rec,nnrt,NNRT:NPU_ohos.boot.hardware.kirin8020_v2_0,,4.0489,3692.1536,1|cls,cpu,CPU,,0.0000,0.0000,0
RQ4P r=46 p0=苏ED5172,0.7273,0.7366,0,1751|747|1879|855,78|123,green|0.9756,苏|E|D|5|1|7|2,0.7227|0.7969|0.5762|0.9941|0.7832|0.7168|0.5664,57.3259|9.7537|46.8422|0.0238|2.1803|14.7642|0.1187|1.4450|45.3972,2773473
RQ4 r=47 t=705 thermal=2 battC=35.0 soc=100 chg=3 load=2 totalMs=83.5948 code=苏ED5172 backends=det,cpu,CPU,,1076.7692,nan,1|rec,nnrt,NNRT:NPU_ohos.boot.hardware.kirin8020_v2_0,,4.0489,3692.1536,1|cls,cpu,CPU,,0.0000,0.0000,0
RQ4P r=47 p0=苏ED5172,0.7273,0.7366,0,1751|747|1879|855,78|123,green|0.9756,苏|E|D|5|1|7|2,0.7227|0.7969|0.5762|0.9941|0.7832|0.7168|0.5664,66.6980|9.8250|55.9180|0.0275|2.2458|14.5042|0.1100|1.4417|54.4762,2773473
RQ4 r=48 t=720 thermal=2 battC=35.0 soc=100 chg=3 load=2 totalMs=95.5080 code=苏ED5172 backends=det,cpu,CPU,,1076.7692,nan,1|rec,nnrt,NNRT:NPU_ohos.boot.hardware.kirin8020_v2_0,,4.0489,3692.1536,1|cls,cpu,CPU,,0.0000,0.0000,0
RQ4P r=48 p0=苏ED5172,0.7273,0.7366,0,1751|747|1879|855,78|123,green|0.9756,苏|E|D|5|1|7|2,0.7227|0.7969|0.5762|0.9941|0.7832|0.7168|0.5664,67.4127|10.1000|54.0927|0.0861|7.7778|20.1677|0.1128|1.4387|52.6539,2773473
RQ4 r=49 t=735 thermal=2 battC=35.0 soc=100 chg=3 load=2 totalMs=69.3528 code=苏ED5172 backends=det,cpu,CPU,,1076.7692,nan,1|rec,nnrt,NNRT:NPU_ohos.boot.hardware.kirin8020_v2_0,,4.0489,3692.1536,1|cls,cpu,CPU,,0.0000,0.0000,0
RQ4P r=49 p0=苏ED5172,0.7273,0.7366,0,1751|747|1879|855,78|123,green|0.9756,苏|E|D|5|1|7|2,0.7227|0.7969|0.5762|0.9941|0.7832|0.7168|0.5664,54.2309|9.9577|43.4559|0.0219|1.6617|13.3309|0.0844|1.4386|42.0173,2773473
RQ4 r=50 t=750 thermal=2 battC=35.0 soc=100 chg=3 load=2 totalMs=105.9705 code=苏ED5172 backends=det,cpu,CPU,,1076.7692,nan,1|rec,nnrt,NNRT:NPU_ohos.boot.hardware.kirin8020_v2_0,,4.0489,3692.1536,1|cls,cpu,CPU,,0.0000,0.0000,0
RQ4P r=50 p0=苏ED5172,0.7273,0.7366,0,1751|747|1879|855,78|123,green|0.9756,苏|E|D|5|1|7|2,0.7227|0.7969|0.5762|0.9941|0.7832|0.7168|0.5664,76.3469|10.5583|62.5517|0.0786|7.6903|21.6870|0.2056|1.4394|61.1123,2773473
RQ4 r=51 t=765 thermal=2 battC=35.0 soc=100 chg=3 load=2 totalMs=90.9737 code=苏ED5172 backends=det,cpu,CPU,,1076.7692,nan,1|rec,nnrt,NNRT:NPU_ohos.boot.hardware.kirin8020_v2_0,,4.0489,3692.1536,1|cls,cpu,CPU,,0.0000,0.0000,0
RQ4P r=51 p0=苏ED5172,0.7273,0.7366,0,1751|747|1879|855,78|123,green|0.9756,苏|E|D|5|1|7|2,0.7227|0.7969|0.5762|0.9941|0.7832|0.7168|0.5664,66.2095|9.8891|53.0270|0.0758|7.6906|16.9264|0.1109|1.4394|51.5877,2773473
RQ4 r=52 t=780 thermal=2 battC=35.0 soc=100 chg=3 load=2 totalMs=50.2945 code=苏ED5172 backends=det,cpu,CPU,,1076.7692,nan,1|rec,nnrt,NNRT:NPU_ohos.boot.hardware.kirin8020_v2_0,,4.0489,3692.1536,1|cls,cpu,CPU,,0.0000,0.0000,0
RQ4P r=52 p0=苏ED5172,0.7273,0.7366,0,1751|747|1879|855,78|123,green|0.9756,苏|E|D|5|1|7|2,0.7227|0.7969|0.5762|0.9941|0.7832|0.7168|0.5664,35.3159|2.6637|31.9306|0.0192|1.5453|13.3206|0.0972|0.3577|31.5730,2773473
RQ4 r=53 t=795 thermal=2 battC=35.0 soc=100 chg=3 load=2 totalMs=63.0598 code=苏ED5172 backends=det,cpu,CPU,,1076.7692,nan,1|rec,nnrt,NNRT:NPU_ohos.boot.hardware.kirin8020_v2_0,,4.0489,3692.1536,1|cls,cpu,CPU,,0.0000,0.0000,0
RQ4P r=53 p0=苏ED5172,0.7273,0.7366,0,1751|747|1879|855,78|123,green|0.9756,苏|E|D|5|1|7|2,0.7227|0.7969|0.5762|0.9941|0.7832|0.7168|0.5664,46.1436|9.9563|35.2259|0.0266|2.2189|14.5498|0.0983|1.4414|33.7845,2773473
RQ4 r=54 t=810 thermal=2 battC=35.0 soc=100 chg=3 load=2 totalMs=72.1780 code=苏ED5172 backends=det,cpu,CPU,,1076.7692,nan,1|rec,nnrt,NNRT:NPU_ohos.boot.hardware.kirin8020_v2_0,,4.0489,3692.1536,1|cls,cpu,CPU,,0.0000,0.0000,0
RQ4P r=54 p0=苏ED5172,0.7273,0.7366,0,1751|747|1879|855,78|123,green|0.9756,苏|E|D|5|1|7|2,0.7227|0.7969|0.5762|0.9941|0.7832|0.7168|0.5664,55.8800|9.8530|45.0783|0.0255|2.2002|13.9634|0.0972|1.4420|43.6362,2773473
RQ4 r=55 t=1023 thermal=2 battC=35.0 soc=100 chg=3 load=2 totalMs=150.3406 code=苏ED5172 backends=det,cpu,CPU,,1076.7692,nan,1|rec,nnrt,NNRT:NPU_ohos.boot.hardware.kirin8020_v2_0,,4.0489,3692.1536,1|cls,cpu,CPU,,0.0000,0.0000,0
RQ4P r=55 p0=苏ED5172,0.7273,0.7366,0,1751|747|1879|855,78|123,green|0.9756,苏|E|D|5|1|7|2,0.7227|0.7969|0.5762|0.9941|0.7832|0.7168|0.5664,55.0666|17.7986|36.1586|0.0738|25.6202|56.0191|8.6820|3.1016|33.0570,2773473
RQ4 r=56 t=1038 thermal=2 battC=34.0 soc=100 chg=3 load=2 totalMs=91.0659 code=苏ED5172 backends=det,cpu,CPU,,1076.7692,nan,1|rec,nnrt,NNRT:NPU_ohos.boot.hardware.kirin8020_v2_0,,4.0489,3692.1536,1|cls,cpu,CPU,,0.0000,0.0000,0
RQ4P r=56 p0=苏ED5172,0.7273,0.7366,0,1751|747|1879|855,78|123,green|0.9756,苏|E|D|5|1|7|2,0.7227|0.7969|0.5762|0.9941|0.7832|0.7168|0.5664,54.6128|10.4272|38.6700|0.1192|13.1653|22.8113|0.4147|1.4475|37.2225,2773473
RQ4 r=57 t=1053 thermal=2 battC=34.0 soc=100 chg=3 load=2 totalMs=87.9289 code=苏ED5172 backends=det,cpu,CPU,,1076.7692,nan,1|rec,nnrt,NNRT:NPU_ohos.boot.hardware.kirin8020_v2_0,,4.0489,3692.1536,1|cls,cpu,CPU,,0.0000,0.0000,0
RQ4P r=57 p0=苏ED5172,0.7273,0.7366,0,1751|747|1879|855,78|123,green|0.9756,苏|E|D|5|1|7|2,0.7227|0.7969|0.5762|0.9941|0.7832|0.7168|0.5664,61.0744|10.2497|46.5045|0.4800|8.2086|17.8781|0.7173|3.5153|42.9892,2773473
RQ4 r=58 t=1068 thermal=2 battC=35.0 soc=100 chg=3 load=2 totalMs=60.6592 code=苏ED5172 backends=det,cpu,CPU,,1076.7692,nan,1|rec,nnrt,NNRT:NPU_ohos.boot.hardware.kirin8020_v2_0,,4.0489,3692.1536,1|cls,cpu,CPU,,0.0000,0.0000,0
RQ4P r=58 p0=苏ED5172,0.7273,0.7366,0,1751|747|1879|855,78|123,green|0.9756,苏|E|D|5|1|7|2,0.7227|0.7969|0.5762|0.9941|0.7832|0.7168|0.5664,44.1666|7.5638|35.1569|0.0255|1.5703|14.8050|0.0923|2.0570|33.0998,2773473
RQ4 r=59 t=1083 thermal=2 battC=35.0 soc=100 chg=3 load=2 totalMs=68.5370 code=苏ED5172 backends=det,cpu,CPU,,1076.7692,nan,1|rec,nnrt,NNRT:NPU_ohos.boot.hardware.kirin8020_v2_0,,4.0489,3692.1536,1|cls,cpu,CPU,,0.0000,0.0000,0
RQ4P r=59 p0=苏ED5172,0.7273,0.7366,0,1751|747|1879|855,78|123,green|0.9756,苏|E|D|5|1|7|2,0.7227|0.7969|0.5762|0.9941|0.7832|0.7168|0.5664,50.3895|11.9491|37.4948|0.0273|2.0703|15.7519|0.2750|2.3780|35.1169,2773473
RQ4 r=60 t=1098 thermal=2 battC=35.0 soc=100 chg=3 load=2 totalMs=53.8948 code=苏ED5172 backends=det,cpu,CPU,,1076.7692,nan,1|rec,nnrt,NNRT:NPU_ohos.boot.hardware.kirin8020_v2_0,,4.0489,3692.1536,1|cls,cpu,CPU,,0.0000,0.0000,0
RQ4P r=60 p0=苏ED5172,0.7273,0.7366,0,1751|747|1879|855,78|123,green|0.9756,苏|E|D|5|1|7|2,0.7227|0.7969|0.5762|0.9941|0.7832|0.7168|0.5664,29.5633|2.8594|23.8852|0.0883|8.2173|15.8138|0.2745|0.3809|23.5042,2773473
RQ4 r=61 t=1113 thermal=2 battC=35.0 soc=100 chg=3 load=2 totalMs=82.7898 code=苏ED5172 backends=det,cpu,CPU,,1076.7692,nan,1|rec,nnrt,NNRT:NPU_ohos.boot.hardware.kirin8020_v2_0,,4.0489,3692.1536,1|cls,cpu,CPU,,0.0000,0.0000,0
RQ4P r=61 p0=苏ED5172,0.7273,0.7366,0,1751|747|1879|855,78|123,green|0.9756,苏|E|D|5|1|7|2,0.7227|0.7969|0.5762|0.9941|0.7832|0.7168|0.5664,58.9161|10.2227|45.3523|0.0733|7.3155|16.2070|0.3027|2.4130|42.9394,2773473
RQ4 r=62 t=1128 thermal=2 battC=35.0 soc=100 chg=3 load=2 totalMs=87.2492 code=苏ED5172 backends=det,cpu,CPU,,1076.7692,nan,1|rec,nnrt,NNRT:NPU_ohos.boot.hardware.kirin8020_v2_0,,4.0489,3692.1536,1|cls,cpu,CPU,,0.0000,0.0000,0
RQ4P r=62 p0=苏ED5172,0.7273,0.7366,0,1751|747|1879|855,78|123,green|0.9756,苏|E|D|5|1|7|2,0.7227|0.7969|0.5762|0.9941|0.7832|0.7168|0.5664,62.0911|14.4438|45.5475|0.0658|6.5866|18.0594|0.4547|4.1956|41.3519,2773473
RQ4 r=63 t=1143 thermal=2 battC=35.0 soc=100 chg=3 load=2 totalMs=73.3003 code=苏ED5172 backends=det,cpu,CPU,,1076.7692,nan,1|rec,nnrt,NNRT:NPU_ohos.boot.hardware.kirin8020_v2_0,,4.0489,3692.1536,1|cls,cpu,CPU,,0.0000,0.0000,0
RQ4P r=63 p0=苏ED5172,0.7273,0.7366,0,1751|747|1879|855,78|123,green|0.9756,苏|E|D|5|1|7|2,0.7227|0.7969|0.5762|0.9941|0.7832|0.7168|0.5664,54.4506|9.9911|43.4470|0.0256|2.9819|15.5250|0.2981|2.3692|41.0778,2773473
RQ4 r=64 t=1158 thermal=2 battC=35.0 soc=100 chg=3 load=2 totalMs=91.9497 code=苏ED5172 backends=det,cpu,CPU,,1076.7692,nan,1|rec,nnrt,NNRT:NPU_ohos.boot.hardware.kirin8020_v2_0,,4.0489,3692.1536,1|cls,cpu,CPU,,0.0000,0.0000,0
RQ4P r=64 p0=苏ED5172,0.7273,0.7366,0,1751|747|1879|855,78|123,green|0.9756,苏|E|D|5|1|7|2,0.7227|0.7969|0.5762|0.9941|0.7832|0.7168|0.5664,62.5370|14.1473|44.2716|0.1656|8.4677|20.3053|0.5836|3.4344|40.8372,2773473
RQ4 r=65 t=1173 thermal=2 battC=35.0 soc=100 chg=3 load=2 totalMs=96.7008 code=苏ED5172 backends=det,cpu,CPU,,1076.7692,nan,1|rec,nnrt,NNRT:NPU_ohos.boot.hardware.kirin8020_v2_0,,4.0489,3692.1536,1|cls,cpu,CPU,,0.0000,0.0000,0
RQ4P r=65 p0=苏ED5172,0.7273,0.7366,0,1751|747|1879|855,78|123,green|0.9756,苏|E|D|5|1|7|2,0.7227|0.7969|0.5762|0.9941|0.7832|0.7168|0.5664,70.9586|13.4919|53.7841|0.0903|6.9442|18.4453|0.2956|3.4581|50.3259,2773473
RQ4 r=66 t=1188 thermal=2 battC=35.0 soc=100 chg=3 load=2 totalMs=61.9192 code=苏ED5172 backends=det,cpu,CPU,,1076.7692,nan,1|rec,nnrt,NNRT:NPU_ohos.boot.hardware.kirin8020_v2_0,,4.0489,3692.1536,1|cls,cpu,CPU,,0.0000,0.0000,0
RQ4P r=66 p0=苏ED5172,0.7273,0.7366,0,1751|747|1879|855,78|123,green|0.9756,苏|E|D|5|1|7|2,0.7227|0.7969|0.5762|0.9941|0.7832|0.7168|0.5664,38.5827|2.6080|33.4906|0.0544|7.0516|15.9513|0.3127|0.3673|33.1233,2773473
RQ4 r=67 t=1203 thermal=2 battC=35.0 soc=100 chg=3 load=2 totalMs=90.7900 code=苏ED5172 backends=det,cpu,CPU,,1076.7692,nan,1|rec,nnrt,NNRT:NPU_ohos.boot.hardware.kirin8020_v2_0,,4.0489,3692.1536,1|cls,cpu,CPU,,0.0000,0.0000,0
RQ4P r=67 p0=苏ED5172,0.7273,0.7366,0,1751|747|1879|855,78|123,green|0.9756,苏|E|D|5|1|7|2,0.7227|0.7969|0.5762|0.9941|0.7832|0.7168|0.5664,65.6961|14.4533|48.0572|0.0742|7.1273|17.5967|0.3156|3.2703|44.7869,2773473
RQ4 r=68 t=1218 thermal=2 battC=35.0 soc=100 chg=3 load=2 totalMs=90.2816 code=苏ED5172 backends=det,cpu,CPU,,1076.7692,nan,1|rec,nnrt,NNRT:NPU_ohos.boot.hardware.kirin8020_v2_0,,4.0489,3692.1536,1|cls,cpu,CPU,,0.0000,0.0000,0
RQ4P r=68 p0=苏ED5172,0.7273,0.7366,0,1751|747|1879|855,78|123,green|0.9756,苏|E|D|5|1|7|2,0.7227|0.7969|0.5762|0.9941|0.7832|0.7168|0.5664,65.2237|14.6439|47.0064|0.0934|7.2728|17.4289|0.3011|3.0838|43.9227,2773473
RQ4 r=69 t=1233 thermal=2 battC=35.0 soc=100 chg=3 load=2 totalMs=79.8539 code=苏ED5172 backends=det,cpu,CPU,,1076.7692,nan,1|rec,nnrt,NNRT:NPU_ohos.boot.hardware.kirin8020_v2_0,,4.0489,3692.1536,1|cls,cpu,CPU,,0.0000,0.0000,0
RQ4P r=69 p0=苏ED5172,0.7273,0.7366,0,1751|747|1879|855,78|123,green|0.9756,苏|E|D|5|1|7|2,0.7227|0.7969|0.5762|0.9941|0.7832|0.7168|0.5664,61.4428|12.4414|47.9791|0.0288|2.1689|15.8005|0.3841|3.1164|44.8627,2773473
RQ4 r=70 t=1248 thermal=2 battC=35.0 soc=100 chg=3 load=2 totalMs=91.9841 code=苏ED5172 backends=det,cpu,CPU,,1076.7692,nan,1|rec,nnrt,NNRT:NPU_ohos.boot.hardware.kirin8020_v2_0,,4.0489,3692.1536,1|cls,cpu,CPU,,0.0000,0.0000,0
RQ4P r=70 p0=苏ED5172,0.7273,0.7366,0,1751|747|1879|855,78|123,green|0.9756,苏|E|D|5|1|7|2,0.7227|0.7969|0.5762|0.9941|0.7832|0.7168|0.5664,64.5686|15.2398|45.7445|0.0911|8.5456|18.4338|0.3783|3.8338|41.9108,2773473
RQ4 r=71 t=1263 thermal=2 battC=35.0 soc=100 chg=3 load=2 totalMs=99.7808 code=苏ED5172 backends=det,cpu,CPU,,1076.7692,nan,1|rec,nnrt,NNRT:NPU_ohos.boot.hardware.kirin8020_v2_0,,4.0489,3692.1536,1|cls,cpu,CPU,,0.0000,0.0000,0
RQ4P r=71 p0=苏ED5172,0.7273,0.7366,0,1751|747|1879|855,78|123,green|0.9756,苏|E|D|5|1|7|2,0.7227|0.7969|0.5762|0.9941|0.7832|0.7168|0.5664,72.7947|14.3689|54.8781|0.0688|7.7167|18.9163|0.3028|3.5013|51.3769,2773473
RQ4 r=72 t=1278 thermal=2 battC=35.0 soc=100 chg=3 load=2 totalMs=90.9345 code=苏ED5172 backends=det,cpu,CPU,,1076.7692,nan,1|rec,nnrt,NNRT:NPU_ohos.boot.hardware.kirin8020_v2_0,,4.0489,3692.1536,1|cls,cpu,CPU,,0.0000,0.0000,0
RQ4P r=72 p0=苏ED5172,0.7273,0.7366,0,1751|747|1879|855,78|123,green|0.9756,苏|E|D|5|1|7|2,0.7227|0.7969|0.5762|0.9941|0.7832|0.7168|0.5664,66.0062|13.7720|48.7825|0.0798|6.5666|18.0300|0.2797|3.5122|45.2703,2773473
RQ4 r=73 t=1293 thermal=2 battC=35.0 soc=100 chg=3 load=2 totalMs=91.7586 code=苏ED5172 backends=det,cpu,CPU,,1076.7692,nan,1|rec,nnrt,NNRT:NPU_ohos.boot.hardware.kirin8020_v2_0,,4.0489,3692.1536,1|cls,cpu,CPU,,0.0000,0.0000,0
RQ4P r=73 p0=苏ED5172,0.7273,0.7366,0,1751|747|1879|855,78|123,green|0.9756,苏|E|D|5|1|7|2,0.7227|0.7969|0.5762|0.9941|0.7832|0.7168|0.5664,63.4930|13.5877|46.2500|0.0872|7.0600|20.9359|0.2222|3.3913|42.8587,2773473
RQ4 r=74 t=1308 thermal=2 battC=35.0 soc=100 chg=3 load=2 totalMs=72.6913 code=苏ED5172 backends=det,cpu,CPU,,1076.7692,nan,1|rec,nnrt,NNRT:NPU_ohos.boot.hardware.kirin8020_v2_0,,4.0489,3692.1536,1|cls,cpu,CPU,,0.0000,0.0000,0
RQ4P r=74 p0=苏ED5172,0.7273,0.7366,0,1751|747|1879|855,78|123,green|0.9756,苏|E|D|5|1|7|2,0.7227|0.7969|0.5762|0.9941|0.7832|0.7168|0.5664,49.7523|9.9255|36.8311|0.0694|6.7797|15.8227|0.2941|1.4455|35.3856,2773473
RQ4 r=75 t=1323 thermal=2 battC=35.0 soc=100 chg=3 load=2 totalMs=59.8698 code=苏ED5172 backends=det,cpu,CPU,,1076.7692,nan,1|rec,nnrt,NNRT:NPU_ohos.boot.hardware.kirin8020_v2_0,,4.0489,3692.1536,1|cls,cpu,CPU,,0.0000,0.0000,0
RQ4P r=75 p0=苏ED5172,0.7273,0.7366,0,1751|747|1879|855,78|123,green|0.9756,苏|E|D|5|1|7|2,0.7227|0.7969|0.5762|0.9941|0.7832|0.7168|0.5664,37.3967|2.9836|31.6316|0.0795|6.7342|15.6059|0.1141|0.4058|31.2258,2773473
RQ4 r=76 t=1338 thermal=2 battC=35.0 soc=100 chg=3 load=2 totalMs=101.4127 code=苏ED5172 backends=det,cpu,CPU,,1076.7692,nan,1|rec,nnrt,NNRT:NPU_ohos.boot.hardware.kirin8020_v2_0,,4.0489,3692.1536,1|cls,cpu,CPU,,0.0000,0.0000,0
RQ4P r=76 p0=苏ED5172,0.7273,0.7366,0,1751|747|1879|855,78|123,green|0.9756,苏|E|D|5|1|7|2,0.7227|0.7969|0.5762|0.9941|0.7832|0.7168|0.5664,75.4325|17.3867|54.4369|0.0828|7.8875|17.6984|0.3188|3.9809|50.4559,2773473
RQ4 r=77 t=1353 thermal=2 battC=35.0 soc=100 chg=3 load=2 totalMs=89.8155 code=苏ED5172 backends=det,cpu,CPU,,1076.7692,nan,1|rec,nnrt,NNRT:NPU_ohos.boot.hardware.kirin8020_v2_0,,4.0489,3692.1536,1|cls,cpu,CPU,,0.0000,0.0000,0
RQ4P r=77 p0=苏ED5172,0.7273,0.7366,0,1751|747|1879|855,78|123,green|0.9756,苏|E|D|5|1|7|2,0.7227|0.7969|0.5762|0.9941|0.7832|0.7168|0.5664,62.5323|16.8302|42.0003|0.1006|8.9064|17.9561|0.3472|3.1512|38.8491,2773473
RQ4 r=78 t=1368 thermal=2 battC=35.0 soc=100 chg=3 load=2 totalMs=87.6558 code=苏ED5172 backends=det,cpu,CPU,,1076.7692,nan,1|rec,nnrt,NNRT:NPU_ohos.boot.hardware.kirin8020_v2_0,,4.0489,3692.1536,1|cls,cpu,CPU,,0.0000,0.0000,0
RQ4P r=78 p0=苏ED5172,0.7273,0.7366,0,1751|747|1879|855,78|123,green|0.9756,苏|E|D|5|1|7|2,0.7227|0.7969|0.5762|0.9941|0.7832|0.7168|0.5664,62.3063|11.0189|48.0033|0.0906|6.9744|18.0364|0.2884|2.4033|45.6000,2773473
RQ4 r=79 t=1383 thermal=2 battC=35.0 soc=100 chg=3 load=2 totalMs=78.6978 code=苏ED5172 backends=det,cpu,CPU,,1076.7692,nan,1|rec,nnrt,NNRT:NPU_ohos.boot.hardware.kirin8020_v2_0,,4.0489,3692.1536,1|cls,cpu,CPU,,0.0000,0.0000,0
RQ4P r=79 p0=苏ED5172,0.7273,0.7366,0,1751|747|1879|855,78|123,green|0.9756,苏|E|D|5|1|7|2,0.7227|0.7969|0.5762|0.9941|0.7832|0.7168|0.5664,51.7275|13.5739|34.3077|0.0889|8.9289|17.6078|0.3777|3.3647|30.9430,2773473
RQ4 END rounds=80 minutes=23.30 ts=1789995055427
