RQ4 BEGIN minutes=20 rounds=80 intervalMs=15000 frame=assets/samples/hlpr-test.jpg ts=1789995261112
RQ4 r=0 t=0 thermal=2 battC=35.0 soc=100 chg=3 load=2 totalMs=39.4708 code=苏ED5172 backends=det,cpu,CPU,,1076.7692,nan,1|rec,nnrt,NNRT:NPU_ohos.boot.hardware.kirin8020_v2_0,,4.0489,3692.1536,1|cls,cpu,CPU,,0.0000,0.0000,0
RQ4P r=0 p0=苏ED5172,0.7273,0.7366,0,1751|747|1879|855,78|123,green|0.9756,苏|E|D|5|1|7|2,0.7227|0.7969|0.5762|0.9941|0.7832|0.7168|0.5664,25.6003|6.3630|18.4372|0.0364|1.6173|11.5792|0.3647|0.3116|18.1256,2773473
RQ4 r=1 t=15 thermal=2 battC=35.0 soc=100 chg=3 load=2 totalMs=68.5442 code=苏ED5172 backends=det,cpu,CPU,,1076.7692,nan,1|rec,nnrt,NNRT:NPU_ohos.boot.hardware.kirin8020_v2_0,,4.0489,3692.1536,1|cls,cpu,CPU,,0.0000,0.0000,0
RQ4P r=1 p0=苏ED5172,0.7273,0.7366,0,1751|747|1879|855,78|123,green|0.9756,苏|E|D|5|1|7|2,0.7227|0.7969|0.5762|0.9941|0.7832|0.7168|0.5664,53.2659|10.5505|42.0588|0.0189|1.5938|13.5519|0.0858|1.4456|40.6131,2773473
RQ4 r=2 t=30 thermal=2 battC=35.0 soc=100 chg=3 load=2 totalMs=108.8038 code=苏ED5172 backends=det,cpu,CPU,,1076.7692,nan,1|rec,nnrt,NNRT:NPU_ohos.boot.hardware.kirin8020_v2_0,,4.0489,3692.1536,1|cls,cpu,CPU,,0.0000,0.0000,0
RQ4P r=2 p0=苏ED5172,0.7273,0.7366,0,1751|747|1879|855,78|123,green|0.9756,苏|E|D|5|1|7|2,0.7227|0.7969|0.5762|0.9941|0.7832|0.7168|0.5664,80.2989|10.7453|66.9398|0.0825|7.6330|20.5934|0.2098|1.4373|65.5025,2773473
RQ4 r=3 t=45 thermal=2 battC=35.0 soc=100 chg=3 load=2 totalMs=95.7873 code=苏ED5172 backends=det,cpu,CPU,,1076.7692,nan,1|rec,nnrt,NNRT:NPU_ohos.boot.hardware.kirin8020_v2_0,,4.0489,3692.1536,1|cls,cpu,CPU,,0.0000,0.0000,0
RQ4P r=3 p0=苏ED5172,0.7273,0.7366,0,1751|747|1879|855,78|123,green|0.9756,苏|E|D|5|1|7|2,0.7227|0.7969|0.5762|0.9941|0.7832|0.7168|0.5664,66.9753|10.3655|53.8573|0.0828|7.6825|20.8814|0.2058|1.4397|52.4177,2773473
RQ4 r=4 t=60 thermal=2 battC=35.0 soc=100 chg=3 load=2 totalMs=93.8336 code=苏ED5172 backends=det,cpu,CPU,,1076.7692,nan,1|rec,nnrt,NNRT:NPU_ohos.boot.hardware.kirin8020_v2_0,,4.0489,3692.1536,1|cls,cpu,CPU,,0.0000,0.0000,0
RQ4P r=4 p0=苏ED5172,0.7273,0.7366,0,1751|747|1879|855,78|123,green|0.9756,苏|E|D|5|1|7|2,0.7227|0.7969|0.5762|0.9941|0.7832|0.7168|0.5664,64.0045|10.8969|49.8091|0.0816|7.6828|21.8239|0.2700|1.4939|48.3152,2773473
RQ4 r=5 t=75 thermal=2 battC=35.0 soc=100 chg=3 load=2 totalMs=66.9719 code=苏ED5172 backends=det,cpu,CPU,,1076.7692,nan,1|rec,nnrt,NNRT:NPU_ohos.boot.hardware.kirin8020_v2_0,,4.0489,3692.1536,1|cls,cpu,CPU,,0.0000,0.0000,0
RQ4P r=5 p0=苏ED5172,0.7273,0.7366,0,1751|747|1879|855,78|123,green|0.9756,苏|E|D|5|1|7|2,0.7227|0.7969|0.5762|0.9941|0.7832|0.7168|0.5664,50.7730|10.1947|39.5820|0.0281|2.1664|13.8784|0.1067|1.4400|38.1420,2773473
RQ4 r=6 t=90 thermal=2 battC=35.0 soc=100 chg=3 load=2 totalMs=53.2086 code=苏ED5172 backends=det,cpu,CPU,,1076.7692,nan,1|rec,nnrt,NNRT:NPU_ohos.boot.hardware.kirin8020_v2_0,,4.0489,3692.1536,1|cls,cpu,CPU,,0.0000,0.0000,0
RQ4P r=6 p0=苏ED5172,0.7273,0.7366,0,1751|747|1879|855,78|123,green|0.9756,苏|E|D|5|1|7|2,0.7227|0.7969|0.5762|0.9941|0.7832|0.7168|0.5664,36.1755|10.0291|25.1802|0.0264|2.2127|14.6667|0.1156|1.4444|23.7358,2773473
RQ4 r=7 t=105 thermal=2 battC=35.0 soc=100 chg=3 load=2 totalMs=72.4667 code=苏ED5172 backends=det,cpu,CPU,,1076.7692,nan,1|rec,nnrt,NNRT:NPU_ohos.boot.hardware.kirin8020_v2_0,,4.0489,3692.1536,1|cls,cpu,CPU,,0.0000,0.0000,0
RQ4P r=7 p0=苏ED5172,0.7273,0.7366,0,1751|747|1879|855,78|123,green|0.9756,苏|E|D|5|1|7|2,0.7227|0.7969|0.5762|0.9941|0.7832|0.7168|0.5664,54.4659|10.0908|43.4025|0.0264|2.2000|15.6300|0.1231|1.4403|41.9622,2773473
RQ4 r=8 t=120 thermal=2 battC=35.0 soc=100 chg=3 load=2 totalMs=96.5644 code=苏ED5172 backends=det,cpu,CPU,,1076.7692,nan,1|rec,nnrt,NNRT:NPU_ohos.boot.hardware.kirin8020_v2_0,,4.0489,3692.1536,1|cls,cpu,CPU,,0.0000,0.0000,0
RQ4P r=8 p0=苏ED5172,0.7273,0.7366,0,1751|747|1879|855,78|123,green|0.9756,苏|E|D|5|1|7|2,0.7227|0.7969|0.5762|0.9941|0.7832|0.7168|0.5664,65.1800|10.0067|51.9823|0.0864|7.8078|23.1042|0.4292|1.4417|50.5406,2773473
RQ4 r=9 t=135 thermal=2 battC=35.0 soc=100 chg=3 load=2 totalMs=93.3088 code=苏ED5172 backends=det,cpu,CPU,,1076.7692,nan,1|rec,nnrt,NNRT:NPU_ohos.boot.hardware.kirin8020_v2_0,,4.0489,3692.1536,1|cls,cpu,CPU,,0.0000,0.0000,0
RQ4P r=9 p0=苏ED5172,0.7273,0.7366,0,1751|747|1879|855,78|123,green|0.9756,苏|E|D|5|1|7|2,0.7227|0.7969|0.5762|0.9941|0.7832|0.7168|0.5664,64.9761|10.4011|51.3363|0.0834|7.6747|20.3830|0.2322|1.4387|49.8975,2773473
RQ4 r=10 t=150 thermal=2 battC=35.0 soc=100 chg=3 load=2 totalMs=90.6769 code=苏ED5172 backends=det,cpu,CPU,,1076.7692,nan,1|rec,nnrt,NNRT:NPU_ohos.boot.hardware.kirin8020_v2_0,,4.0489,3692.1536,1|cls,cpu,CPU,,0.0000,0.0000,0
RQ4P r=10 p0=苏ED5172,0.7273,0.7366,0,1751|747|1879|855,78|123,green|0.9756,苏|E|D|5|1|7|2,0.7227|0.7969|0.5762|0.9941|0.7832|0.7168|0.5664,61.2509|10.2097|47.8272|0.0788|7.6902|21.4236|0.2708|1.4381|46.3891,2773473
RQ4 r=11 t=165 thermal=2 battC=35.0 soc=100 chg=3 load=2 totalMs=85.3200 code=苏ED5172 backends=det,cpu,CPU,,1076.7692,nan,1|rec,nnrt,NNRT:NPU_ohos.boot.hardware.kirin8020_v2_0,,4.0489,3692.1536,1|cls,cpu,CPU,,0.0000,0.0000,0
RQ4P r=11 p0=苏ED5172,0.7273,0.7366,0,1751|747|1879|855,78|123,green|0.9756,苏|E|D|5|1|7|2,0.7227|0.7969|0.5762|0.9941|0.7832|0.7168|0.5664,68.3398|10.1180|57.2272|0.0256|2.1959|14.6372|0.1097|1.4470|55.7802,2773473
RQ4 r=12 t=180 thermal=2 battC=35.0 soc=100 chg=3 load=2 totalMs=94.4409 code=苏ED5172 backends=det,cpu,CPU,,1076.7692,nan,1|rec,nnrt,NNRT:NPU_ohos.boot.hardware.kirin8020_v2_0,,4.0489,3692.1536,1|cls,cpu,CPU,,0.0000,0.0000,0
RQ4P r=12 p0=苏ED5172,0.7273,0.7366,0,1751|747|1879|855,78|123,green|0.9756,苏|E|D|5|1|7|2,0.7227|0.7969|0.5762|0.9941|0.7832|0.7168|0.5664,64.7417|10.0505|51.4341|0.0819|7.6295|21.7505|0.2686|1.4455|49.9886,2773473
RQ4 r=13 t=195 thermal=2 battC=35.0 soc=100 chg=3 load=2 totalMs=99.2653 code=苏ED5172 backends=det,cpu,CPU,,1076.7692,nan,1|rec,nnrt,NNRT:NPU_ohos.boot.hardware.kirin8020_v2_0,,4.0489,3692.1536,1|cls,cpu,CPU,,0.0000,0.0000,0
RQ4P r=13 p0=苏ED5172,0.7273,0.7366,0,1751|747|1879|855,78|123,green|0.9756,苏|E|D|5|1|7|2,0.7227|0.7969|0.5762|0.9941|0.7832|0.7168|0.5664,69.6959|10.4420|56.0108|0.0878|7.7745|21.4706|0.2698|1.4414|54.5694,2773473
RQ4 r=14 t=210 thermal=2 battC=35.0 soc=100 chg=3 load=2 totalMs=95.0287 code=苏ED5172 backends=det,cpu,CPU,,1076.7692,nan,1|rec,nnrt,NNRT:NPU_ohos.boot.hardware.kirin8020_v2_0,,4.0489,3692.1536,1|cls,cpu,CPU,,0.0000,0.0000,0
RQ4P r=14 p0=苏ED5172,0.7273,0.7366,0,1751|747|1879|855,78|123,green|0.9756,苏|E|D|5|1|7|2,0.7227|0.7969|0.5762|0.9941|0.7832|0.7168|0.5664,64.8075|10.1209|51.4484|0.0806|7.6444|22.2627|0.2706|1.4912|49.9572,2773473
RQ4 r=15 t=225 thermal=2 battC=35.0 soc=100 chg=3 load=2 totalMs=98.8983 code=苏ED5172 backends=det,cpu,CPU,,1076.7692,nan,1|rec,nnrt,NNRT:NPU_ohos.boot.hardware.kirin8020_v2_0,,4.0489,3692.1536,1|cls,cpu,CPU,,0.0000,0.0000,0
RQ4P r=15 p0=苏ED5172,0.7273,0.7366,0,1751|747|1879|855,78|123,green|0.9756,苏|E|D|5|1|7|2,0.7227|0.7969|0.5762|0.9941|0.7832|0.7168|0.5664,67.4272|9.9542|54.1642|0.0812|7.6877|23.4509|0.2747|1.4394|52.7248,2773473
RQ4 r=16 t=240 thermal=2 battC=35.0 soc=100 chg=3 load=2 totalMs=57.3878 code=苏ED5172 backends=det,cpu,CPU,,1076.7692,nan,1|rec,nnrt,NNRT:NPU_ohos.boot.hardware.kirin8020_v2_0,,4.0489,3692.1536,1|cls,cpu,CPU,,0.0000,0.0000,0
RQ4P r=16 p0=苏ED5172,0.7273,0.7366,0,1751|747|1879|855,78|123,green|0.9756,苏|E|D|5|1|7|2,0.7227|0.7969|0.5762|0.9941|0.7832|0.7168|0.5664,41.2653|10.2433|30.2330|0.0194|1.6309|14.2944|0.0909|1.5752|28.6578,2773473
RQ4 r=17 t=255 thermal=2 battC=35.0 soc=100 chg=3 load=2 totalMs=96.8938 code=苏ED5172 backends=det,cpu,CPU,,1076.7692,nan,1|rec,nnrt,NNRT:NPU_ohos.boot.hardware.kirin8020_v2_0,,4.0489,3692.1536,1|cls,cpu,CPU,,0.0000,0.0000,0
RQ4P r=17 p0=苏ED5172,0.7273,0.7366,0,1751|747|1879|855,78|123,green|0.9756,苏|E|D|5|1|7|2,0.7227|0.7969|0.5762|0.9941|0.7832|0.7168|0.5664,66.0716|10.0097|52.8403|0.0828|7.7227|22.9453|0.1148|1.4398|51.4005,2773473
RQ4 r=18 t=270 thermal=2 battC=35.0 soc=100 chg=3 load=2 totalMs=86.2847 code=苏ED5172 backends=det,cpu,CPU,,1076.7692,nan,1|rec,nnrt,NNRT:NPU_ohos.boot.hardware.kirin8020_v2_0,,4.0489,3692.1536,1|cls,cpu,CPU,,0.0000,0.0000,0
RQ4P r=18 p0=苏ED5172,0.7273,0.7366,0,1751|747|1879|855,78|123,green|0.9756,苏|E|D|5|1|7|2,0.7227|0.7969|0.5762|0.9941|0.7832|0.7168|0.5664,61.4514|10.1786|47.9298|0.0830|7.6633|16.9478|0.1773|1.4959|46.4339,2773473
RQ4 r=19 t=285 thermal=2 battC=35.0 soc=100 chg=3 load=2 totalMs=58.7495 code=苏ED5172 backends=det,cpu,CPU,,1076.7692,nan,1|rec,nnrt,NNRT:NPU_ohos.boot.hardware.kirin8020_v2_0,,4.0489,3692.1536,1|cls,cpu,CPU,,0.0000,0.0000,0
RQ4P r=19 p0=苏ED5172,0.7273,0.7366,0,1751|747|1879|855,78|123,green|0.9756,苏|E|D|5|1|7|2,0.7227|0.7969|0.5762|0.9941|0.7832|0.7168|0.5664,42.4381|10.1470|31.5286|0.0217|1.6133|14.5767|0.0855|1.4412|30.0873,2773473
RQ4 r=20 t=300 thermal=2 battC=35.0 soc=100 chg=3 load=2 totalMs=71.8448 code=苏ED5172 backends=det,cpu,CPU,,1076.7692,nan,1|rec,nnrt,NNRT:NPU_ohos.boot.hardware.kirin8020_v2_0,,4.0489,3692.1536,1|cls,cpu,CPU,,0.0000,0.0000,0
RQ4P r=20 p0=苏ED5172,0.7273,0.7366,0,1751|747|1879|855,78|123,green|0.9756,苏|E|D|5|1|7|2,0.7227|0.7969|0.5762|0.9941|0.7832|0.7168|0.5664,54.1144|10.1706|42.9581|0.0311|2.2239|15.3275|0.1400|1.4495|41.5086,2773473
RQ4 r=21 t=315 thermal=2 battC=35.0 soc=100 chg=3 load=2 totalMs=71.5975 code=苏ED5172 backends=det,cpu,CPU,,1076.7692,nan,1|rec,nnrt,NNRT:NPU_ohos.boot.hardware.kirin8020_v2_0,,4.0489,3692.1536,1|cls,cpu,CPU,,0.0000,0.0000,0
RQ4P r=21 p0=苏ED5172,0.7273,0.7366,0,1751|747|1879|855,78|123,green|0.9756,苏|E|D|5|1|7|2,0.7227|0.7969|0.5762|0.9941|0.7832|0.7168|0.5664,56.4550|9.9373|45.7497|0.0222|1.6750|13.3427|0.0853|1.4953|44.2544,2773473
RQ4 r=22 t=330 thermal=2 battC=35.0 soc=100 chg=3 load=2 totalMs=63.3302 code=苏ED5172 backends=det,cpu,CPU,,1076.7692,nan,1|rec,nnrt,NNRT:NPU_ohos.boot.hardware.kirin8020_v2_0,,4.0489,3692.1536,1|cls,cpu,CPU,,0.0000,0.0000,0
RQ4P r=22 p0=苏ED5172,0.7273,0.7366,0,1751|747|1879|855,78|123,green|0.9756,苏|E|D|5|1|7|2,0.7227|0.7969|0.5762|0.9941|0.7832|0.7168|0.5664,48.1872|10.1866|37.3052|0.0192|1.5405|13.4597|0.0927|1.5080|35.7972,2773473
RQ4 r=23 t=345 thermal=2 battC=35.0 soc=100 chg=3 load=2 totalMs=36.6447 code=苏ED5172 backends=det,cpu,CPU,,1076.7692,nan,1|rec,nnrt,NNRT:NPU_ohos.boot.hardware.kirin8020_v2_0,,4.0489,3692.1536,1|cls,cpu,CPU,,0.0000,0.0000,0
RQ4P r=23 p0=苏ED5172,0.7273,0.7366,0,1751|747|1879|855,78|123,green|0.9756,苏|E|D|5|1|7|2,0.7227|0.7969|0.5762|0.9941|0.7832|0.7168|0.5664,19.1581|2.3305|16.0641|0.0284|1.6488|15.7330|0.0886|0.2950|15.7691,2773473
RQ4 r=24 t=360 thermal=2 battC=35.0 soc=100 chg=3 load=2 totalMs=75.9116 code=苏ED5172 backends=det,cpu,CPU,,1076.7692,nan,1|rec,nnrt,NNRT:NPU_ohos.boot.hardware.kirin8020_v2_0,,4.0489,3692.1536,1|cls,cpu,CPU,,0.0000,0.0000,0
RQ4P r=24 p0=苏ED5172,0.7273,0.7366,0,1751|747|1879|855,78|123,green|0.9756,苏|E|D|5|1|7|2,0.7227|0.7969|0.5762|0.9941|0.7832|0.7168|0.5664,58.5627|10.1683|47.6922|0.0255|2.2097|14.9781|0.1114|1.4767|46.2155,2773473
RQ4 r=25 t=375 thermal=2 battC=35.0 soc=100 chg=3 load=2 totalMs=81.8066 code=苏ED5172 backends=det,cpu,CPU,,1076.7692,nan,1|rec,nnrt,NNRT:NPU_ohos.boot.hardware.kirin8020_v2_0,,4.0489,3692.1536,1|cls,cpu,CPU,,0.0000,0.0000,0
RQ4P r=25 p0=苏ED5172,0.7273,0.7366,0,1751|747|1879|855,78|123,green|0.9756,苏|E|D|5|1|7|2,0.7227|0.7969|0.5762|0.9941|0.7832|0.7168|0.5664,66.1805|9.9611|55.4531|0.0202|1.5720|13.9380|0.0789|1.4416|54.0116,2773473
RQ4 r=26 t=390 thermal=2 battC=35.0 soc=100 chg=3 load=2 totalMs=62.0667 code=苏ED5172 backends=det,cpu,CPU,,1076.7692,nan,1|rec,nnrt,NNRT:NPU_ohos.boot.hardware.kirin8020_v2_0,,4.0489,3692.1536,1|cls,cpu,CPU,,0.0000,0.0000,0
RQ4P r=26 p0=苏ED5172,0.7273,0.7366,0,1751|747|1879|855,78|123,green|0.9756,苏|E|D|5|1|7|2,0.7227|0.7969|0.5762|0.9941|0.7832|0.7168|0.5664,45.0316|9.9934|34.2195|0.0236|2.1266|14.7550|0.1100|1.4402|32.7794,2773473
RQ4 r=27 t=405 thermal=2 battC=35.0 soc=100 chg=3 load=2 totalMs=112.3344 code=苏ED5172 backends=det,cpu,CPU,,1076.7692,nan,1|rec,nnrt,NNRT:NPU_ohos.boot.hardware.kirin8020_v2_0,,4.0489,3692.1536,1|cls,cpu,CPU,,0.0000,0.0000,0
RQ4P r=27 p0=苏ED5172,0.7273,0.7366,0,1751|747|1879|855,78|123,green|0.9756,苏|E|D|5|1|7|2,0.7227|0.7969|0.5762|0.9941|0.7832|0.7168|0.5664,81.1589|10.5869|67.3148|0.0770|7.6916|23.3339|0.1131|1.4392|65.8756,2773473
RQ4 r=28 t=420 thermal=2 battC=35.0 soc=100 chg=3 load=2 totalMs=95.9794 code=苏ED5172 backends=det,cpu,CPU,,1076.7692,nan,1|rec,nnrt,NNRT:NPU_ohos.boot.hardware.kirin8020_v2_0,,4.0489,3692.1536,1|cls,cpu,CPU,,0.0000,0.0000,0
RQ4P r=28 p0=苏ED5172,0.7273,0.7366,0,1751|747|1879|855,78|123,green|0.9756,苏|E|D|5|1|7|2,0.7227|0.7969|0.5762|0.9941|0.7832|0.7168|0.5664,67.5341|10.2080|54.1445|0.0825|7.6381|20.5542|0.2039|1.4434|52.7011,2773473
RQ4 r=29 t=435 thermal=2 battC=35.0 soc=100 chg=3 load=2 totalMs=73.6862 code=苏ED5172 backends=det,cpu,CPU,,1076.7692,nan,1|rec,nnrt,NNRT:NPU_ohos.boot.hardware.kirin8020_v2_0,,4.0489,3692.1536,1|cls,cpu,CPU,,0.0000,0.0000,0
RQ4P r=29 p0=苏ED5172,0.7273,0.7366,0,1751|747|1879|855,78|123,green|0.9756,苏|E|D|5|1|7|2,0.7227|0.7969|0.5762|0.9941|0.7832|0.7168|0.5664,55.3489|10.2583|44.1339|0.0259|2.4023|15.7823|0.1059|1.4444|42.6895,2773473
RQ4 r=30 t=450 thermal=2 battC=35.0 soc=100 chg=3 load=2 totalMs=69.1883 code=苏ED5172 backends=det,cpu,CPU,,1076.7692,nan,1|rec,nnrt,NNRT:NPU_ohos.boot.hardware.kirin8020_v2_0,,4.0489,3692.1536,1|cls,cpu,CPU,,0.0000,0.0000,0
RQ4P r=30 p0=苏ED5172,0.7273,0.7366,0,1751|747|1879|855,78|123,green|0.9756,苏|E|D|5|1|7|2,0.7227|0.7969|0.5762|0.9941|0.7832|0.7168|0.5664,52.1931|9.6403|41.7522|0.0258|1.8581|15.0047|0.0970|1.5023|40.2498,2773473
RQ4 r=31 t=465 thermal=2 battC=35.0 soc=100 chg=3 load=2 totalMs=56.4842 code=苏ED5172 backends=det,cpu,CPU,,1076.7692,nan,1|rec,nnrt,NNRT:NPU_ohos.boot.hardware.kirin8020_v2_0,,4.0489,3692.1536,1|cls,cpu,CPU,,0.0000,0.0000,0
RQ4P r=31 p0=苏ED5172,0.7273,0.7366,0,1751|747|1879|855,78|123,green|0.9756,苏|E|D|5|1|7|2,0.7227|0.7969|0.5762|0.9941|0.7832|0.7168|0.5664,37.6527|10.0670|26.2441|0.0322|2.6184|16.0639|0.1122|1.5200|24.7241,2773473
RQ4 r=32 t=480 thermal=2 battC=35.0 soc=100 chg=3 load=2 totalMs=70.6206 code=苏ED5172 backends=det,cpu,CPU,,1076.7692,nan,1|rec,nnrt,NNRT:NPU_ohos.boot.hardware.kirin8020_v2_0,,4.0489,3692.1536,1|cls,cpu,CPU,,0.0000,0.0000,0
RQ4P r=32 p0=苏ED5172,0.7273,0.7366,0,1751|747|1879|855,78|123,green|0.9756,苏|E|D|5|1|7|2,0.7227|0.7969|0.5762|0.9941|0.7832|0.7168|0.5664,53.5658|9.9294|42.6344|0.0333|2.2164|14.6695|0.1216|1.5211|41.1133,2773473
RQ4 r=33 t=495 thermal=2 battC=35.0 soc=100 chg=3 load=2 totalMs=60.0102 code=苏ED5172 backends=det,cpu,CPU,,1076.7692,nan,1|rec,nnrt,NNRT:NPU_ohos.boot.hardware.kirin8020_v2_0,,4.0489,3692.1536,1|cls,cpu,CPU,,0.0000,0.0000,0
RQ4P r=33 p0=苏ED5172,0.7273,0.7366,0,1751|747|1879|855,78|123,green|0.9756,苏|E|D|5|1|7|2,0.7227|0.7969|0.5762|0.9941|0.7832|0.7168|0.5664,44.4928|9.8067|33.6716|0.0300|1.9794|13.3989|0.1039|1.4397|32.2319,2773473
RQ4 r=34 t=510 thermal=2 battC=35.0 soc=100 chg=3 load=2 totalMs=41.9444 code=苏ED5172 backends=det,cpu,CPU,,1076.7692,nan,1|rec,nnrt,NNRT:NPU_ohos.boot.hardware.kirin8020_v2_0,,4.0489,3692.1536,1|cls,cpu,CPU,,0.0000,0.0000,0
RQ4P r=34 p0=苏ED5172,0.7273,0.7366,0,1751|747|1879|855,78|123,green|0.9756,苏|E|D|5|1|7|2,0.7227|0.7969|0.5762|0.9941|0.7832|0.7168|0.5664,26.2856|2.8208|22.7733|0.0198|2.0419|13.4856|0.1152|0.3119|22.4614,2773473
RQ4 r=35 t=525 thermal=2 battC=35.0 soc=100 chg=3 load=2 totalMs=47.0647 code=苏ED5172 backends=det,cpu,CPU,,1076.7692,nan,1|rec,nnrt,NNRT:NPU_ohos.boot.hardware.kirin8020_v2_0,,4.0489,3692.1536,1|cls,cpu,CPU,,0.0000,0.0000,0
RQ4P r=35 p0=苏ED5172,0.7273,0.7366,0,1751|747|1879|855,78|123,green|0.9756,苏|E|D|5|1|7|2,0.7227|0.7969|0.5762|0.9941|0.7832|0.7168|0.5664,31.2098|4.0470|26.3473|0.0239|1.8166|13.9259|0.0892|0.6872|25.6602,2773473
RQ4 r=36 t=540 thermal=2 battC=35.0 soc=100 chg=3 load=2 totalMs=71.7117 code=苏ED5172 backends=det,cpu,CPU,,1076.7692,nan,1|rec,nnrt,NNRT:NPU_ohos.boot.hardware.kirin8020_v2_0,,4.0489,3692.1536,1|cls,cpu,CPU,,0.0000,0.0000,0
RQ4P r=36 p0=苏ED5172,0.7273,0.7366,0,1751|747|1879|855,78|123,green|0.9756,苏|E|D|5|1|7|2,0.7227|0.7969|0.5762|0.9941|0.7832|0.7168|0.5664,54.9409|10.0869|43.8317|0.0273|2.3658|14.2623|0.1069|1.4400|42.3917,2773473
RQ4 r=37 t=555 thermal=2 battC=35.0 soc=100 chg=3 load=2 totalMs=74.3116 code=苏ED5172 backends=det,cpu,CPU,,1076.7692,nan,1|rec,nnrt,NNRT:NPU_ohos.boot.hardware.kirin8020_v2_0,,4.0489,3692.1536,1|cls,cpu,CPU,,0.0000,0.0000,0
RQ4P r=37 p0=苏ED5172,0.7273,0.7366,0,1751|747|1879|855,78|123,green|0.9756,苏|E|D|5|1|7|2,0.7227|0.7969|0.5762|0.9941|0.7832|0.7168|0.5664,57.9442|10.1531|47.0511|0.0211|1.6647|14.5591|0.1059|1.4436|45.6075,2773473
RQ4 r=38 t=570 thermal=2 battC=35.0 soc=100 chg=3 load=2 totalMs=95.2195 code=苏ED5172 backends=det,cpu,CPU,,1076.7692,nan,1|rec,nnrt,NNRT:NPU_ohos.boot.hardware.kirin8020_v2_0,,4.0489,3692.1536,1|cls,cpu,CPU,,0.0000,0.0000,0
RQ4P r=38 p0=苏ED5172,0.7273,0.7366,0,1751|747|1879|855,78|123,green|0.9756,苏|E|D|5|1|7|2,0.7227|0.7969|0.5762|0.9941|0.7832|0.7168|0.5664,65.3244|10.1117|52.1219|0.0798|7.7064|21.9431|0.2070|1.4439|50.6780,2773473
RQ4 r=39 t=585 thermal=2 battC=35.0 soc=100 chg=3 load=2 totalMs=97.8730 code=苏ED5172 backends=det,cpu,CPU,,1076.7692,nan,1|rec,nnrt,NNRT:NPU_ohos.boot.hardware.kirin8020_v2_0,,4.0489,3692.1536,1|cls,cpu,CPU,,0.0000,0.0000,0
RQ4P r=39 p0=苏ED5172,0.7273,0.7366,0,1751|747|1879|855,78|123,green|0.9756,苏|E|D|5|1|7|2,0.7227|0.7969|0.5762|0.9941|0.7832|0.7168|0.5664,70.8733|10.0898|57.4877|0.0848|7.8255|19.0209|0.1148|1.4447|56.0430,2773473
