RQ4 BEGIN minutes=20 rounds=80 intervalMs=15000 frame=assets/samples/hlpr-test.jpg ts=1790024919172
RQ4 r=0 t=0 thermal=3 battC=39.0 soc=78 chg=1 load=3 totalMs=37.1158 code=苏ED5172 backends=det,cpu,CPU,,1076.7692,nan,1|rec,nnrt,NNRT:NPU_ohos.boot.hardware.kirin8020_v2_0,,4.0489,3692.1536,1|cls,cpu,CPU,,0.0000,0.0000,0
RQ4P r=0 p0=苏ED5172,0.7273,0.7366,0,1751|747|1879|855,78|123,green|0.9756,苏|E|D|5|1|7|2,0.7227|0.7969|0.5762|0.9941|0.7832|0.7168|0.5664,27.5561|7.6283|19.0938|0.0330|1.8600|6.1989|0.0877|0.9689|18.1248,2773473
RQ4 r=1 t=15 thermal=3 battC=39.0 soc=78 chg=1 load=3 totalMs=61.5275 code=苏ED5172 backends=det,cpu,CPU,,1076.7692,nan,1|rec,nnrt,NNRT:NPU_ohos.boot.hardware.kirin8020_v2_0,,4.0489,3692.1536,1|cls,cpu,CPU,,0.0000,0.0000,0
RQ4P r=1 p0=苏ED5172,0.7273,0.7366,0,1751|747|1879|855,78|123,green|0.9756,苏|E|D|5|1|7|2,0.7227|0.7969|0.5762|0.9941|0.7832|0.7168|0.5664,44.6152|10.1636|33.7720|0.0175|1.5705|15.2153|0.0920|1.4444|32.3277,2773473
RQ4 r=2 t=30 thermal=3 battC=38.0 soc=78 chg=1 load=3 totalMs=71.0634 code=苏ED5172 backends=det,cpu,CPU,,1076.7692,nan,1|rec,nnrt,NNRT:NPU_ohos.boot.hardware.kirin8020_v2_0,,4.0489,3692.1536,1|cls,cpu,CPU,,0.0000,0.0000,0
RQ4P r=2 p0=苏ED5172,0.7273,0.7366,0,1751|747|1879|855,78|123,green|0.9756,苏|E|D|5|1|7|2,0.7227|0.7969|0.5762|0.9941|0.7832|0.7168|0.5664,51.5695|10.0114|40.6084|0.0248|2.2130|17.0856|0.1575|1.4467|39.1617,2773473
RQ4 r=3 t=45 thermal=3 battC=39.0 soc=78 chg=1 load=3 totalMs=99.9987 code=苏ED5172 backends=det,cpu,CPU,,1076.7692,nan,1|rec,nnrt,NNRT:NPU_ohos.boot.hardware.kirin8020_v2_0,,4.0489,3692.1536,1|cls,cpu,CPU,,0.0000,0.0000,0
RQ4P r=3 p0=苏ED5172,0.7273,0.7366,0,1751|747|1879|855,78|123,green|0.9756,苏|E|D|5|1|7|2,0.7227|0.7969|0.5762|0.9941|0.7832|0.7168|0.5664,65.8498|10.1809|52.3558|0.1108|7.7080|26.0791|0.3195|1.4419|50.9139,2773473
RQ4 r=4 t=60 thermal=3 battC=38.0 soc=78 chg=1 load=3 totalMs=99.9552 code=苏ED5172 backends=det,cpu,CPU,,1076.7692,nan,1|rec,nnrt,NNRT:NPU_ohos.boot.hardware.kirin8020_v2_0,,4.0489,3692.1536,1|cls,cpu,CPU,,0.0000,0.0000,0
RQ4P r=4 p0=苏ED5172,0.7273,0.7366,0,1751|747|1879|855,78|123,green|0.9756,苏|E|D|5|1|7|2,0.7227|0.7969|0.5762|0.9941|0.7832|0.7168|0.5664,67.8817|10.3764|54.1992|0.0814|7.6250|24.1338|0.2711|1.4998|52.6994,2773473
RQ4 r=5 t=75 thermal=3 battC=38.0 soc=78 chg=1 load=3 totalMs=80.5477 code=苏ED5172 backends=det,cpu,CPU,,1076.7692,nan,1|rec,nnrt,NNRT:NPU_ohos.boot.hardware.kirin8020_v2_0,,4.0489,3692.1536,1|cls,cpu,CPU,,0.0000,0.0000,0
RQ4P r=5 p0=苏ED5172,0.7273,0.7366,0,1751|747|1879|855,78|123,green|0.9756,苏|E|D|5|1|7|2,0.7227|0.7969|0.5762|0.9941|0.7832|0.7168|0.5664,61.8572|10.1763|50.8286|0.0344|2.8564|15.6598|0.1341|1.4848|49.3438,2773473
RQ4 r=6 t=90 thermal=3 battC=38.0 soc=78 chg=1 load=3 totalMs=64.9753 code=苏ED5172 backends=det,cpu,CPU,,1076.7692,nan,1|rec,nnrt,NNRT:NPU_ohos.boot.hardware.kirin8020_v2_0,,4.0489,3692.1536,1|cls,cpu,CPU,,0.0000,0.0000,0
RQ4P r=6 p0=苏ED5172,0.7273,0.7366,0,1751|747|1879|855,78|123,green|0.9756,苏|E|D|5|1|7|2,0.7227|0.7969|0.5762|0.9941|0.7832|0.7168|0.5664,48.1655|10.4456|36.9655|0.0202|1.6520|15.0255|0.0927|1.4484|35.5170,2773473
RQ4 r=7 t=105 thermal=3 battC=38.0 soc=78 chg=1 load=3 totalMs=101.1938 code=苏ED5172 backends=det,cpu,CPU,,1076.7692,nan,1|rec,nnrt,NNRT:NPU_ohos.boot.hardware.kirin8020_v2_0,,4.0489,3692.1536,1|cls,cpu,CPU,,0.0000,0.0000,0
RQ4P r=7 p0=苏ED5172,0.7273,0.7366,0,1751|747|1879|855,78|123,green|0.9756,苏|E|D|5|1|7|2,0.7227|0.7969|0.5762|0.9941|0.7832|0.7168|0.5664,67.0894|10.1091|54.4894|0.0825|7.6472|26.1362|0.2741|1.4534|53.0359,2773473
RQ4 r=8 t=120 thermal=3 battC=38.0 soc=78 chg=1 load=3 totalMs=99.0459 code=苏ED5172 backends=det,cpu,CPU,,1076.7692,nan,1|rec,nnrt,NNRT:NPU_ohos.boot.hardware.kirin8020_v2_0,,4.0489,3692.1536,1|cls,cpu,CPU,,0.0000,0.0000,0
RQ4P r=8 p0=苏ED5172,0.7273,0.7366,0,1751|747|1879|855,78|123,green|0.9756,苏|E|D|5|1|7|2,0.7227|0.7969|0.5762|0.9941|0.7832|0.7168|0.5664,67.5828|10.1130|55.1195|0.0873|7.6495|23.4994|0.2689|1.4397|53.6798,2773473
RQ4 r=9 t=135 thermal=3 battC=38.0 soc=78 chg=1 load=3 totalMs=64.9641 code=苏ED5172 backends=det,cpu,CPU,,1076.7692,nan,1|rec,nnrt,NNRT:NPU_ohos.boot.hardware.kirin8020_v2_0,,4.0489,3692.1536,1|cls,cpu,CPU,,0.0000,0.0000,0
RQ4P r=9 p0=苏ED5172,0.7273,0.7366,0,1751|747|1879|855,78|123,green|0.9756,苏|E|D|5|1|7|2,0.7227|0.7969|0.5762|0.9941|0.7832|0.7168|0.5664,49.1647|10.0420|38.1998|0.0275|2.0163|13.6575|0.0881|1.4391|36.7608,2773473
RQ4 r=10 t=150 thermal=3 battC=38.0 soc=79 chg=1 load=3 totalMs=92.6802 code=苏ED5172 backends=det,cpu,CPU,,1076.7692,nan,1|rec,nnrt,NNRT:NPU_ohos.boot.hardware.kirin8020_v2_0,,4.0489,3692.1536,1|cls,cpu,CPU,,0.0000,0.0000,0
RQ4P r=10 p0=苏ED5172,0.7273,0.7366,0,1751|747|1879|855,78|123,green|0.9756,苏|E|D|5|1|7|2,0.7227|0.7969|0.5762|0.9941|0.7832|0.7168|0.5664,61.1603|10.0461|48.8469|0.0833|7.6755|23.5184|0.2700|1.4873|47.3595,2773473
RQ4 r=11 t=165 thermal=3 battC=38.0 soc=79 chg=1 load=3 totalMs=70.2941 code=苏ED5172 backends=det,cpu,CPU,,1076.7692,nan,1|rec,nnrt,NNRT:NPU_ohos.boot.hardware.kirin8020_v2_0,,4.0489,3692.1536,1|cls,cpu,CPU,,0.0000,0.0000,0
RQ4P r=11 p0=苏ED5172,0.7273,0.7366,0,1751|747|1879|855,78|123,green|0.9756,苏|E|D|5|1|7|2,0.7227|0.7969|0.5762|0.9941|0.7832|0.7168|0.5664,53.1838|10.0369|42.4633|0.0230|2.2259|14.6903|0.1397|1.4395|41.0238,2773473
RQ4 r=12 t=180 thermal=3 battC=37.0 soc=79 chg=1 load=3 totalMs=93.3044 code=苏ED5172 backends=det,cpu,CPU,,1076.7692,nan,1|rec,nnrt,NNRT:NPU_ohos.boot.hardware.kirin8020_v2_0,,4.0489,3692.1536,1|cls,cpu,CPU,,0.0000,0.0000,0
RQ4P r=12 p0=苏ED5172,0.7273,0.7366,0,1751|747|1879|855,78|123,green|0.9756,苏|E|D|5|1|7|2,0.7227|0.7969|0.5762|0.9941|0.7832|0.7168|0.5664,61.3330|9.9531|48.0464|0.0837|7.6480|23.9364|0.3330|1.4934|46.5530,2773473
RQ4 r=13 t=195 thermal=3 battC=37.0 soc=79 chg=1 load=3 totalMs=86.5006 code=苏ED5172 backends=det,cpu,CPU,,1076.7692,nan,1|rec,nnrt,NNRT:NPU_ohos.boot.hardware.kirin8020_v2_0,,4.0489,3692.1536,1|cls,cpu,CPU,,0.0000,0.0000,0
RQ4P r=13 p0=苏ED5172,0.7273,0.7366,0,1751|747|1879|855,78|123,green|0.9756,苏|E|D|5|1|7|2,0.7227|0.7969|0.5762|0.9941|0.7832|0.7168|0.5664,60.0420|10.0152|46.6667|0.1161|8.2672|17.9939|0.1584|1.4430|45.2238,2773473
RQ4 r=14 t=210 thermal=3 battC=37.0 soc=79 chg=1 load=3 totalMs=80.8472 code=苏ED5172 backends=det,cpu,CPU,,1076.7692,nan,1|rec,nnrt,NNRT:NPU_ohos.boot.hardware.kirin8020_v2_0,,4.0489,3692.1536,1|cls,cpu,CPU,,0.0000,0.0000,0
RQ4P r=14 p0=苏ED5172,0.7273,0.7366,0,1751|747|1879|855,78|123,green|0.9756,苏|E|D|5|1|7|2,0.7227|0.7969|0.5762|0.9941|0.7832|0.7168|0.5664,55.7920|10.0736|43.4503|0.0773|7.6691|17.1362|0.2066|1.4391|42.0112,2773473
RQ4 r=15 t=225 thermal=3 battC=37.0 soc=79 chg=1 load=3 totalMs=96.1623 code=苏ED5172 backends=det,cpu,CPU,,1076.7692,nan,1|rec,nnrt,NNRT:NPU_ohos.boot.hardware.kirin8020_v2_0,,4.0489,3692.1536,1|cls,cpu,CPU,,0.0000,0.0000,0
RQ4P r=15 p0=苏ED5172,0.7273,0.7366,0,1751|747|1879|855,78|123,green|0.9756,苏|E|D|5|1|7|2,0.7227|0.7969|0.5762|0.9941|0.7832|0.7168|0.5664,64.5648|10.0952|51.2645|0.0823|7.7875|23.4891|0.2752|1.4384|49.8261,2773473
RQ4 r=16 t=240 thermal=3 battC=37.0 soc=79 chg=1 load=3 totalMs=63.3098 code=苏ED5172 backends=det,cpu,CPU,,1076.7692,nan,1|rec,nnrt,NNRT:NPU_ohos.boot.hardware.kirin8020_v2_0,,4.0489,3692.1536,1|cls,cpu,CPU,,0.0000,0.0000,0
RQ4P r=16 p0=苏ED5172,0.7273,0.7366,0,1751|747|1879|855,78|123,green|0.9756,苏|E|D|5|1|7|2,0.7227|0.7969|0.5762|0.9941|0.7832|0.7168|0.5664,46.9820|10.8059|35.3272|0.0206|1.9109|14.2863|0.0916|1.4861|33.8411,2773473
RQ4 r=17 t=255 thermal=3 battC=37.0 soc=79 chg=1 load=3 totalMs=78.7795 code=苏ED5172 backends=det,cpu,CPU,,1076.7692,nan,1|rec,nnrt,NNRT:NPU_ohos.boot.hardware.kirin8020_v2_0,,4.0489,3692.1536,1|cls,cpu,CPU,,0.0000,0.0000,0
RQ4P r=17 p0=苏ED5172,0.7273,0.7366,0,1751|747|1879|855,78|123,green|0.9756,苏|E|D|5|1|7|2,0.7227|0.7969|0.5762|0.9941|0.7832|0.7168|0.5664,63.1870|10.8558|51.7731|0.0250|1.7698|13.6992|0.0841|1.4877|50.2855,2773473
RQ4 r=18 t=270 thermal=3 battC=37.0 soc=79 chg=1 load=3 totalMs=71.3434 code=苏ED5172 backends=det,cpu,CPU,,1076.7692,nan,1|rec,nnrt,NNRT:NPU_ohos.boot.hardware.kirin8020_v2_0,,4.0489,3692.1536,1|cls,cpu,CPU,,0.0000,0.0000,0
RQ4P r=18 p0=苏ED5172,0.7273,0.7366,0,1751|747|1879|855,78|123,green|0.9756,苏|E|D|5|1|7|2,0.7227|0.7969|0.5762|0.9941|0.7832|0.7168|0.5664,54.6780|10.3098|43.6787|0.0300|2.1956|14.3245|0.0928|1.4478|42.2309,2773473
RQ4 r=19 t=285 thermal=3 battC=37.0 soc=79 chg=1 load=3 totalMs=80.4620 code=苏ED5172 backends=det,cpu,CPU,,1076.7692,nan,1|rec,nnrt,NNRT:NPU_ohos.boot.hardware.kirin8020_v2_0,,4.0489,3692.1536,1|cls,cpu,CPU,,0.0000,0.0000,0
RQ4P r=19 p0=苏ED5172,0.7273,0.7366,0,1751|747|1879|855,78|123,green|0.9756,苏|E|D|5|1|7|2,0.7227|0.7969|0.5762|0.9941|0.7832|0.7168|0.5664,63.8264|10.5887|52.2137|0.0272|2.3852|14.0877|0.1117|1.4398|50.7739,2773473
RQ4 r=20 t=300 thermal=2 battC=37.0 soc=79 chg=1 load=3 totalMs=94.8981 code=苏ED5172 backends=det,cpu,CPU,,1076.7692,nan,1|rec,nnrt,NNRT:NPU_ohos.boot.hardware.kirin8020_v2_0,,4.0489,3692.1536,1|cls,cpu,CPU,,0.0000,0.0000,0
RQ4P r=20 p0=苏ED5172,0.7273,0.7366,0,1751|747|1879|855,78|123,green|0.9756,苏|E|D|5|1|7|2,0.7227|0.7969|0.5762|0.9941|0.7832|0.7168|0.5664,68.6747|10.0275|55.4602|0.0841|7.6486|18.3289|0.2027|1.4395|54.0206,2773473
RQ4 r=21 t=315 thermal=2 battC=37.0 soc=79 chg=1 load=3 totalMs=87.0023 code=苏ED5172 backends=det,cpu,CPU,,1076.7692,nan,1|rec,nnrt,NNRT:NPU_ohos.boot.hardware.kirin8020_v2_0,,4.0489,3692.1536,1|cls,cpu,CPU,,0.0000,0.0000,0
RQ4P r=21 p0=苏ED5172,0.7273,0.7366,0,1751|747|1879|855,78|123,green|0.9756,苏|E|D|5|1|7|2,0.7227|0.7969|0.5762|0.9941|0.7832|0.7168|0.5664,61.5459|10.3894|48.8273|0.0750|7.6705|17.5136|0.2291|1.4383|47.3891,2773473
RQ4 r=22 t=330 thermal=2 battC=37.0 soc=79 chg=1 load=3 totalMs=65.8014 code=苏ED5172 backends=det,cpu,CPU,,1076.7692,nan,1|rec,nnrt,NNRT:NPU_ohos.boot.hardware.kirin8020_v2_0,,4.0489,3692.1536,1|cls,cpu,CPU,,0.0000,0.0000,0
RQ4P r=22 p0=苏ED5172,0.7273,0.7366,0,1751|747|1879|855,78|123,green|0.9756,苏|E|D|5|1|7|2,0.7227|0.7969|0.5762|0.9941|0.7832|0.7168|0.5664,50.3414|10.5248|39.3197|0.0197|1.5883|13.7475|0.0845|1.4372|37.8825,2773473
RQ4 r=23 t=345 thermal=2 battC=37.0 soc=79 chg=1 load=2 totalMs=70.1753 code=苏ED5172 backends=det,cpu,CPU,,1076.7692,nan,1|rec,nnrt,NNRT:NPU_ohos.boot.hardware.kirin8020_v2_0,,4.0489,3692.1536,1|cls,cpu,CPU,,0.0000,0.0000,0
RQ4P r=23 p0=苏ED5172,0.7273,0.7366,0,1751|747|1879|855,78|123,green|0.9756,苏|E|D|5|1|7|2,0.7227|0.7969|0.5762|0.9941|0.7832|0.7168|0.5664,54.7041|10.0809|43.9209|0.0214|1.5772|13.7766|0.0828|1.4391|42.4819,2773473
RQ4 r=24 t=360 thermal=2 battC=37.0 soc=79 chg=1 load=2 totalMs=84.6061 code=苏ED5172 backends=det,cpu,CPU,,1076.7692,nan,1|rec,nnrt,NNRT:NPU_ohos.boot.hardware.kirin8020_v2_0,,4.0489,3692.1536,1|cls,cpu,CPU,,0.0000,0.0000,0
RQ4P r=24 p0=苏ED5172,0.7273,0.7366,0,1751|747|1879|855,78|123,green|0.9756,苏|E|D|5|1|7|2,0.7227|0.7969|0.5762|0.9941|0.7832|0.7168|0.5664,51.2269|9.7692|39.6780|0.0575|7.4147|23.6848|0.2775|1.4391|38.2389,2773473
RQ4 r=25 t=375 thermal=2 battC=37.0 soc=79 chg=1 load=2 totalMs=57.7088 code=苏ED5172 backends=det,cpu,CPU,,1076.7692,nan,1|rec,nnrt,NNRT:NPU_ohos.boot.hardware.kirin8020_v2_0,,4.0489,3692.1536,1|cls,cpu,CPU,,0.0000,0.0000,0
RQ4P r=25 p0=苏ED5172,0.7273,0.7366,0,1751|747|1879|855,78|123,green|0.9756,苏|E|D|5|1|7|2,0.7227|0.7969|0.5762|0.9941|0.7832|0.7168|0.5664,42.5467|10.1103|31.7177|0.0197|1.6233|13.4142|0.0859|1.4388|30.2789,2773473
RQ4 r=26 t=390 thermal=2 battC=36.0 soc=79 chg=1 load=2 totalMs=66.8122 code=苏ED5172 backends=det,cpu,CPU,,1076.7692,nan,1|rec,nnrt,NNRT:NPU_ohos.boot.hardware.kirin8020_v2_0,,4.0489,3692.1536,1|cls,cpu,CPU,,0.0000,0.0000,0
RQ4P r=26 p0=苏ED5172,0.7273,0.7366,0,1751|747|1879|855,78|123,green|0.9756,苏|E|D|5|1|7|2,0.7227|0.7969|0.5762|0.9941|0.7832|0.7168|0.5664,45.5045|9.9225|34.2670|0.0431|4.2977|16.8161|0.1564|1.4916|32.7755,2773473
RQ4 r=27 t=405 thermal=2 battC=36.0 soc=79 chg=1 load=2 totalMs=58.7394 code=苏ED5172 backends=det,cpu,CPU,,1076.7692,nan,1|rec,nnrt,NNRT:NPU_ohos.boot.hardware.kirin8020_v2_0,,4.0489,3692.1536,1|cls,cpu,CPU,,0.0000,0.0000,0
RQ4P r=27 p0=苏ED5172,0.7273,0.7366,0,1751|747|1879|855,78|123,green|0.9756,苏|E|D|5|1|7|2,0.7227|0.7969|0.5762|0.9941|0.7832|0.7168|0.5664,43.1733|9.8497|32.4808|0.0237|1.7363|13.7069|0.0858|1.4931|30.9877,2773473
RQ4 r=28 t=420 thermal=2 battC=36.0 soc=79 chg=1 load=2 totalMs=68.5934 code=苏ED5172 backends=det,cpu,CPU,,1076.7692,nan,1|rec,nnrt,NNRT:NPU_ohos.boot.hardware.kirin8020_v2_0,,4.0489,3692.1536,1|cls,cpu,CPU,,0.0000,0.0000,0
RQ4P r=28 p0=苏ED5172,0.7273,0.7366,0,1751|747|1879|855,78|123,green|0.9756,苏|E|D|5|1|7|2,0.7227|0.7969|0.5762|0.9941|0.7832|0.7168|0.5664,49.9202|10.0256|39.0234|0.0306|2.8681|15.5853|0.1783|1.4720|37.5514,2773473
RQ4 r=29 t=435 thermal=2 battC=36.0 soc=79 chg=1 load=2 totalMs=80.5872 code=苏ED5172 backends=det,cpu,CPU,,1076.7692,nan,1|rec,nnrt,NNRT:NPU_ohos.boot.hardware.kirin8020_v2_0,,4.0489,3692.1536,1|cls,cpu,CPU,,0.0000,0.0000,0
RQ4P r=29 p0=苏ED5172,0.7273,0.7366,0,1751|747|1879|855,78|123,green|0.9756,苏|E|D|5|1|7|2,0.7227|0.7969|0.5762|0.9941|0.7832|0.7168|0.5664,62.0191|10.1017|51.2522|0.0280|2.3881|15.9416|0.1802|1.4820|49.7702,2773473
RQ4 r=30 t=450 thermal=2 battC=36.0 soc=79 chg=1 load=2 totalMs=90.7716 code=苏ED5172 backends=det,cpu,CPU,,1076.7692,nan,1|rec,nnrt,NNRT:NPU_ohos.boot.hardware.kirin8020_v2_0,,4.0489,3692.1536,1|cls,cpu,CPU,,0.0000,0.0000,0
RQ4P r=30 p0=苏ED5172,0.7273,0.7366,0,1751|747|1879|855,78|123,green|0.9756,苏|E|D|5|1|7|2,0.7227|0.7969|0.5762|0.9941|0.7832|0.7168|0.5664,59.1523|9.9011|46.8988|0.0828|7.6895|23.5220|0.3634|1.5006|45.3981,2773473
RQ4 r=31 t=465 thermal=2 battC=36.0 soc=79 chg=1 load=2 totalMs=72.9381 code=苏ED5172 backends=det,cpu,CPU,,1076.7692,nan,1|rec,nnrt,NNRT:NPU_ohos.boot.hardware.kirin8020_v2_0,,4.0489,3692.1536,1|cls,cpu,CPU,,0.0000,0.0000,0
RQ4P r=31 p0=苏ED5172,0.7273,0.7366,0,1751|747|1879|855,78|123,green|0.9756,苏|E|D|5|1|7|2,0.7227|0.7969|0.5762|0.9941|0.7832|0.7168|0.5664,54.8211|10.1187|43.7489|0.0239|2.2436|15.6864|0.1456|1.4527|42.2962,2773473
RQ4 r=32 t=480 thermal=2 battC=36.0 soc=79 chg=1 load=2 totalMs=93.3705 code=苏ED5172 backends=det,cpu,CPU,,1076.7692,nan,1|rec,nnrt,NNRT:NPU_ohos.boot.hardware.kirin8020_v2_0,,4.0489,3692.1536,1|cls,cpu,CPU,,0.0000,0.0000,0
RQ4P r=32 p0=苏ED5172,0.7273,0.7366,0,1751|747|1879|855,78|123,green|0.9756,苏|E|D|5|1|7|2,0.7227|0.7969|0.5762|0.9941|0.7832|0.7168|0.5664,60.2055|10.1244|47.6944|0.0834|7.6706|25.0817|0.3677|1.4794|46.2150,2773473
RQ4 r=33 t=495 thermal=2 battC=36.0 soc=79 chg=1 load=2 totalMs=89.1036 code=苏ED5172 backends=det,cpu,CPU,,1076.7692,nan,1|rec,nnrt,NNRT:NPU_ohos.boot.hardware.kirin8020_v2_0,,4.0489,3692.1536,1|cls,cpu,CPU,,0.0000,0.0000,0
RQ4P r=33 p0=苏ED5172,0.7273,0.7366,0,1751|747|1879|855,78|123,green|0.9756,苏|E|D|5|1|7|2,0.7227|0.7969|0.5762|0.9941|0.7832|0.7168|0.5664,57.4570|9.9244|45.1680|0.0912|7.6789|23.5967|0.3284|1.4947|43.6733,2773473
RQ4 r=34 t=510 thermal=2 battC=36.0 soc=79 chg=1 load=2 totalMs=93.6398 code=苏ED5172 backends=det,cpu,CPU,,1076.7692,nan,1|rec,nnrt,NNRT:NPU_ohos.boot.hardware.kirin8020_v2_0,,4.0489,3692.1536,1|cls,cpu,CPU,,0.0000,0.0000,0
RQ4P r=34 p0=苏ED5172,0.7273,0.7366,0,1751|747|1879|855,78|123,green|0.9756,苏|E|D|5|1|7|2,0.7227|0.7969|0.5762|0.9941|0.7832|0.7168|0.5664,62.1045|10.0331|49.7214|0.0808|7.6788|23.5383|0.2756|1.4464|48.2750,2773473
RQ4 r=35 t=525 thermal=2 battC=36.0 soc=79 chg=1 load=2 totalMs=93.9161 code=苏ED5172 backends=det,cpu,CPU,,1076.7692,nan,1|rec,nnrt,NNRT:NPU_ohos.boot.hardware.kirin8020_v2_0,,4.0489,3692.1536,1|cls,cpu,CPU,,0.0000,0.0000,0
RQ4P r=35 p0=苏ED5172,0.7273,0.7366,0,1751|747|1879|855,78|123,green|0.9756,苏|E|D|5|1|7|2,0.7227|0.7969|0.5762|0.9941|0.7832|0.7168|0.5664,63.8639|10.2781|50.3408|0.0795|7.7027|22.0012|0.3061|1.4430|48.8978,2773473
RQ4 r=36 t=540 thermal=2 battC=36.0 soc=79 chg=1 load=2 totalMs=63.7009 code=苏ED5172 backends=det,cpu,CPU,,1076.7692,nan,1|rec,nnrt,NNRT:NPU_ohos.boot.hardware.kirin8020_v2_0,,4.0489,3692.1536,1|cls,cpu,CPU,,0.0000,0.0000,0
RQ4P r=36 p0=苏ED5172,0.7273,0.7366,0,1751|747|1879|855,78|123,green|0.9756,苏|E|D|5|1|7|2,0.7227|0.7969|0.5762|0.9941|0.7832|0.7168|0.5664,46.8587|10.1984|35.6981|0.0266|2.2230|14.4709|0.1095|1.4363|34.2619,2773473
RQ4 r=37 t=555 thermal=2 battC=36.0 soc=79 chg=1 load=2 totalMs=97.3483 code=苏ED5172 backends=det,cpu,CPU,,1076.7692,nan,1|rec,nnrt,NNRT:NPU_ohos.boot.hardware.kirin8020_v2_0,,4.0489,3692.1536,1|cls,cpu,CPU,,0.0000,0.0000,0
RQ4P r=37 p0=苏ED5172,0.7273,0.7366,0,1751|747|1879|855,78|123,green|0.9756,苏|E|D|5|1|7|2,0.7227|0.7969|0.5762|0.9941|0.7832|0.7168|0.5664,68.7894|10.0403|56.2777|0.0805|7.6750|20.6283|0.2047|1.4387|54.8389,2773473
RQ4 r=38 t=570 thermal=2 battC=36.0 soc=80 chg=1 load=2 totalMs=91.0852 code=苏ED5172 backends=det,cpu,CPU,,1076.7692,nan,1|rec,nnrt,NNRT:NPU_ohos.boot.hardware.kirin8020_v2_0,,4.0489,3692.1536,1|cls,cpu,CPU,,0.0000,0.0000,0
RQ4P r=38 p0=苏ED5172,0.7273,0.7366,0,1751|747|1879|855,78|123,green|0.9756,苏|E|D|5|1|7|2,0.7227|0.7969|0.5762|0.9941|0.7832|0.7168|0.5664,59.5467|9.9394|47.3530|0.0770|7.6577|23.5673|0.2678|1.4436|45.9094,2773473
RQ4 r=39 t=585 thermal=2 battC=36.0 soc=80 chg=1 load=2 totalMs=93.9372 code=苏ED5172 backends=det,cpu,CPU,,1076.7692,nan,1|rec,nnrt,NNRT:NPU_ohos.boot.hardware.kirin8020_v2_0,,4.0489,3692.1536,1|cls,cpu,CPU,,0.0000,0.0000,0
RQ4P r=39 p0=苏ED5172,0.7273,0.7366,0,1751|747|1879|855,78|123,green|0.9756,苏|E|D|5|1|7|2,0.7227|0.7969|0.5762|0.9941|0.7832|0.7168|0.5664,60.4717|10.2242|47.0250|0.0837|7.6781|25.3858|0.3550|1.4498|45.5752,2773473
RQ4 r=40 t=600 thermal=2 battC=36.0 soc=80 chg=1 load=2 totalMs=89.0664 code=苏ED5172 backends=det,cpu,CPU,,1076.7692,nan,1|rec,nnrt,NNRT:NPU_ohos.boot.hardware.kirin8020_v2_0,,4.0489,3692.1536,1|cls,cpu,CPU,,0.0000,0.0000,0
RQ4P r=40 p0=苏ED5172,0.7273,0.7366,0,1751|747|1879|855,78|123,green|0.9756,苏|E|D|5|1|7|2,0.7227|0.7969|0.5762|0.9941|0.7832|0.7168|0.5664,58.4350|10.5614|44.6228|0.0831|7.6409|22.8377|0.1125|1.4409|43.1819,2773473
