RQ4 BEGIN minutes=20 rounds=80 intervalMs=15000 frame=assets/samples/hlpr-test.jpg ts=1789927552362
RQ4 r=0 t=0 thermal=2 battC=36.0 soc=100 chg=3 load=2 totalMs=86.9792 code=苏ED512 backends=det,cpu,CPU,,1076.7692,nan,1|rec,nnrt,NNRT:NPU_ohos.boot.hardware.kirin8020_v2_0,,3.0965,4521.9430,1|cls,cpu,CPU,,0.0000,0.0000,0
RQ4P r=0 p0=苏ED512,0.7273,0.7627,0,1751|747|1879|855,78|123,green|0.9756,苏|E|D|5|1|2,0.6895|0.7012|0.7637|0.9707|0.6738|0.7773,50.4620|31.8480|15.9900|0.0975|15.8036|19.1469|0.5453|2.0384|13.9516,2773473
RQ4 r=1 t=15 thermal=2 battC=36.0 soc=100 chg=3 load=2 totalMs= code=- backends=
RQ4P r=1 p0=-
RQ4 r=2 t=30 thermal=2 battC=36.0 soc=100 chg=3 load=2 totalMs=195.9770 code=苏ED512 backends=det,cpu,CPU,,1076.7692,nan,1|rec,nnrt,NNRT:NPU_ohos.boot.hardware.kirin8020_v2_0,,3.0965,4521.9430,1|cls,cpu,CPU,,0.0000,0.0000,0
RQ4P r=2 p0=苏ED512,0.7273,0.7627,0,1751|747|1879|855,78|123,green|0.9756,苏|E|D|5|1|2,0.6895|0.7012|0.7637|0.9707|0.6738|0.7773,144.3737|119.6062|21.3000|0.1242|20.2552|29.9772|0.4842|2.9752|18.3248,2773473
RQ4 r=3 t=45 thermal=2 battC=37.0 soc=100 chg=3 load=2 totalMs=138.0678 code=苏ED512 backends=det,cpu,CPU,,1076.7692,nan,1|rec,nnrt,NNRT:NPU_ohos.boot.hardware.kirin8020_v2_0,,3.0965,4521.9430,1|cls,cpu,CPU,,0.0000,0.0000,0
RQ4P r=3 p0=苏ED512,0.7273,0.7627,0,1751|747|1879|855,78|123,green|0.9756,苏|E|D|5|1|2,0.6895|0.7012|0.7637|0.9707|0.6738|0.7773,76.3258|26.9569|45.0881|0.1277|19.4492|40.6162|0.6097|1.5870|43.5011,2773473
RQ4 r=4 t=60 thermal=2 battC=37.0 soc=100 chg=3 load=2 totalMs=168.8717 code=苏ED512 backends=det,cpu,CPU,,1076.7692,nan,1|rec,nnrt,NNRT:NPU_ohos.boot.hardware.kirin8020_v2_0,,3.0965,4521.9430,1|cls,cpu,CPU,,0.0000,0.0000,0
RQ4P r=4 p0=苏ED512,0.7273,0.7627,0,1751|747|1879|855,78|123,green|0.9756,苏|E|D|5|1|2,0.6895|0.7012|0.7637|0.9707|0.6738|0.7773,114.3627|63.9483|47.8033|0.0953|15.8870|37.2369|0.5300|2.2613|45.5420,2773473
RQ4 r=5 t=75 thermal=2 battC=36.0 soc=100 chg=3 load=2 totalMs=134.5861 code=苏ED512 backends=det,cpu,CPU,,1076.7692,nan,1|rec,nnrt,NNRT:NPU_ohos.boot.hardware.kirin8020_v2_0,,3.0965,4521.9430,1|cls,cpu,CPU,,0.0000,0.0000,0
RQ4P r=5 p0=苏ED512,0.7273,0.7627,0,1751|747|1879|855,78|123,green|0.9756,苏|E|D|5|1|2,0.6895|0.7012|0.7637|0.9707|0.6738|0.7773,75.5573|40.3898|32.0197|0.1061|17.5506|39.9059|0.6253|1.8456|30.1741,2773473
RQ4 r=6 t=90 thermal=2 battC=36.0 soc=100 chg=3 load=2 totalMs=127.4575 code=苏ED512 backends=det,cpu,CPU,,1076.7692,nan,1|rec,nnrt,NNRT:NPU_ohos.boot.hardware.kirin8020_v2_0,,3.0965,4521.9430,1|cls,cpu,CPU,,0.0000,0.0000,0
RQ4P r=6 p0=苏ED512,0.7273,0.7627,0,1751|747|1879|855,78|123,green|0.9756,苏|E|D|5|1|2,0.6895|0.7012|0.7637|0.9707|0.6738|0.7773,84.3516|25.7353|56.4727|0.0795|12.8205|28.7347|0.6220|1.5702|54.9025,2773473
RQ4 r=7 t=105 thermal=2 battC=36.0 soc=100 chg=3 load=2 totalMs=121.3347 code=苏ED512 backends=det,cpu,CPU,,1076.7692,nan,1|rec,nnrt,NNRT:NPU_ohos.boot.hardware.kirin8020_v2_0,,3.0965,4521.9430,1|cls,cpu,CPU,,0.0000,0.0000,0
RQ4P r=7 p0=苏ED512,0.7273,0.7627,0,1751|747|1879|855,78|123,green|0.9756,苏|E|D|5|1|2,0.6895|0.7012|0.7637|0.9707|0.6738|0.7773,61.5048|26.3025|31.4862|0.1036|16.6391|41.3775|0.5941|1.5816|29.9047,2773473
RQ4 r=8 t=120 thermal=2 battC=36.0 soc=100 chg=3 load=2 totalMs=153.2634 code=苏ED512 backends=det,cpu,CPU,,1076.7692,nan,1|rec,nnrt,NNRT:NPU_ohos.boot.hardware.kirin8020_v2_0,,3.0965,4521.9430,1|cls,cpu,CPU,,0.0000,0.0000,0
RQ4P r=8 p0=苏ED512,0.7273,0.7627,0,1751|747|1879|855,78|123,green|0.9756,苏|E|D|5|1|2,0.6895|0.7012|0.7637|0.9707|0.6738|0.7773,87.6130|26.7316|56.6069|0.1414|21.7922|42.1394|0.7184|1.6697|54.9372,2773473
RQ4 r=9 t=135 thermal=2 battC=36.0 soc=100 chg=3 load=2 totalMs=208.2420 code=苏ED512 backends=det,cpu,CPU,,1076.7692,nan,1|rec,nnrt,NNRT:NPU_ohos.boot.hardware.kirin8020_v2_0,,3.0965,4521.9430,1|cls,cpu,CPU,,0.0000,0.0000,0
RQ4P r=9 p0=苏ED512,0.7273,0.7627,0,1751|747|1879|855,78|123,green|0.9756,苏|E|D|5|1|2,0.6895|0.7012|0.7637|0.9707|0.6738|0.7773,135.0625|64.1039|61.3106|0.3319|36.7405|34.9394|0.5311|2.3472|58.9634,2773473
RQ4 r=10 t=150 thermal=2 battC=36.0 soc=100 chg=3 load=2 totalMs=139.9409 code=苏ED512 backends=det,cpu,CPU,,1076.7692,nan,1|rec,nnrt,NNRT:NPU_ohos.boot.hardware.kirin8020_v2_0,,3.0965,4521.9430,1|cls,cpu,CPU,,0.0000,0.0000,0
RQ4P r=10 p0=苏ED512,0.7273,0.7627,0,1751|747|1879|855,78|123,green|0.9756,苏|E|D|5|1|2,0.6895|0.7012|0.7637|0.9707|0.6738|0.7773,76.9805|27.3241|46.5836|0.1228|17.4023|43.7814|0.5989|1.6041|44.9795,2773473
RQ4 r=11 t=165 thermal=2 battC=36.0 soc=100 chg=3 load=2 totalMs=114.0738 code=苏ED512 backends=det,cpu,CPU,,1076.7692,nan,1|rec,nnrt,NNRT:NPU_ohos.boot.hardware.kirin8020_v2_0,,3.0965,4521.9430,1|cls,cpu,CPU,,0.0000,0.0000,0
RQ4P r=11 p0=苏ED512,0.7273,0.7627,0,1751|747|1879|855,78|123,green|0.9756,苏|E|D|5|1|2,0.6895|0.7012|0.7637|0.9707|0.6738|0.7773,60.3822|27.3406|30.1303|0.1016|17.3888|34.6692|0.6530|1.5706|28.5597,2773473
RQ4 r=12 t=180 thermal=2 battC=36.0 soc=100 chg=3 load=2 totalMs=190.1706 code=苏ED512 backends=det,cpu,CPU,,1076.7692,nan,1|rec,nnrt,NNRT:NPU_ohos.boot.hardware.kirin8020_v2_0,,3.0965,4521.9430,1|cls,cpu,CPU,,0.0000,0.0000,0
RQ4P r=12 p0=苏ED512,0.7273,0.7627,0,1751|747|1879|855,78|123,green|0.9756,苏|E|D|5|1|2,0.6895|0.7012|0.7637|0.9707|0.6738|0.7773,135.7969|40.6956|82.4608|0.1470|21.8442|31.2080|0.4823|1.8409|80.6198,2773473
RQ4 r=13 t=195 thermal=2 battC=36.0 soc=100 chg=3 load=2 totalMs=125.1469 code=苏ED512 backends=det,cpu,CPU,,1076.7692,nan,1|rec,nnrt,NNRT:NPU_ohos.boot.hardware.kirin8020_v2_0,,3.0965,4521.9430,1|cls,cpu,CPU,,0.0000,0.0000,0
RQ4P r=13 p0=苏ED512,0.7273,0.7627,0,1751|747|1879|855,78|123,green|0.9756,苏|E|D|5|1|2,0.6895|0.7012|0.7637|0.9707|0.6738|0.7773,70.1914|26.3356|40.6445|0.1122|19.1705|34.4362|0.5086|1.5616|39.0830,2773473
RQ4 r=14 t=210 thermal=2 battC=36.0 soc=100 chg=3 load=2 totalMs=151.3792 code=苏ED512 backends=det,cpu,CPU,,1076.7692,nan,1|rec,nnrt,NNRT:NPU_ohos.boot.hardware.kirin8020_v2_0,,3.0965,4521.9430,1|cls,cpu,CPU,,0.0000,0.0000,0
RQ4P r=14 p0=苏ED512,0.7273,0.7627,0,1751|747|1879|855,78|123,green|0.9756,苏|E|D|5|1|2,0.6895|0.7012|0.7637|0.9707|0.6738|0.7773,93.7308|72.0822|18.5056|0.1122|16.7327|39.2742|0.6723|2.7450|15.7606,2773473
RQ4 r=15 t=225 thermal=2 battC=36.0 soc=100 chg=3 load=2 totalMs=134.6991 code=苏ED512 backends=det,cpu,CPU,,1076.7692,nan,1|rec,nnrt,NNRT:NPU_ohos.boot.hardware.kirin8020_v2_0,,3.0965,4521.9430,1|cls,cpu,CPU,,0.0000,0.0000,0
RQ4P r=15 p0=苏ED512,0.7273,0.7627,0,1751|747|1879|855,78|123,green|0.9756,苏|E|D|5|1|2,0.6895|0.7012|0.7637|0.9707|0.6738|0.7773,75.1506|26.6927|45.2264|0.1050|17.4022|40.6091|0.6414|1.6528|43.5736,2773473
