09-21 04:16:47.574  7173  7173 I A0D001/com.shusen.lprdemo/LprCamera: GEAR 0 rawlen det=271 rec=344 cls=260
09-21 04:16:47.574  7173  7173 I A0D001/com.shusen.lprdemo/LprCamera: GEAR 0 LOADED det=CPU rec=NNRT:NPU_ohos.boot.hardware.kirin8020_v2_0 cls=CPU warmup=10
09-21 04:16:47.650  7173  7173 I A0D001/com.shusen.lprdemo/LprCamera: SESSION CONFIG display=ON
09-21 04:16:47.702  7173  7173 I A0D001/com.shusen.lprdemo/LprCamera: FPS RANGES analyze n=2 [1-30 60-60 ]
09-21 04:16:47.704  7173  7173 I A0D001/com.shusen.lprdemo/LprCamera: FPS SET analyze requested=30-30 active=30-30
09-21 04:16:47.705  7173  7173 I A0D001/com.shusen.lprdemo/LprCamera: FPS RANGES show n=2 [1-30 60-60 ]
09-21 04:16:47.708  7173  7173 I A0D001/com.shusen.lprdemo/LprCamera: FPS SET show requested=30-30 active=30-30
09-21 04:16:47.708  7173  7173 I A0D001/com.shusen.lprdemo/LprCamera: STREAM START show=960x960 analyze=640x480 rot=90
09-21 04:16:48.688  7173  7173 I A0D001/com.shusen.lprdemo/LprCamera: STAGE n=0 conv=3.6795 infer=140.3623 count=1 wh=480x640 rgbaSum=106840765 stages=130.9364|6.4442|123.5642|0.0544|0.1577|9.1389|0.0427|0.4183|123.1459
09-21 04:16:48.688  7173  7173 I A0D001/com.shusen.lprdemo/LprCamera: FIRST FRAME kind=NV21 decode=7 infer=259 rot=90
09-21 04:16:49.628  7173  7173 I A0D001/com.shusen.lprdemo/LprCamera: STAGE n=0 conv=2.2378 infer=29.1216 count=0 wh=480x640 rgbaSum=117555672 stages=-
09-21 04:16:51.671  7173  7173 I A0D001/com.shusen.lprdemo/LprCamera: RATE arrive=14.19 fps done=14.19 fps dropped_in_win=0 cum_arrived=29 cum_done=29 cum_dropped=0 gear=0
09-21 04:16:51.866  7173  7173 I A0D001/com.shusen.lprdemo/LprCamera: STAGE n=30 conv=1.4064 infer=19.5480 count=0 wh=480x640 rgbaSum=115468828 stages=-
09-21 04:16:56.351  7173  7173 I A0D001/com.shusen.lprdemo/LprCamera: RATE arrive=4.91 fps done=4.91 fps dropped_in_win=0 cum_arrived=52 cum_done=52 cum_dropped=0 gear=0
09-21 04:16:58.953  7173  7173 I A0D001/com.shusen.lprdemo/LprCamera: STAGE n=60 conv=1.8911 infer=27.4380 count=0 wh=480x640 rgbaSum=124045376 stages=-
09-21 04:16:58.953  7173  7173 I A0D001/com.shusen.lprdemo/LprCamera: RATE arrive=3.46 fps done=3.46 fps dropped_in_win=0 cum_arrived=61 cum_done=61 cum_dropped=0 gear=0
09-21 04:17:00.999  7173  7173 I A0D001/com.shusen.lprdemo/LprCamera: RATE arrive=5.38 fps done=5.38 fps dropped_in_win=0 cum_arrived=72 cum_done=72 cum_dropped=0 gear=0
09-21 04:17:03.416  7173  7173 I A0D001/com.shusen.lprdemo/LprCamera: RATE arrive=2.90 fps done=2.90 fps dropped_in_win=0 cum_arrived=79 cum_done=79 cum_dropped=0 gear=0
09-21 04:17:05.501  7173  7173 I A0D001/com.shusen.lprdemo/LprCamera: RATE arrive=1.44 fps done=1.44 fps dropped_in_win=0 cum_arrived=82 cum_done=82 cum_dropped=0 gear=0
09-21 04:17:07.508  7173  7173 I A0D001/com.shusen.lprdemo/LprCamera: RATE arrive=1.99 fps done=1.99 fps dropped_in_win=0 cum_arrived=86 cum_done=86 cum_dropped=0 gear=0
09-21 04:17:07.951  7173  7173 I A0D001/com.shusen.lprdemo/LprCamera: STAGE n=90 conv=2.4359 infer=17.4584 count=0 wh=480x640 rgbaSum=127822533 stages=-
09-21 04:17:09.861  7173  7173 I A0D001/com.shusen.lprdemo/LprCamera: RATE arrive=3.40 fps done=3.40 fps dropped_in_win=0 cum_arrived=94 cum_done=94 cum_dropped=0 gear=0
09-21 04:17:12.839  7173  7173 I A0D001/com.shusen.lprdemo/LprCamera: RATE arrive=2.01 fps done=2.01 fps dropped_in_win=0 cum_arrived=100 cum_done=100 cum_dropped=0 gear=0
09-21 04:17:15.217  7173  7173 I A0D001/com.shusen.lprdemo/LprCamera: RATE arrive=1.68 fps done=1.68 fps dropped_in_win=0 cum_arrived=104 cum_done=104 cum_dropped=0 gear=0
09-21 04:17:17.276  7173  7173 I A0D001/com.shusen.lprdemo/LprCamera: RATE arrive=2.43 fps done=2.43 fps dropped_in_win=0 cum_arrived=109 cum_done=109 cum_dropped=0 gear=0
09-21 04:17:19.006  7173  7173 I A0D001/com.shusen.lprdemo/LprCamera: STAGE n=120 conv=5.9511 infer=18.7919 count=0 wh=480x640 rgbaSum=127540241 stages=-
09-21 04:17:19.302  7173  7173 I A0D001/com.shusen.lprdemo/LprCamera: RATE arrive=9.37 fps done=9.86 fps dropped_in_win=0 cum_arrived=128 cum_done=129 cum_dropped=0 gear=0
09-21 04:17:20.096  7173  7173 I A0D001/com.shusen.lprdemo/LprCamera: STAGE n=150 conv=2.9384 infer=18.5280 count=0 wh=480x640 rgbaSum=127451735 stages=-
09-21 04:17:21.138  7173  7173 I A0D001/com.shusen.lprdemo/LprCamera: STAGE n=180 conv=2.6553 infer=25.2169 count=1 wh=480x640 rgbaSum=127644803 stages=20.0345|1.7195|17.4853|0.0269|0.0891|5.0142|0.0259|0.2933|17.1920
09-21 04:17:21.309  7173  7173 I A0D001/com.shusen.lprdemo/LprCamera: RATE arrive=28.41 fps done=27.92 fps dropped_in_win=0 cum_arrived=185 cum_done=185 cum_dropped=0 gear=0
09-21 04:17:22.451  7173  7173 I A0D001/com.shusen.lprdemo/LprCamera: STAGE n=210 conv=3.4602 infer=39.7033 count=1 wh=480x640 rgbaSum=127520179 stages=34.5166|2.4395|31.5247|0.0191|0.0802|5.0092|0.0348|0.6898|30.8348
09-21 04:17:23.312  7173  7173 I A0D001/com.shusen.lprdemo/LprCamera: RATE arrive=23.45 fps done=23.45 fps dropped_in_win=0 cum_arrived=232 cum_done=232 cum_dropped=0 gear=0
09-21 04:17:23.606  7173  7173 I A0D001/com.shusen.lprdemo/LprCamera: STAGE n=240 conv=7.7255 infer=25.4525 count=0 wh=480x640 rgbaSum=127630251 stages=-
09-21 04:17:24.743  7173  7173 I A0D001/com.shusen.lprdemo/LprCamera: STAGE n=270 conv=3.3166 infer=19.4481 count=0 wh=480x640 rgbaSum=127672135 stages=-
09-21 04:17:25.331  7173  7173 I A0D001/com.shusen.lprdemo/LprCamera: RATE arrive=25.26 fps done=25.76 fps dropped_in_win=0 cum_arrived=283 cum_done=284 cum_dropped=0 gear=0
09-21 04:17:26.069  7173  7173 I A0D001/com.shusen.lprdemo/LprCamera: STAGE n=300 conv=8.3647 infer=20.1897 count=0 wh=480x640 rgbaSum=127695313 stages=-
09-21 04:17:27.254  7173  7173 I A0D001/com.shusen.lprdemo/LprCamera: STAGE n=330 conv=3.3292 infer=36.2534 count=1 wh=480x640 rgbaSum=127937059 stages=23.4208|1.5697|18.7352|0.0417|0.0930|12.5931|0.0875|0.2981|18.4370
09-21 04:17:27.353  7173  7173 I A0D001/com.shusen.lprdemo/LprCamera: RATE arrive=24.73 fps done=24.23 fps dropped_in_win=0 cum_arrived=333 cum_done=333 cum_dropped=0 gear=0
09-21 04:17:28.587  7173  7173 I A0D001/com.shusen.lprdemo/LprCamera: STAGE n=360 conv=10.0164 infer=34.0619 count=1 wh=480x640 rgbaSum=127689241 stages=28.2548|6.0844|21.4953|0.0195|0.1119|5.3714|0.0319|0.5305|20.9648
09-21 04:17:29.387  7173  7173 I A0D001/com.shusen.lprdemo/LprCamera: RATE arrive=21.63 fps done=21.63 fps dropped_in_win=0 cum_arrived=377 cum_done=377 cum_dropped=0 gear=0
09-21 04:17:30.004  7173  7173 I A0D001/com.shusen.lprdemo/LprCamera: STAGE n=390 conv=6.1980 infer=40.0987 count=1 wh=480x640 rgbaSum=128067510 stages=34.6405|1.8170|32.0666|0.0258|0.0880|5.2944|0.0266|0.3136|31.7530
09-21 04:17:31.406  7173  7173 I A0D001/com.shusen.lprdemo/LprCamera: RATE arrive=20.31 fps done=20.31 fps dropped_in_win=0 cum_arrived=418 cum_done=418 cum_dropped=0 gear=0
09-21 04:17:31.558  7173  7173 I A0D001/com.shusen.lprdemo/LprCamera: STAGE n=420 conv=9.7775 infer=34.2695 count=1 wh=480x640 rgbaSum=128479649 stages=28.2506|1.8381|23.1875|0.0745|0.3170|5.5705|0.0753|0.3336|22.8539
09-21 04:17:32.899  7173  7173 I A0D001/com.shusen.lprdemo/LprCamera: STAGE n=450 conv=1.8225 infer=24.3006 count=1 wh=480x640 rgbaSum=128013811 stages=17.4014|1.6159|15.2930|0.0192|0.3959|6.3620|0.0834|0.2927|15.0003
09-21 04:17:33.424  7173  7173 I A0D001/com.shusen.lprdemo/LprCamera: RATE arrive=22.79 fps done=23.29 fps dropped_in_win=0 cum_arrived=464 cum_done=465 cum_dropped=0 gear=0
09-21 04:17:34.121  7173  7173 I A0D001/com.shusen.lprdemo/LprCamera: STAGE n=480 conv=8.7955 infer=30.3173 count=1 wh=480x640 rgbaSum=128359153 stages=22.0645|3.0183|18.4297|0.0227|0.0987|7.8959|0.2080|0.4686|17.9611
09-21 04:17:35.438  7173  7173 I A0D001/com.shusen.lprdemo/LprCamera: STAGE n=510 conv=2.7495 infer=28.3050 count=1 wh=480x640 rgbaSum=128522357 stages=20.6995|1.9645|17.6384|0.0366|0.1564|7.3066|0.0828|0.3127|17.3258
09-21 04:17:35.438  7173  7173 I A0D001/com.shusen.lprdemo/LprCamera: RATE arrive=23.34 fps done=22.84 fps dropped_in_win=0 cum_arrived=511 cum_done=511 cum_dropped=0 gear=0
09-21 04:17:36.695  7173  7173 I A0D001/com.shusen.lprdemo/LprCamera: STAGE n=540 conv=2.5305 infer=18.3719 count=0 wh=480x640 rgbaSum=128317206 stages=-
09-21 04:17:37.462  7173  7173 I A0D001/com.shusen.lprdemo/LprCamera: RATE arrive=24.70 fps done=25.20 fps dropped_in_win=0 cum_arrived=561 cum_done=562 cum_dropped=0 gear=0
09-21 04:17:37.808  7173  7173 I A0D001/com.shusen.lprdemo/LprCamera: STAGE n=570 conv=6.0463 infer=19.3719 count=1 wh=480x640 rgbaSum=128665448 stages=14.2937|1.4672|12.2806|0.0181|0.0767|4.9130|0.0250|0.3292|11.9514
09-21 04:17:38.871  7173  7173 I A0D001/com.shusen.lprdemo/LprCamera: STAGE n=600 conv=4.5478 infer=22.3266 count=1 wh=480x640 rgbaSum=128067470 stages=17.2366|1.8136|14.9211|0.0136|0.0788|4.9398|0.0194|0.3333|14.5878
09-21 04:17:39.489  7173  7173 I A0D001/com.shusen.lprdemo/LprCamera: RATE arrive=28.12 fps done=28.12 fps dropped_in_win=0 cum_arrived=618 cum_done=619 cum_dropped=0 gear=0
09-21 04:17:39.979  7173  7173 I A0D001/com.shusen.lprdemo/LprCamera: STAGE n=630 conv=3.2556 infer=20.0958 count=0 wh=480x640 rgbaSum=128176254 stages=-
09-21 04:17:41.318  7173  7173 I A0D001/com.shusen.lprdemo/LprCamera: STAGE n=660 conv=5.5541 infer=31.8831 count=1 wh=480x640 rgbaSum=128126224 stages=22.9273|2.2731|20.0000|0.0289|0.1220|8.6764|0.0800|0.4887|19.5112
09-21 04:17:41.510  7173  7173 I A0D001/com.shusen.lprdemo/LprCamera: RATE arrive=23.26 fps done=22.76 fps dropped_in_win=0 cum_arrived=665 cum_done=665 cum_dropped=0 gear=0
09-21 04:17:42.662  7173  7173 I A0D001/com.shusen.lprdemo/LprCamera: STAGE n=690 conv=10.0791 infer=30.4036 count=1 wh=480x640 rgbaSum=128401189 stages=24.8016|5.3958|18.5723|0.0236|0.1045|5.2333|0.0709|1.6998|16.8725
09-21 04:17:43.528  7173  7173 I A0D001/com.shusen.lprdemo/LprCamera: RATE arrive=23.79 fps done=23.79 fps dropped_in_win=0 cum_arrived=713 cum_done=713 cum_dropped=0 gear=0
09-21 04:17:43.846  7173  7173 I A0D001/com.shusen.lprdemo/LprCamera: STAGE n=720 conv=10.8422 infer=32.5695 count=1 wh=480x640 rgbaSum=128092005 stages=24.0703|1.8489|21.6239|0.0189|0.0869|8.3192|0.0386|0.3761|21.2478
09-21 04:17:45.034  7173  7173 I A0D001/com.shusen.lprdemo/LprCamera: STAGE n=750 conv=1.7655 infer=24.5797 count=1 wh=480x640 rgbaSum=127812944 stages=19.3317|1.7742|17.0583|0.0213|0.0914|5.0798|0.0230|0.3134|16.7448
09-21 04:17:45.538  7173  7173 I A0D001/com.shusen.lprdemo/LprCamera: RATE arrive=25.87 fps done=25.87 fps dropped_in_win=0 cum_arrived=765 cum_done=765 cum_dropped=0 gear=0
09-21 04:17:46.156  7173  7173 I A0D001/com.shusen.lprdemo/LprCamera: STAGE n=780 conv=2.4347 infer=22.6905 count=1 wh=480x640 rgbaSum=128292013 stages=17.5470|1.4891|15.5203|0.0148|0.1212|4.9430|0.0252|0.2934|15.2269
09-21 04:17:47.224  7173  7173 I A0D001/com.shusen.lprdemo/LprCamera: STAGE n=810 conv=5.6400 infer=19.0273 count=0 wh=480x640 rgbaSum=128313200 stages=-
09-21 04:17:47.551  7173  7173 I A0D001/com.shusen.lprdemo/LprCamera: RATE arrive=26.84 fps done=26.84 fps dropped_in_win=0 cum_arrived=819 cum_done=819 cum_dropped=0 gear=0
09-21 04:17:48.436  7173  7173 I A0D001/com.shusen.lprdemo/LprCamera: STAGE n=840 conv=3.1966 infer=24.5113 count=1 wh=480x640 rgbaSum=128359906 stages=19.3234|1.6467|17.0505|0.0150|0.0987|5.0064|0.0263|0.3523|16.6981
09-21 04:17:49.569  7173  7173 I A0D001/com.shusen.lprdemo/LprCamera: RATE arrive=24.27 fps done=24.27 fps dropped_in_win=0 cum_arrived=868 cum_done=868 cum_dropped=0 gear=0
09-21 04:17:49.735  7173  7173 I A0D001/com.shusen.lprdemo/LprCamera: STAGE n=870 conv=10.4887 infer=25.5214 count=0 wh=480x640 rgbaSum=128063853 stages=-
09-21 04:17:50.850  7173  7173 I A0D001/com.shusen.lprdemo/LprCamera: STAGE n=900 conv=2.1070 infer=19.0722 count=0 wh=480x640 rgbaSum=127900912 stages=-
09-21 04:17:51.607  7173  7173 I A0D001/com.shusen.lprdemo/LprCamera: RATE arrive=26.01 fps done=26.01 fps dropped_in_win=0 cum_arrived=921 cum_done=921 cum_dropped=0 gear=0
09-21 04:17:52.043  7173  7173 I A0D001/com.shusen.lprdemo/LprCamera: STAGE n=930 conv=2.0205 infer=15.4753 count=0 wh=480x640 rgbaSum=128377837 stages=-
09-21 04:17:53.409  7173  7173 I A0D001/com.shusen.lprdemo/LprCamera: STAGE n=960 conv=1.9770 infer=29.1164 count=1 wh=480x640 rgbaSum=128292752 stages=23.4998|1.8469|21.0461|0.0186|0.1016|5.4483|0.0359|0.3334|20.7127
09-21 04:17:53.610  7173  7173 I A0D001/com.shusen.lprdemo/LprCamera: RATE arrive=22.47 fps done=22.47 fps dropped_in_win=0 cum_arrived=966 cum_done=966 cum_dropped=0 gear=0
09-21 04:17:54.595  7173  7173 I A0D001/com.shusen.lprdemo/LprCamera: STAGE n=990 conv=9.7383 infer=20.0748 count=0 wh=480x640 rgbaSum=133602608 stages=-
09-21 04:17:55.624  7173  7173 I A0D001/com.shusen.lprdemo/LprCamera: STAGE n=1020 conv=3.2902 infer=20.5631 count=0 wh=480x640 rgbaSum=131970526 stages=-
09-21 04:17:55.624  7173  7173 I A0D001/com.shusen.lprdemo/LprCamera: RATE arrive=26.81 fps done=27.31 fps dropped_in_win=0 cum_arrived=1020 cum_done=1021 cum_dropped=0 gear=0
09-21 04:17:56.748  7173  7173 I A0D001/com.shusen.lprdemo/LprCamera: STAGE n=1050 conv=1.8759 infer=18.2038 count=0 wh=480x640 rgbaSum=131101983 stages=-
09-21 04:17:57.636  7173  7173 I A0D001/com.shusen.lprdemo/LprCamera: RATE arrive=26.84 fps done=26.34 fps dropped_in_win=0 cum_arrived=1074 cum_done=1074 cum_dropped=0 gear=0
09-21 04:17:57.923  7173  7173 I A0D001/com.shusen.lprdemo/LprCamera: STAGE n=1080 conv=4.9039 infer=24.2045 count=0 wh=480x640 rgbaSum=130854024 stages=-
09-21 04:17:58.967  7173  7173 I A0D001/com.shusen.lprdemo/LprCamera: STAGE n=1110 conv=3.5573 infer=24.5628 count=0 wh=480x640 rgbaSum=130692344 stages=-
09-21 04:17:59.641  7173  7173 I A0D001/com.shusen.lprdemo/LprCamera: RATE arrive=26.93 fps done=26.93 fps dropped_in_win=0 cum_arrived=1128 cum_done=1128 cum_dropped=0 gear=0
09-21 04:18:00.095  7173  7173 I A0D001/com.shusen.lprdemo/LprCamera: STAGE n=1140 conv=2.7498 infer=17.2255 count=0 wh=480x640 rgbaSum=130676874 stages=-
09-21 04:18:01.122  7173  7173 I A0D001/com.shusen.lprdemo/LprCamera: STAGE n=1170 conv=1.8098 infer=19.5105 count=0 wh=480x640 rgbaSum=130424476 stages=-
09-21 04:18:01.658  7173  7173 I A0D001/com.shusen.lprdemo/LprCamera: RATE arrive=27.27 fps done=27.76 fps dropped_in_win=0 cum_arrived=1183 cum_done=1184 cum_dropped=0 gear=0
09-21 04:18:02.294  7173  7173 I A0D001/com.shusen.lprdemo/LprCamera: STAGE n=1200 conv=2.0878 infer=20.2595 count=0 wh=480x640 rgbaSum=130507675 stages=-
09-21 04:18:03.285  7173  7173 I A0D001/com.shusen.lprdemo/LprCamera: STAGE n=1230 conv=2.8844 infer=20.1584 count=0 wh=480x640 rgbaSum=130718606 stages=-
09-21 04:18:03.668  7173  7173 I A0D001/com.shusen.lprdemo/LprCamera: RATE arrive=29.35 fps done=28.86 fps dropped_in_win=0 cum_arrived=1242 cum_done=1242 cum_dropped=0 gear=0
09-21 04:18:04.323  7173  7173 I A0D001/com.shusen.lprdemo/LprCamera: STAGE n=1260 conv=3.4825 infer=17.9377 count=0 wh=480x640 rgbaSum=130888915 stages=-
09-21 04:18:05.317  7173  7173 I A0D001/com.shusen.lprdemo/LprCamera: STAGE n=1290 conv=4.9070 infer=22.8678 count=0 wh=480x640 rgbaSum=130957744 stages=-
09-21 04:18:05.685  7173  7173 I A0D001/com.shusen.lprdemo/LprCamera: RATE arrive=28.76 fps done=29.25 fps dropped_in_win=0 cum_arrived=1300 cum_done=1301 cum_dropped=0 gear=0
09-21 04:18:06.380  7173  7173 I A0D001/com.shusen.lprdemo/LprCamera: STAGE n=1320 conv=2.7041 infer=23.3767 count=0 wh=480x640 rgbaSum=131018087 stages=-
09-21 04:18:07.374  7173  7173 I A0D001/com.shusen.lprdemo/LprCamera: STAGE n=1350 conv=1.9673 infer=18.5680 count=0 wh=480x640 rgbaSum=131186956 stages=-
09-21 04:18:07.708  7173  7173 I A0D001/com.shusen.lprdemo/LprCamera: RATE arrive=29.66 fps done=29.66 fps dropped_in_win=0 cum_arrived=1360 cum_done=1361 cum_dropped=0 gear=0
09-21 04:18:08.376  7173  7173 I A0D001/com.shusen.lprdemo/LprCamera: STAGE n=1380 conv=1.8428 infer=20.5508 count=0 wh=480x640 rgbaSum=130796728 stages=-
09-21 04:18:09.375  7173  7173 I A0D001/com.shusen.lprdemo/LprCamera: STAGE n=1410 conv=1.7814 infer=23.3884 count=0 wh=480x640 rgbaSum=130737374 stages=-
09-21 04:18:09.751  7173  7173 I A0D001/com.shusen.lprdemo/LprCamera: RATE arrive=29.86 fps done=29.86 fps dropped_in_win=0 cum_arrived=1421 cum_done=1422 cum_dropped=0 gear=0
09-21 04:18:10.374  7173  7173 I A0D001/com.shusen.lprdemo/LprCamera: STAGE n=1440 conv=1.8141 infer=21.3078 count=0 wh=480x640 rgbaSum=130654881 stages=-
09-21 04:18:11.377  7173  7173 I A0D001/com.shusen.lprdemo/LprCamera: STAGE n=1470 conv=2.6658 infer=22.1586 count=0 wh=480x640 rgbaSum=130712930 stages=-
09-21 04:18:11.770  7173  7173 I A0D001/com.shusen.lprdemo/LprCamera: RATE arrive=30.21 fps done=30.21 fps dropped_in_win=0 cum_arrived=1482 cum_done=1483 cum_dropped=0 gear=0
09-21 04:18:12.379  7173  7173 I A0D001/com.shusen.lprdemo/LprCamera: STAGE n=1500 conv=1.9538 infer=24.6500 count=0 wh=480x640 rgbaSum=130020932 stages=-
09-21 04:18:13.378  7173  7173 I A0D001/com.shusen.lprdemo/LprCamera: STAGE n=1530 conv=3.5292 infer=19.9317 count=0 wh=480x640 rgbaSum=130254021 stages=-
09-21 04:18:13.770  7173  7173 I A0D001/com.shusen.lprdemo/LprCamera: RATE arrive=30.00 fps done=30.00 fps dropped_in_win=0 cum_arrived=1542 cum_done=1543 cum_dropped=0 gear=0
09-21 04:18:14.376  7173  7173 I A0D001/com.shusen.lprdemo/LprCamera: STAGE n=1560 conv=1.8177 infer=21.0148 count=0 wh=480x640 rgbaSum=131116205 stages=-
09-21 04:18:15.372  7173  7173 I A0D001/com.shusen.lprdemo/LprCamera: STAGE n=1590 conv=2.5042 infer=20.2078 count=0 wh=480x640 rgbaSum=131003672 stages=-
09-21 04:18:15.776  7173  7173 I A0D001/com.shusen.lprdemo/LprCamera: RATE arrive=29.91 fps done=29.91 fps dropped_in_win=0 cum_arrived=1602 cum_done=1603 cum_dropped=0 gear=0
09-21 04:18:16.376  7173  7173 I A0D001/com.shusen.lprdemo/LprCamera: STAGE n=1620 conv=2.3675 infer=18.8375 count=0 wh=480x640 rgbaSum=131681366 stages=-
09-21 04:18:17.401  7173  7173 I A0D001/com.shusen.lprdemo/LprCamera: STAGE n=1650 conv=8.4508 infer=27.9866 count=0 wh=480x640 rgbaSum=130748509 stages=-
09-21 04:18:17.792  7173  7173 I A0D001/com.shusen.lprdemo/LprCamera: RATE arrive=28.77 fps done=28.27 fps dropped_in_win=0 cum_arrived=1660 cum_done=1660 cum_dropped=0 gear=0
09-21 04:18:18.549  7173  7173 I A0D001/com.shusen.lprdemo/LprCamera: STAGE n=1680 conv=3.2111 infer=19.3097 count=0 wh=480x640 rgbaSum=132137363 stages=-
09-21 04:18:19.641  7173  7173 I A0D001/com.shusen.lprdemo/LprCamera: STAGE n=1710 conv=3.8811 infer=32.0998 count=0 wh=480x640 rgbaSum=131767143 stages=-
09-21 04:18:19.813  7173  7173 I A0D001/com.shusen.lprdemo/LprCamera: RATE arrive=27.21 fps done=27.71 fps dropped_in_win=0 cum_arrived=1715 cum_done=1716 cum_dropped=0 gear=0
09-21 04:18:20.656  7173  7173 I A0D001/com.shusen.lprdemo/LprCamera: STAGE n=1740 conv=9.7084 infer=20.3388 count=0 wh=480x640 rgbaSum=130942904 stages=-
09-21 04:18:21.676  7173  7173 I A0D001/com.shusen.lprdemo/LprCamera: STAGE n=1770 conv=2.1348 infer=18.6314 count=0 wh=480x640 rgbaSum=129717905 stages=-
09-21 04:18:21.814  7173  7173 I A0D001/com.shusen.lprdemo/LprCamera: RATE arrive=29.49 fps done=29.49 fps dropped_in_win=0 cum_arrived=1774 cum_done=1775 cum_dropped=0 gear=0
09-21 04:18:22.775  7173  7173 I A0D001/com.shusen.lprdemo/LprCamera: STAGE n=1800 conv=10.3791 infer=36.3777 count=1 wh=480x640 rgbaSum=127522426 stages=29.3550|2.9114|25.9094|0.0230|0.0817|6.7820|0.0812|0.4569|25.4525
09-21 04:18:23.856  7173  7173 I A0D001/com.shusen.lprdemo/LprCamera: STAGE n=1830 conv=7.7142 infer=26.0205 count=0 wh=480x640 rgbaSum=131022342 stages=-
09-21 04:18:23.857  7173  7173 I A0D001/com.shusen.lprdemo/LprCamera: RATE arrive=27.42 fps done=27.42 fps dropped_in_win=0 cum_arrived=1830 cum_done=1831 cum_dropped=0 gear=0
09-21 04:18:24.897  7173  7173 I A0D001/com.shusen.lprdemo/LprCamera: STAGE n=1860 conv=10.0984 infer=30.7775 count=0 wh=480x640 rgbaSum=129697239 stages=-
09-21 04:18:25.875  7173  7173 I A0D001/com.shusen.lprdemo/LprCamera: STAGE n=1890 conv=2.0303 infer=19.4488 count=0 wh=480x640 rgbaSum=129972538 stages=-
09-21 04:18:25.876  7173  7173 I A0D001/com.shusen.lprdemo/LprCamera: RATE arrive=29.72 fps done=29.72 fps dropped_in_win=0 cum_arrived=1890 cum_done=1891 cum_dropped=0 gear=0
09-21 04:18:26.937  7173  7173 I A0D001/com.shusen.lprdemo/LprCamera: STAGE n=1920 conv=3.2288 infer=23.3900 count=0 wh=480x640 rgbaSum=125453973 stages=-
09-21 04:18:27.904  7173  7173 I A0D001/com.shusen.lprdemo/LprCamera: RATE arrive=28.59 fps done=28.59 fps dropped_in_win=0 cum_arrived=1948 cum_done=1949 cum_dropped=0 gear=0
09-21 04:18:28.003  7173  7173 I A0D001/com.shusen.lprdemo/LprCamera: STAGE n=1950 conv=2.1706 infer=29.6722 count=1 wh=480x640 rgbaSum=126400309 stages=23.8941|1.7794|21.5366|0.0211|0.1150|5.5761|0.0387|0.3338|21.2028
09-21 04:18:29.010  7173  7173 I A0D001/com.shusen.lprdemo/LprCamera: STAGE n=1980 conv=5.6964 infer=21.0733 count=0 wh=480x640 rgbaSum=130174823 stages=-
09-21 04:18:29.919  7173  7173 I A0D001/com.shusen.lprdemo/LprCamera: RATE arrive=28.78 fps done=28.29 fps dropped_in_win=0 cum_arrived=2006 cum_done=2006 cum_dropped=0 gear=0
09-21 04:18:30.109  7173  7173 I A0D001/com.shusen.lprdemo/LprCamera: STAGE n=2010 conv=2.8006 infer=22.6105 count=0 wh=480x640 rgbaSum=130076841 stages=-
09-21 04:18:31.150  7173  7173 I A0D001/com.shusen.lprdemo/LprCamera: STAGE n=2040 conv=8.2094 infer=20.1580 count=0 wh=480x640 rgbaSum=130172096 stages=-
09-21 04:18:31.949  7173  7173 I A0D001/com.shusen.lprdemo/LprCamera: RATE arrive=28.08 fps done=28.57 fps dropped_in_win=0 cum_arrived=2063 cum_done=2064 cum_dropped=0 gear=0
09-21 04:18:32.199  7173  7173 I A0D001/com.shusen.lprdemo/LprCamera: STAGE n=2070 conv=1.8034 infer=20.3037 count=0 wh=480x640 rgbaSum=130012121 stages=-
09-21 04:18:33.285  7173  7173 I A0D001/com.shusen.lprdemo/LprCamera: STAGE n=2100 conv=1.8406 infer=18.2770 count=0 wh=480x640 rgbaSum=129998847 stages=-
09-21 04:18:33.955  7173  7173 I A0D001/com.shusen.lprdemo/LprCamera: RATE arrive=28.41 fps done=27.92 fps dropped_in_win=0 cum_arrived=2120 cum_done=2120 cum_dropped=0 gear=0
09-21 04:18:34.324  7173  7173 I A0D001/com.shusen.lprdemo/LprCamera: STAGE n=2130 conv=2.7039 infer=19.4278 count=0 wh=480x640 rgbaSum=130067847 stages=-
09-21 04:18:35.462  7173  7173 I A0D001/com.shusen.lprdemo/LprCamera: STAGE n=2160 conv=4.8289 infer=18.4291 count=0 wh=480x640 rgbaSum=127224417 stages=-
09-21 04:18:35.978  7173  7173 I A0D001/com.shusen.lprdemo/LprCamera: RATE arrive=26.20 fps done=26.69 fps dropped_in_win=0 cum_arrived=2173 cum_done=2174 cum_dropped=0 gear=0
09-21 04:18:36.537  7173  7173 I A0D001/com.shusen.lprdemo/LprCamera: STAGE n=2190 conv=2.6688 infer=17.5764 count=0 wh=480x640 rgbaSum=126888094 stages=-
09-21 04:18:37.575  7173  7173 I A0D001/com.shusen.lprdemo/LprCamera: STAGE n=2220 conv=4.2237 infer=22.1048 count=0 wh=480x640 rgbaSum=126970683 stages=-
09-21 04:18:38.001  7173  7173 I A0D001/com.shusen.lprdemo/LprCamera: RATE arrive=29.66 fps done=29.16 fps dropped_in_win=0 cum_arrived=2233 cum_done=2233 cum_dropped=0 gear=0
09-21 04:18:38.604  7173  7173 I A0D001/com.shusen.lprdemo/LprCamera: STAGE n=2250 conv=1.8134 infer=23.1564 count=0 wh=480x640 rgbaSum=126856956 stages=-
09-21 04:18:39.705  7173  7173 I A0D001/com.shusen.lprdemo/LprCamera: STAGE n=2280 conv=2.4039 infer=19.4823 count=0 wh=480x640 rgbaSum=126713283 stages=-
09-21 04:18:40.016  7173  7173 I A0D001/com.shusen.lprdemo/LprCamera: RATE arrive=28.29 fps done=28.29 fps dropped_in_win=0 cum_arrived=2290 cum_done=2290 cum_dropped=0 gear=0
09-21 04:18:40.744  7173  7173 I A0D001/com.shusen.lprdemo/LprCamera: STAGE n=2310 conv=5.6486 infer=25.6052 count=0 wh=480x640 rgbaSum=126626261 stages=-
09-21 04:18:41.797  7173  7173 I A0D001/com.shusen.lprdemo/LprCamera: STAGE n=2340 conv=3.3447 infer=22.1628 count=0 wh=480x640 rgbaSum=126699899 stages=-
09-21 04:18:42.029  7173  7173 I A0D001/com.shusen.lprdemo/LprCamera: RATE arrive=27.83 fps done=27.83 fps dropped_in_win=0 cum_arrived=2346 cum_done=2346 cum_dropped=0 gear=0
09-21 04:18:42.943  7173  7173 I A0D001/com.shusen.lprdemo/LprCamera: STAGE n=2370 conv=4.4056 infer=19.4553 count=0 wh=480x640 rgbaSum=126894024 stages=-
09-21 04:18:43.971  7173  7173 I A0D001/com.shusen.lprdemo/LprCamera: STAGE n=2400 conv=2.5662 infer=15.5098 count=0 wh=480x640 rgbaSum=126928857 stages=-
09-21 04:18:44.034  7173  7173 I A0D001/com.shusen.lprdemo/LprCamera: RATE arrive=27.92 fps done=28.41 fps dropped_in_win=0 cum_arrived=2402 cum_done=2403 cum_dropped=0 gear=0
09-21 04:18:44.973  7173  7173 I A0D001/com.shusen.lprdemo/LprCamera: STAGE n=2430 conv=9.6422 infer=17.7405 count=0 wh=480x640 rgbaSum=127047229 stages=-
09-21 04:18:45.973  7173  7173 I A0D001/com.shusen.lprdemo/LprCamera: STAGE n=2460 conv=2.0147 infer=22.0284 count=0 wh=480x640 rgbaSum=126947882 stages=-
09-21 04:18:46.038  7173  7173 I A0D001/com.shusen.lprdemo/LprCamera: RATE arrive=29.94 fps done=29.94 fps dropped_in_win=0 cum_arrived=2462 cum_done=2463 cum_dropped=0 gear=0
09-21 04:18:46.998  7173  7173 I A0D001/com.shusen.lprdemo/LprCamera: STAGE n=2490 conv=2.7284 infer=19.9669 count=0 wh=480x640 rgbaSum=126745759 stages=-
09-21 04:18:47.665  7173  7173 I A0D001/com.shusen.lprdemo/LprCamera: STAGE n=0 conv=2.5130 infer=14.9516 count=0 wh=480x640 rgbaSum=126738721 stages=-
09-21 04:18:47.685  7173  7173 I A0D001/com.shusen.lprdemo/LprCamera: GEAR <private> <private> 就绪（不加载模型）
09-21 04:18:47.685  7173  7173 I A0D001/com.shusen.lprdemo/LprCamera: GEAR 3 apply ok=1 status=实时识别中 · 基准：只取帧不推理
09-21 04:18:50.048  7173  7173 I A0D001/com.shusen.lprdemo/LprCamera: RATE arrive=30.50 fps done=30.50 fps dropped_in_win=0 cum_arrived=61 cum_done=61 cum_dropped=0 gear=3
09-21 04:18:52.087  7173  7173 I A0D001/com.shusen.lprdemo/LprCamera: RATE arrive=29.93 fps done=29.93 fps dropped_in_win=0 cum_arrived=122 cum_done=122 cum_dropped=0 gear=3
09-21 04:18:54.118  7173  7173 I A0D001/com.shusen.lprdemo/LprCamera: RATE arrive=30.02 fps done=30.02 fps dropped_in_win=0 cum_arrived=183 cum_done=183 cum_dropped=0 gear=3
09-21 04:18:56.146  7173  7173 I A0D001/com.shusen.lprdemo/LprCamera: RATE arrive=30.08 fps done=30.08 fps dropped_in_win=0 cum_arrived=244 cum_done=244 cum_dropped=0 gear=3
09-21 04:18:58.153  7173  7173 I A0D001/com.shusen.lprdemo/LprCamera: RATE arrive=29.90 fps done=29.90 fps dropped_in_win=0 cum_arrived=304 cum_done=304 cum_dropped=0 gear=3
09-21 04:19:00.175  7173  7173 I A0D001/com.shusen.lprdemo/LprCamera: RATE arrive=30.17 fps done=30.17 fps dropped_in_win=0 cum_arrived=365 cum_done=365 cum_dropped=0 gear=3
09-21 04:19:02.207  7173  7173 I A0D001/com.shusen.lprdemo/LprCamera: RATE arrive=30.02 fps done=30.02 fps dropped_in_win=0 cum_arrived=426 cum_done=426 cum_dropped=0 gear=3
09-21 04:19:04.234  7173  7173 I A0D001/com.shusen.lprdemo/LprCamera: RATE arrive=30.09 fps done=30.09 fps dropped_in_win=0 cum_arrived=487 cum_done=487 cum_dropped=0 gear=3
09-21 04:19:05.509  7173  7173 I A0D001/com.shusen.lprdemo/LprCamera: GEAR 0 rawlen det=271 rec=344 cls=260
09-21 04:19:05.509  7173  7173 I A0D001/com.shusen.lprdemo/LprCamera: GEAR 0 LOADED det=CPU rec=NNRT:NPU_ohos.boot.hardware.kirin8020_v2_0 cls=CPU warmup=10
09-21 04:19:05.509  7173  7173 I A0D001/com.shusen.lprdemo/LprCamera: GEAR 0 apply ok=1 status=实时识别中 · 生产 det=CPU rec=NPU cls=CPU
09-21 04:19:05.571  7173  7173 I A0D001/com.shusen.lprdemo/LprCamera: STAGE n=0 conv=3.1428 infer=25.1902 count=0 wh=480x640 rgbaSum=124265456 stages=-
09-21 04:19:05.910  7173  7173 I A0D001/com.shusen.lprdemo/LprCamera: STAGE n=0 conv=8.5456 infer=18.2225 count=0 wh=480x640 rgbaSum=124571849 stages=-
09-21 04:19:06.906  7173  7173 I A0D001/com.shusen.lprdemo/LprCamera: STAGE n=30 conv=4.9516 infer=24.8427 count=0 wh=480x640 rgbaSum=124826900 stages=-
09-21 04:19:07.936  7173  7173 I A0D001/com.shusen.lprdemo/LprCamera: RATE arrive=29.12 fps done=28.63 fps dropped_in_win=0 cum_arrived=59 cum_done=58 cum_dropped=0 gear=0
09-21 04:19:08.045  7173  7173 I A0D001/com.shusen.lprdemo/LprCamera: STAGE n=60 conv=12.0139 infer=24.3144 count=0 wh=480x640 rgbaSum=124291927 stages=-
09-21 04:19:09.076  7173  7173 I A0D001/com.shusen.lprdemo/LprCamera: STAGE n=90 conv=6.8652 infer=19.1702 count=0 wh=480x640 rgbaSum=124422546 stages=-
09-21 04:19:09.955  7173  7173 I A0D001/com.shusen.lprdemo/LprCamera: RATE arrive=28.23 fps done=28.23 fps dropped_in_win=0 cum_arrived=116 cum_done=115 cum_dropped=0 gear=0
09-21 04:19:10.161  7173  7173 I A0D001/com.shusen.lprdemo/LprCamera: STAGE n=120 conv=2.0016 infer=21.8958 count=0 wh=480x640 rgbaSum=124779380 stages=-
09-21 04:19:11.240  7173  7173 I A0D001/com.shusen.lprdemo/LprCamera: STAGE n=150 conv=7.4100 infer=24.8866 count=0 wh=480x640 rgbaSum=124977260 stages=-
09-21 04:19:11.971  7173  7173 I A0D001/com.shusen.lprdemo/LprCamera: RATE arrive=27.78 fps done=28.27 fps dropped_in_win=0 cum_arrived=172 cum_done=172 cum_dropped=0 gear=0
09-21 04:19:12.263  7173  7173 I A0D001/com.shusen.lprdemo/LprCamera: STAGE n=180 conv=2.3923 infer=21.3306 count=0 wh=480x640 rgbaSum=124764213 stages=-
09-21 04:19:13.305  7173  7173 I A0D001/com.shusen.lprdemo/LprCamera: STAGE n=210 conv=5.7645 infer=19.3386 count=0 wh=480x640 rgbaSum=124671393 stages=-
09-21 04:19:13.975  7173  7173 I A0D001/com.shusen.lprdemo/LprCamera: RATE arrive=29.44 fps done=29.44 fps dropped_in_win=0 cum_arrived=231 cum_done=231 cum_dropped=0 gear=0
09-21 04:19:14.373  7173  7173 I A0D001/com.shusen.lprdemo/LprCamera: STAGE n=240 conv=10.4559 infer=20.9917 count=0 wh=480x640 rgbaSum=124592212 stages=-
09-21 04:19:15.463  7173  7173 I A0D001/com.shusen.lprdemo/LprCamera: STAGE n=270 conv=2.0219 infer=24.0531 count=0 wh=480x640 rgbaSum=124744938 stages=-
09-21 04:19:15.980  7173  7173 I A0D001/com.shusen.lprdemo/LprCamera: RATE arrive=27.43 fps done=26.93 fps dropped_in_win=0 cum_arrived=286 cum_done=285 cum_dropped=0 gear=0
09-21 04:19:16.561  7173  7173 I A0D001/com.shusen.lprdemo/LprCamera: STAGE n=300 conv=3.1075 infer=16.0736 count=0 wh=480x640 rgbaSum=124841273 stages=-
09-21 04:19:17.602  7173  7173 I A0D001/com.shusen.lprdemo/LprCamera: STAGE n=330 conv=2.2819 infer=24.5609 count=0 wh=480x640 rgbaSum=125027978 stages=-
09-21 04:19:18.011  7173  7173 I A0D001/com.shusen.lprdemo/LprCamera: RATE arrive=28.56 fps done=28.56 fps dropped_in_win=0 cum_arrived=344 cum_done=343 cum_dropped=0 gear=0
09-21 04:19:18.668  7173  7173 I A0D001/com.shusen.lprdemo/LprCamera: STAGE n=360 conv=2.2014 infer=22.9597 count=0 wh=480x640 rgbaSum=124631381 stages=-
09-21 04:19:19.721  7173  7173 I A0D001/com.shusen.lprdemo/LprCamera: STAGE n=390 conv=2.3762 infer=19.1288 count=0 wh=480x640 rgbaSum=124685827 stages=-
09-21 04:19:20.020  7173  7173 I A0D001/com.shusen.lprdemo/LprCamera: RATE arrive=27.87 fps done=28.37 fps dropped_in_win=0 cum_arrived=400 cum_done=400 cum_dropped=0 gear=0
09-21 04:19:20.770  7173  7173 I A0D001/com.shusen.lprdemo/LprCamera: STAGE n=420 conv=6.5572 infer=21.0389 count=0 wh=480x640 rgbaSum=124819660 stages=-
09-21 04:19:21.768  7173  7173 I A0D001/com.shusen.lprdemo/LprCamera: STAGE n=450 conv=9.8133 infer=19.6097 count=0 wh=480x640 rgbaSum=124642532 stages=-
09-21 04:19:22.022  7173  7173 I A0D001/com.shusen.lprdemo/LprCamera: RATE arrive=29.47 fps done=29.47 fps dropped_in_win=0 cum_arrived=459 cum_done=459 cum_dropped=0 gear=0
09-21 04:19:22.748  7173  7173 I A0D001/com.shusen.lprdemo/LprCamera: STAGE n=480 conv=2.4845 infer=15.8334 count=0 wh=480x640 rgbaSum=124412004 stages=-
09-21 04:19:23.754  7173  7173 I A0D001/com.shusen.lprdemo/LprCamera: STAGE n=510 conv=2.0331 infer=16.7384 count=0 wh=480x640 rgbaSum=124663364 stages=-
09-21 04:19:24.046  7173  7173 I A0D001/com.shusen.lprdemo/LprCamera: RATE arrive=29.64 fps done=29.15 fps dropped_in_win=0 cum_arrived=519 cum_done=518 cum_dropped=0 gear=0
09-21 04:19:24.870  7173  7173 I A0D001/com.shusen.lprdemo/LprCamera: STAGE n=540 conv=10.2195 infer=22.1434 count=0 wh=480x640 rgbaSum=124442644 stages=-
09-21 04:19:26.077  7173  7173 I A0D001/com.shusen.lprdemo/LprCamera: RATE arrive=25.62 fps done=25.62 fps dropped_in_win=0 cum_arrived=571 cum_done=570 cum_dropped=0 gear=0
09-21 04:19:26.111  7173  7173 I A0D001/com.shusen.lprdemo/LprCamera: STAGE n=570 conv=3.1456 infer=23.8506 count=0 wh=480x640 rgbaSum=124471995 stages=-
09-21 04:19:27.126  7173  7173 I A0D001/com.shusen.lprdemo/LprCamera: STAGE n=600 conv=2.6787 infer=20.8242 count=0 wh=480x640 rgbaSum=124496590 stages=-
09-21 04:19:28.090  7173  7173 I A0D001/com.shusen.lprdemo/LprCamera: RATE arrive=28.30 fps done=28.80 fps dropped_in_win=0 cum_arrived=628 cum_done=628 cum_dropped=0 gear=0
09-21 04:19:28.208  7173  7173 I A0D001/com.shusen.lprdemo/LprCamera: STAGE n=630 conv=10.7862 infer=26.4848 count=0 wh=480x640 rgbaSum=124626753 stages=-
09-21 04:19:29.250  7173  7173 I A0D001/com.shusen.lprdemo/LprCamera: STAGE n=660 conv=1.7644 infer=18.7020 count=0 wh=480x640 rgbaSum=124644178 stages=-
09-21 04:19:30.097  7173  7173 I A0D001/com.shusen.lprdemo/LprCamera: RATE arrive=28.90 fps done=28.40 fps dropped_in_win=0 cum_arrived=686 cum_done=685 cum_dropped=0 gear=0
09-21 04:19:30.299  7173  7173 I A0D001/com.shusen.lprdemo/LprCamera: STAGE n=690 conv=2.0394 infer=21.2988 count=0 wh=480x640 rgbaSum=124664233 stages=-
09-21 04:19:31.331  7173  7173 I A0D001/com.shusen.lprdemo/LprCamera: STAGE n=720 conv=8.0264 infer=20.6334 count=0 wh=480x640 rgbaSum=124779267 stages=-
09-21 04:19:32.118  7173  7173 I A0D001/com.shusen.lprdemo/LprCamera: RATE arrive=29.19 fps done=29.69 fps dropped_in_win=0 cum_arrived=745 cum_done=745 cum_dropped=0 gear=0
09-21 04:19:32.349  7173  7173 I A0D001/com.shusen.lprdemo/LprCamera: STAGE n=750 conv=2.0688 infer=18.6911 count=0 wh=480x640 rgbaSum=124530694 stages=-
